MPLINK 5.00, LINKER
Linker Map File - Created Thu Jan 01 18:41:23 2015

                                 Section Info
                  Section       Type    Address   Location Size(Bytes)
                ---------  ---------  ---------  ---------  ---------
               _entry_scn       code   0x000000    program   0x000006
           .code___init.o       code   0x000006    program   0x000002
              hightVector       code   0x000008    program   0x000006
          .romdata_Main.o    romdata   0x00000e    program   0x000006
           .idata_UDP.o_i    romdata   0x000014    program   0x000002
           .idata_TCP.o_i    romdata   0x000016    program   0x000002
                lowVector       code   0x000018    program   0x000006
                   .cinit    romdata   0x00001e    program   0x00007a
              .code_TCP.o       code   0x000098    program   0x00555c
         .code_ENC28J60.o       code   0x0055f4    program   0x001824
              .code_UDP.o       code   0x006e18    program   0x001278
          .code_Helpers.o       code   0x008090    program   0x000dfe
             .code_ftoa.o       code   0x008e8e    program   0x0009d2
             .code_Main.o       code   0x009860    program   0x0006a6
              .code_ARP.o       code   0x009f06    program   0x0005ae
                     PROG       code   0x00a4b4    program   0x00055a
             .code_TIOS.o       code   0x00aa0e    program   0x0004ae
             .code_ICMP.o       code   0x00aebc    program   0x0003f2
               .code_IP.o       code   0x00b2ae    program   0x0003ee
            .code_1wire.o       code   0x00b69c    program   0x0003e8
         .code_Announce.o       code   0x00ba84    program   0x0002a8
         .code_StackTsk.o       code   0x00bd2c    program   0x00027a
       .code_writeOnLCD.o       code   0x00bfa6    program   0x0001d8
                   STRING       code   0x00c17e    program   0x00018c
             .code_Tick.o       code   0x00c30a    program   0x000138
         .code_openxlcd.o       code   0x00c442    program   0x0000ba
               _cinit_scn       code   0x00c4fc    program   0x00009e
             .stringtable    romdata   0x00c59a    program   0x000087
      .idata_setddram.o_i    romdata   0x00c621    program   0x000000
      .romdata_setcgram.o    romdata   0x00c621    program   0x000000
      .idata_setcgram.o_i    romdata   0x00c621    program   0x000000
      .romdata_readdata.o    romdata   0x00c621    program   0x000000
      .romdata_setddram.o    romdata   0x00c621    program   0x000000
      .idata_wcmdxlcd.o_i    romdata   0x00c621    program   0x000000
      .romdata_wcmdxlcd.o    romdata   0x00c621    program   0x000000
      .idata_writdata.o_i    romdata   0x00c621    program   0x000000
      .idata_readdata.o_i    romdata   0x00c621    program   0x000000
      .romdata_readaddr.o    romdata   0x00c621    program   0x000000
      .romdata_writdata.o    romdata   0x00c621    program   0x000000
      .idata_readaddr.o_i    romdata   0x00c621    program   0x000000
      .romdata_putsxlcd.o    romdata   0x00c621    program   0x000000
        .romdata___init.o    romdata   0x00c621    program   0x000000
        .idata___init.o_i    romdata   0x00c621    program   0x000000
      .romdata_fxd3232u.o    romdata   0x00c621    program   0x000000
      .idata_fxd3232u.o_i    romdata   0x00c621    program   0x000000
      .romdata_fxd1616u.o    romdata   0x00c621    program   0x000000
      .idata_fxd1616u.o_i    romdata   0x00c621    program   0x000000
          .romdata_ftoa.o    romdata   0x00c621    program   0x000000
          .idata_ftoa.o_i    romdata   0x00c621    program   0x000000
         .romdata_1wire.o    romdata   0x00c621    program   0x000000
          .romdata_TIOS.o    romdata   0x00c621    program   0x000000
     .romdata_My_TIMERS.o    romdata   0x00c621    program   0x000000
     .idata_My_TIMERS.o_i    romdata   0x00c621    program   0x000000
      .romdata_hardware.o    romdata   0x00c621    program   0x000000
      .idata_hardware.o_i    romdata   0x00c621    program   0x000000
    .romdata_delaysXLCD.o    romdata   0x00c621    program   0x000000
    .idata_delaysXLCD.o_i    romdata   0x00c621    program   0x000000
    .romdata_writeOnLCD.o    romdata   0x00c621    program   0x000000
    .idata_writeOnLCD.o_i    romdata   0x00c621    program   0x000000
           .romdata_UDP.o    romdata   0x00c621    program   0x000000
          .romdata_Tick.o    romdata   0x00c621    program   0x000000
.romdata_TCPPerformanceTest.o    romdata   0x00c621    program   0x000000
.idata_TCPPerformanceTest.o_i    romdata   0x00c621    program   0x000000
      .romdata_StackTsk.o    romdata   0x00c621    program   0x000000
      .idata_StackTsk.o_i    romdata   0x00c621    program   0x000000
      .romdata_PICDelay.o    romdata   0x00c621    program   0x000000
      .idata_PICDelay.o_i    romdata   0x00c621    program   0x000000
            .romdata_IP.o    romdata   0x00c621    program   0x000000
          .romdata_ICMP.o    romdata   0x00c621    program   0x000000
          .idata_ICMP.o_i    romdata   0x00c621    program   0x000001
       .romdata_Helpers.o    romdata   0x00c621    program   0x000000
      .romdata_ENC28J60.o    romdata   0x00c621    program   0x000000
           .romdata_DNS.o    romdata   0x00c621    program   0x000000
      .romdata_Announce.o    romdata   0x00c621    program   0x000000
           .romdata_ARP.o    romdata   0x00c621    program   0x000000
         .romdata_c018i.o    romdata   0x00c621    program   0x000000
         .idata_c018i.o_i    romdata   0x00c621    program   0x000000
      .idata_putsxlcd.o_i    romdata   0x00c621    program   0x000000
      .romdata_putrxlcd.o    romdata   0x00c621    program   0x000000
      .idata_putrxlcd.o_i    romdata   0x00c621    program   0x000000
      .romdata_openxlcd.o    romdata   0x00c621    program   0x000000
      .idata_openxlcd.o_i    romdata   0x00c621    program   0x000000
      .romdata_busyxlcd.o    romdata   0x00c621    program   0x000000
      .idata_busyxlcd.o_i    romdata   0x00c621    program   0x000000
.idata_UDPPerformanceTest.o_i    romdata   0x00c621    program   0x000000
.romdata_UDPPerformanceTest.o    romdata   0x00c621    program   0x000000
         .code_PICDelay.o       code   0x00c622    program   0x000062
        .code_My_TIMERS.o       code   0x00c684    program   0x00005a
         .code_setddram.o       code   0x00c6de    program   0x000050
         .code_setcgram.o       code   0x00c72e    program   0x000050
         .code_putrxlcd.o       code   0x00c77e    program   0x00004e
         .code_writdata.o       code   0x00c7cc    program   0x00004c
         .code_wcmdxlcd.o       code   0x00c818    program   0x00004c
         .code_putsxlcd.o       code   0x00c864    program   0x00004a
         .code_hardware.o       code   0x00c8ae    program   0x00004a
         .code_fxd3232u.o       code   0x00c8f8    program   0x000048
         .code_readdata.o       code   0x00c940    program   0x000044
         .code_readaddr.o       code   0x00c984    program   0x000044
       .code_delaysXLCD.o       code   0x00c9c8    program   0x00003e
         .code_busyxlcd.o       code   0x00ca06    program   0x000036
             D10KTCYXCODE       code   0x00ca3c    program   0x00002e
         .code_fxd1616u.o       code   0x00ca6a    program   0x00002c
              D1KTCYXCODE       code   0x00ca96    program   0x000020
                    .code       code   0x00cab6    program   0x000020
             _startup_scn       code   0x00cad6    program   0x00001c
              D10TCYXCODE       code   0x00caf2    program   0x000016
           .romdata_TCP.o    romdata   0x00cb08    program   0x000012
          .idata_Tick.o_i    romdata   0x00cb1a    program   0x000004
          .idata_TIOS.o_i    romdata   0x00cb1e    program   0x000003
          .idata_Main.o_i    romdata   0x00cb21    program   0x000013
            .idata_IP.o_i    romdata   0x00cb34    program   0x000002
       .idata_Helpers.o_i    romdata   0x00cb36    program   0x000004
      .idata_ENC28J60.o_i    romdata   0x00cb3a    program   0x000000
           .idata_DNS.o_i    romdata   0x00cb3a    program   0x000000
      .idata_Announce.o_i    romdata   0x00cb3a    program   0x000001
           .idata_ARP.o_i    romdata   0x00cb3b    program   0x000001
.code_TCPPerformanceTest.o       code   0x00cb3c    program   0x000000
            .code_c018i.o       code   0x00cb3c    program   0x000000
.code_UDPPerformanceTest.o       code   0x00cb3c    program   0x000000
         .idata_1wire.o_i    romdata   0x00cb3c    program   0x000000
              .code_DNS.o       code   0x00cb3c    program   0x000000
    .config_300001_Main.o    romdata   0x300001    program   0x000001
    .config_300002_Main.o    romdata   0x300002    program   0x000001
    .config_300003_Main.o    romdata   0x300003    program   0x000001
    .config_300006_Main.o    romdata   0x300006    program   0x000001
                MATH_DATA      udata   0x000000       data   0x000014
                 .tmpdata      udata   0x000014       data   0x00000e
                DELAYDAT2      udata   0x000022       data   0x000001
                DELAYDAT1      udata   0x000023       data   0x000001
                 TCB_uRAM      udata   0x000060       data   0x000054
            .udata_TIOS.o      udata   0x0000b4       data   0x00003f
        .udata_StackTsk.o      udata   0x0000f3       data   0x00000b
             .idata_UDP.o      idata   0x0000fe       data   0x000002
             .udata_UDP.o      udata   0x000100       data   0x0000c4
       SYN_QUEUE_RAM_SECT      udata   0x0001c4       data   0x00003c
             .udata_TCP.o      udata   0x000200       data   0x000051
            .udata_Main.o      udata   0x000251       data   0x000051
           .udata_c018i.o      udata   0x0002a2       data   0x00000a
            .udata_Tick.o      udata   0x0002ac       data   0x000006
        .udata_ENC28J60.o      udata   0x0002b2       data   0x000006
         .udata_Helpers.o      udata   0x0002b8       data   0x000004
            .idata_Tick.o      idata   0x0002bc       data   0x000004
         .idata_Helpers.o      idata   0x0002c0       data   0x000004
            .idata_TIOS.o      idata   0x0002c4       data   0x000003
             .idata_TCP.o      idata   0x0002c7       data   0x000002
              .idata_IP.o      idata   0x0002c9       data   0x000002
              temp_tblptr      udata   0x0002cb       data   0x000001
              .udata_IP.o      udata   0x0002cc       data   0x000001
        .udata_Announce.o      udata   0x0002cd       data   0x000001
            .idata_ICMP.o      idata   0x0002ce       data   0x000001
        .idata_Announce.o      idata   0x0002cf       data   0x000001
             .idata_ARP.o      idata   0x0002d0       data   0x000001
      .idata_writeOnLCD.o      idata   0x0002d1       data   0x000000
      .udata_delaysXLCD.o      udata   0x0002d1       data   0x000000
      .udata_writeOnLCD.o      udata   0x0002d1       data   0x000000
        .idata_writdata.o      idata   0x0002d1       data   0x000000
        .udata_writdata.o      udata   0x0002d1       data   0x000000
        .idata_wcmdxlcd.o      idata   0x0002d1       data   0x000000
      .idata_delaysXLCD.o      idata   0x0002d1       data   0x000000
        .udata_hardware.o      udata   0x0002d1       data   0x000000
        .idata_hardware.o      idata   0x0002d1       data   0x000000
        .udata_wcmdxlcd.o      udata   0x0002d1       data   0x000000
       .udata_My_TIMERS.o      udata   0x0002d1       data   0x000000
       .idata_My_TIMERS.o      idata   0x0002d1       data   0x000000
           .udata_1wire.o      udata   0x0002d1       data   0x000000
           .idata_1wire.o      idata   0x0002d1       data   0x000000
            .udata_ftoa.o      udata   0x0002d1       data   0x000000
            .idata_ftoa.o      idata   0x0002d1       data   0x000000
          .idata___init.o      idata   0x0002d1       data   0x000000
        .udata_fxd1616u.o      udata   0x0002d1       data   0x000000
        .idata_fxd1616u.o      idata   0x0002d1       data   0x000000
        .udata_fxd3232u.o      udata   0x0002d1       data   0x000000
        .idata_fxd3232u.o      idata   0x0002d1       data   0x000000
          .udata___init.o      udata   0x0002d1       data   0x000000
           .idata_c018i.o      idata   0x0002d1       data   0x000000
             .udata_DNS.o      udata   0x0002d1       data   0x000000
             .idata_DNS.o      idata   0x0002d1       data   0x000000
        .idata_ENC28J60.o      idata   0x0002d1       data   0x000000
        .udata_PICDelay.o      udata   0x0002d1       data   0x000000
        .idata_PICDelay.o      idata   0x0002d1       data   0x000000
        .idata_StackTsk.o      idata   0x0002d1       data   0x000000
.udata_TCPPerformanceTest.o      udata   0x0002d1       data   0x000000
.idata_TCPPerformanceTest.o      idata   0x0002d1       data   0x000000
.udata_UDPPerformanceTest.o      udata   0x0002d1       data   0x000000
.idata_UDPPerformanceTest.o      idata   0x0002d1       data   0x000000
        .udata_busyxlcd.o      udata   0x0002d1       data   0x000000
        .idata_busyxlcd.o      idata   0x0002d1       data   0x000000
        .idata_setddram.o      idata   0x0002d1       data   0x000000
        .udata_setddram.o      udata   0x0002d1       data   0x000000
        .idata_setcgram.o      idata   0x0002d1       data   0x000000
        .udata_setcgram.o      udata   0x0002d1       data   0x000000
        .idata_readdata.o      idata   0x0002d1       data   0x000000
        .udata_readdata.o      udata   0x0002d1       data   0x000000
        .idata_readaddr.o      idata   0x0002d1       data   0x000000
        .udata_readaddr.o      udata   0x0002d1       data   0x000000
        .idata_putsxlcd.o      idata   0x0002d1       data   0x000000
        .udata_putsxlcd.o      udata   0x0002d1       data   0x000000
        .idata_putrxlcd.o      idata   0x0002d1       data   0x000000
        .udata_putrxlcd.o      udata   0x0002d1       data   0x000000
        .idata_openxlcd.o      idata   0x0002d1       data   0x000000
        .udata_openxlcd.o      udata   0x0002d1       data   0x000000
                   .stack      udata   0x000e00       data   0x000100
             .udata_ARP.o      udata   0x000f00       data   0x000014
            .idata_Main.o      idata   0x000f14       data   0x000013
            .udata_ICMP.o      udata   0x000f27       data   0x000011
              SFR_BANKED0      udata   0x000f38       data   0x000028
            SFR_UNBANKED0      udata   0x000f60       data   0x0000a0



                              Program Memory Usage 
                               Start         End      
                           ---------   ---------      
                            0x000000    0x00cb3b      
                            0x300001    0x300003      
                            0x300006    0x300006      
            52032 out of 66584 program addresses used, program memory utilization is 78%



                              Symbols - Sorted by Name
                     Name    Address   Location    Storage File                     
                ---------  ---------  ---------  --------- ---------                
                  ARPInit   0x00a05c    program     extern C:\Users\Manager\MPLABXProjects\TEMS-Integrated\ARP.c
            ARPIsResolved   0x00a31a    program     extern C:\Users\Manager\MPLABXProjects\TEMS-Integrated\ARP.c
               ARPProcess   0x00a074    program     extern C:\Users\Manager\MPLABXProjects\TEMS-Integrated\ARP.c
                   ARPPut   0x009f06    program     static C:\Users\Manager\MPLABXProjects\TEMS-Integrated\ARP.c
               ARPResolve   0x00a240    program     extern C:\Users\Manager\MPLABXProjects\TEMS-Integrated\ARP.c
               AnnounceIP   0x00ba84    program     extern C:\Users\Manager\MPLABXProjects\TEMS-Integrated\Announce.c
                   BFCReg   0x006c18    program     static C:\Users\Manager\MPLABXProjects\TEMS-Integrated\ENC28J60.c
                   BFSReg   0x006c54    program     static C:\Users\Manager\MPLABXProjects\TEMS-Integrated\ENC28J60.c
                  BankSel   0x006d08    program     static C:\Users\Manager\MPLABXProjects\TEMS-Integrated\ENC28J60.c
                 BusyXLCD   0x00ca06    program     extern C:\Users\Manager\MPLABXProjects\TEMS-Integrated\fcts\LCD\busyxlcd.c
        ButtonsManagement   0x009904    program     extern C:\Users\Manager\MPLABXProjects\TEMS-Integrated\Main.c
     CalcIPBufferChecksum   0x006210    program     extern C:\Users\Manager\MPLABXProjects\TEMS-Integrated\ENC28J60.c
           CalcIPChecksum   0x008b92    program     extern C:\Users\Manager\MPLABXProjects\TEMS-Integrated\Helpers.c
              CloseSocket   0x003b88    program     static C:\Users\Manager\MPLABXProjects\TEMS-Integrated\TCP.c
      Convert_Temperature   0x00b8da    program     extern C:\Users\Manager\MPLABXProjects\TEMS-Integrated\fcts\Temperature\1wire.c
                   D10K_1   0x00ca48    program     static E:\3.46\pic18-lt\cxx-framework\src\traditional\delays\d10ktcyx.asm
                    D10Kl   0x00ca54    program     static E:\3.46\pic18-lt\cxx-framework\src\traditional\delays\d10ktcyx.asm
                    D10Kx   0x00ca46    program     static E:\3.46\pic18-lt\cxx-framework\src\traditional\delays\d10ktcyx.asm
                    D10_1   0x00cb02    program     static E:\3.46\pic18-lt\cxx-framework\src\traditional\delays\d10tcyx.asm
                     D10x   0x00cafa    program     static E:\3.46\pic18-lt\cxx-framework\src\traditional\delays\d10tcyx.asm
                   D1616S   0x00a708    program     static E:\3.46\pic18-lt\cxx-framework\src\traditional\math\fxd1616s.asm
                D1616SNEG   0x00a716    program     static E:\3.46\pic18-lt\cxx-framework\src\traditional\math\fxd1616s.asm
                 D1616SOK   0x00a712    program     static E:\3.46\pic18-lt\cxx-framework\src\traditional\math\fxd1616s.asm
                  D1616SX   0x00a728    program     static E:\3.46\pic18-lt\cxx-framework\src\traditional\math\fxd1616s.asm
                    D1K_1   0x00caa2    program     static E:\3.46\pic18-lt\cxx-framework\src\traditional\delays\d1ktcyx.asm
                     D1Kx   0x00caa0    program     static E:\3.46\pic18-lt\cxx-framework\src\traditional\delays\d1ktcyx.asm
                  DA1616S   0x00a6f8    program     static E:\3.46\pic18-lt\cxx-framework\src\traditional\math\fxd1616s.asm
             Delay10KTCYx   0x00ca3c    program     extern E:\3.46\pic18-lt\cxx-framework\src\traditional\delays\d10ktcyx.asm
              Delay10TCYx   0x00caf2    program     extern E:\3.46\pic18-lt\cxx-framework\src\traditional\delays\d10tcyx.asm
              Delay1KTCYx   0x00ca96    program     extern E:\3.46\pic18-lt\cxx-framework\src\traditional\delays\d1ktcyx.asm
            DelayFor18TCY   0x00c9c8    program     extern C:\Users\Manager\MPLABXProjects\TEMS-Integrated\fcts\LCD\delaysXLCD.c
                  DelayMS   0x00c622    program     extern C:\Users\Manager\MPLABXProjects\TEMS-Integrated\PICDelay.c
             DelayPORXLCD   0x00c9ee    program     extern C:\Users\Manager\MPLABXProjects\TEMS-Integrated\fcts\LCD\delaysXLCD.c
                DelayXLCD   0x00c9fa    program     extern C:\Users\Manager\MPLABXProjects\TEMS-Integrated\fcts\LCD\delaysXLCD.c
            DiscoveryTask   0x00bb98    program     extern C:\Users\Manager\MPLABXProjects\TEMS-Integrated\Announce.c
           DisplayIPValue   0x009d46    program     static C:\Users\Manager\MPLABXProjects\TEMS-Integrated\Main.c
      ENABLE_INTERRUPT_BP   0x00aeae    program     extern C:\Users\Manager\MPLABXProjects\TEMS-Integrated\TIOS.c
       EthernetSocketInit   0x009b48    program     extern C:\Users\Manager\MPLABXProjects\TEMS-Integrated\Main.c
         EthernetSocketRX   0x009c9a    program     extern C:\Users\Manager\MPLABXProjects\TEMS-Integrated\Main.c
         EthernetSocketTX   0x009be8    program     extern C:\Users\Manager\MPLABXProjects\TEMS-Integrated\Main.c
                 FLO1632S   0x00a4b8    program     extern E:\3.46\pic18-lt\cxx-framework\src\traditional\math\cast16FP.asm
                 FLO1632U   0x00a4b4    program     extern E:\3.46\pic18-lt\cxx-framework\src\traditional\math\cast16FP.asm
                    FPA32   0x00a4e0    program     extern E:\3.46\pic18-lt\cxx-framework\src\traditional\math\addFP.asm
                    FPM32   0x00a60c    program     extern E:\3.46\pic18-lt\cxx-framework\src\traditional\math\mulFP.asm
                    FPS32   0x00a4de    program     extern E:\3.46\pic18-lt\cxx-framework\src\traditional\math\addFP.asm
                 FXD1616S   0x00a6e6    program     extern E:\3.46\pic18-lt\cxx-framework\src\traditional\math\fxd1616s.asm
                 FXD1616U   0x00ca6a    program     extern E:\3.46\pic18-lt\cxx-framework\src\traditional\math\fxd1616u.c
                 FXD3232U   0x00c8f8    program     extern E:\3.46\pic18-lt\cxx-framework\src\traditional\math\fxd3232u.c
                 FXM1616S   0x00a732    program     extern E:\3.46\pic18-lt\cxx-framework\src\traditional\math\fxm1616s.asm
                 FXM1616U   0x00a78c    program     extern E:\3.46\pic18-lt\cxx-framework\src\traditional\math\fxm1616u.asm
       FindMatchingSocket   0x007ea6    program     static C:\Users\Manager\MPLABXProjects\TEMS-Integrated\UDP.c
       FindMatchingSocket   0x003398    program     static C:\Users\Manager\MPLABXProjects\TEMS-Integrated\TCP.c
        FormatNetBIOSName   0x008d90    program     extern C:\Users\Manager\MPLABXProjects\TEMS-Integrated\Helpers.c
      GenerateRandomDWORD   0x0081cc    program     extern C:\Users\Manager\MPLABXProjects\TEMS-Integrated\Helpers.c
                GetCLKOUT   0x006ddc    program     extern C:\Users\Manager\MPLABXProjects\TEMS-Integrated\ENC28J60.c
      GetMaxSegSizeOption   0x003c12    program     static C:\Users\Manager\MPLABXProjects\TEMS-Integrated\TCP.c
              GetTickCopy   0x00c31a    program     static C:\Users\Manager\MPLABXProjects\TEMS-Integrated\Tick.c
             HandleTCPSeg   0x003d68    program     static C:\Users\Manager\MPLABXProjects\TEMS-Integrated\TCP.c
           ICMPBeginUsage   0x00b29e    program     extern C:\Users\Manager\MPLABXProjects\TEMS-Integrated\ICMP.c
             ICMPEndUsage   0x00b2a8    program     extern C:\Users\Manager\MPLABXProjects\TEMS-Integrated\ICMP.c
             ICMPGetReply   0x00b0ea    program     extern C:\Users\Manager\MPLABXProjects\TEMS-Integrated\ICMP.c
              ICMPProcess   0x00aebc    program     extern C:\Users\Manager\MPLABXProjects\TEMS-Integrated\ICMP.c
             ICMPSendPing   0x00b0a4    program     extern C:\Users\Manager\MPLABXProjects\TEMS-Integrated\ICMP.c
                  INT3216   0x00a7c8    program     extern E:\3.46\pic18-lt\cxx-framework\src\traditional\math\castFP16.asm
              IPGetHeader   0x00b2ae    program     extern C:\Users\Manager\MPLABXProjects\TEMS-Integrated\IP.c
              IPPutHeader   0x00b418    program     extern C:\Users\Manager\MPLABXProjects\TEMS-Integrated\IP.c
            IPSetRxBuffer   0x00b57a    program     extern C:\Users\Manager\MPLABXProjects\TEMS-Integrated\IP.c
            InitAppConfig   0x009e22    program     static C:\Users\Manager\MPLABXProjects\TEMS-Integrated\Main.c
             InitHardware   0x00c8ae    program     extern C:\Users\Manager\MPLABXProjects\TEMS-Integrated\fcts\OS\hardware.c
                 LFSRRand   0x008146    program     extern C:\Users\Manager\MPLABXProjects\TEMS-Integrated\Helpers.c
             LFSRSeedRand   0x008090    program     extern C:\Users\Manager\MPLABXProjects\TEMS-Integrated\Helpers.c
             LedModeBlink   0x009900    program     extern C:\Users\Manager\MPLABXProjects\TEMS-Integrated\Main.c
        MACCalcRxChecksum   0x006112    program     extern C:\Users\Manager\MPLABXProjects\TEMS-Integrated\ENC28J60.c
             MACDiscardRx   0x005894    program     extern C:\Users\Manager\MPLABXProjects\TEMS-Integrated\ENC28J60.c
                 MACFlush   0x005d26    program     extern C:\Users\Manager\MPLABXProjects\TEMS-Integrated\ENC28J60.c
                   MACGet   0x0067fc    program     extern C:\Users\Manager\MPLABXProjects\TEMS-Integrated\ENC28J60.c
              MACGetArray   0x006832    program     extern C:\Users\Manager\MPLABXProjects\TEMS-Integrated\ENC28J60.c
         MACGetFreeRxSize   0x00592e    program     extern C:\Users\Manager\MPLABXProjects\TEMS-Integrated\ENC28J60.c
             MACGetHeader   0x005a9a    program     extern C:\Users\Manager\MPLABXProjects\TEMS-Integrated\ENC28J60.c
                  MACInit   0x0055f4    program     extern C:\Users\Manager\MPLABXProjects\TEMS-Integrated\ENC28J60.c
              MACIsLinked   0x00586a    program     extern C:\Users\Manager\MPLABXProjects\TEMS-Integrated\ENC28J60.c
         MACIsMemCopyDone   0x0067e8    program     extern C:\Users\Manager\MPLABXProjects\TEMS-Integrated\ENC28J60.c
             MACIsTxReady   0x00587e    program     extern C:\Users\Manager\MPLABXProjects\TEMS-Integrated\ENC28J60.c
          MACMemCopyAsync   0x00643a    program     extern C:\Users\Manager\MPLABXProjects\TEMS-Integrated\ENC28J60.c
             MACPowerDown   0x006d36    program     extern C:\Users\Manager\MPLABXProjects\TEMS-Integrated\ENC28J60.c
               MACPowerUp   0x006d74    program     extern C:\Users\Manager\MPLABXProjects\TEMS-Integrated\ENC28J60.c
                   MACPut   0x006902    program     extern C:\Users\Manager\MPLABXProjects\TEMS-Integrated\ENC28J60.c
              MACPutArray   0x00693a    program     extern C:\Users\Manager\MPLABXProjects\TEMS-Integrated\ENC28J60.c
             MACPutHeader   0x005c68    program     extern C:\Users\Manager\MPLABXProjects\TEMS-Integrated\ENC28J60.c
           MACPutROMArray   0x00699e    program     extern C:\Users\Manager\MPLABXProjects\TEMS-Integrated\ENC28J60.c
            MACSetReadPtr   0x0060a2    program     extern C:\Users\Manager\MPLABXProjects\TEMS-Integrated\ENC28J60.c
        MACSetReadPtrInRx   0x005fa0    program     extern C:\Users\Manager\MPLABXProjects\TEMS-Integrated\ENC28J60.c
           MACSetWritePtr   0x006030    program     extern C:\Users\Manager\MPLABXProjects\TEMS-Integrated\ENC28J60.c
         MyInterruptHight   0x00ad7a    program     extern C:\Users\Manager\MPLABXProjects\TEMS-Integrated\TIOS.c
           MyInterruptLow   0x00ace0    program     extern C:\Users\Manager\MPLABXProjects\TEMS-Integrated\TIOS.c
                   OWInit   0x00b69c    program     extern C:\Users\Manager\MPLABXProjects\TEMS-Integrated\fcts\Temperature\1wire.c
                OWReadBit   0x00b758    program     extern C:\Users\Manager\MPLABXProjects\TEMS-Integrated\fcts\Temperature\1wire.c
               OWReadByte   0x00b846    program     extern C:\Users\Manager\MPLABXProjects\TEMS-Integrated\fcts\Temperature\1wire.c
               OWWriteBit   0x00b6fc    program     extern C:\Users\Manager\MPLABXProjects\TEMS-Integrated\fcts\Temperature\1wire.c
              OWWriteByte   0x00b7c2    program     extern C:\Users\Manager\MPLABXProjects\TEMS-Integrated\fcts\Temperature\1wire.c
                 OpenXLCD   0x00c442    program     extern C:\Users\Manager\MPLABXProjects\TEMS-Integrated\fcts\LCD\openxlcd.c
     ROMStringToIPAddress   0x0085bc    program     extern C:\Users\Manager\MPLABXProjects\TEMS-Integrated\Helpers.c
             ReadAddrXLCD   0x00c984    program     extern C:\Users\Manager\MPLABXProjects\TEMS-Integrated\fcts\LCD\readaddr.c
             ReadDataXLCD   0x00c940    program     extern C:\Users\Manager\MPLABXProjects\TEMS-Integrated\fcts\LCD\readdata.c
               ReadETHReg   0x006aa4    program     static C:\Users\Manager\MPLABXProjects\TEMS-Integrated\ENC28J60.c
               ReadMACReg   0x006adc    program     static C:\Users\Manager\MPLABXProjects\TEMS-Integrated\ENC28J60.c
               ReadPHYReg   0x006b20    program     extern C:\Users\Manager\MPLABXProjects\TEMS-Integrated\ENC28J60.c
         Read_Temperature   0x00b8f6    program     extern C:\Users\Manager\MPLABXProjects\TEMS-Integrated\fcts\Temperature\1wire.c
          SendSystemReset   0x006a04    program     static C:\Users\Manager\MPLABXProjects\TEMS-Integrated\ENC28J60.c
                  SendTCP   0x002bd2    program     static C:\Users\Manager\MPLABXProjects\TEMS-Integrated\TCP.c
     SerializedMACAddress   0x00000e    program     static C:\Users\Manager\MPLABXProjects\TEMS-Integrated\Main.c
             SetCGRamAddr   0x00c72e    program     extern C:\Users\Manager\MPLABXProjects\TEMS-Integrated\fcts\LCD\setcgram.c
                SetCLKOUT   0x006da2    program     extern C:\Users\Manager\MPLABXProjects\TEMS-Integrated\ENC28J60.c
             SetDDRamAddr   0x00c6de    program     extern C:\Users\Manager\MPLABXProjects\TEMS-Integrated\fcts\LCD\setddram.c
        StackApplications   0x00bfa2    program     extern C:\Users\Manager\MPLABXProjects\TEMS-Integrated\StackTsk.c
                StackInit   0x00bd2c    program     extern C:\Users\Manager\MPLABXProjects\TEMS-Integrated\StackTsk.c
                StackTask   0x00bd74    program     extern C:\Users\Manager\MPLABXProjects\TEMS-Integrated\StackTsk.c
        StringToIPAddress   0x0083f4    program     extern C:\Users\Manager\MPLABXProjects\TEMS-Integrated\Helpers.c
            SwapARPPacket   0x00a3dc    program     extern C:\Users\Manager\MPLABXProjects\TEMS-Integrated\ARP.c
             SwapIPHeader   0x00b5b4    program     static C:\Users\Manager\MPLABXProjects\TEMS-Integrated\IP.c
            SwapTCPHeader   0x003958    program     static C:\Users\Manager\MPLABXProjects\TEMS-Integrated\TCP.c
                  SyncTCB   0x000132    program     static C:\Users\Manager\MPLABXProjects\TEMS-Integrated\TCP.c
              SyncTCBStub   0x000098    program     static C:\Users\Manager\MPLABXProjects\TEMS-Integrated\TCP.c
                  TAEQB32   0x00a826    program     extern E:\3.46\pic18-lt\cxx-framework\src\traditional\math\eqFP.asm
                  TAGTB32   0x00a834    program     extern E:\3.46\pic18-lt\cxx-framework\src\traditional\math\gtFP.asm
                  TALTB32   0x00a846    program     extern E:\3.46\pic18-lt\cxx-framework\src\traditional\math\ltFP.asm
        TCPAdjustFIFOSize   0x00504c    program     extern C:\Users\Manager\MPLABXProjects\TEMS-Integrated\TCP.c
                 TCPClose   0x0006ca    program     extern C:\Users\Manager\MPLABXProjects\TEMS-Integrated\TCP.c
               TCPDiscard   0x000f50    program     extern C:\Users\Manager\MPLABXProjects\TEMS-Integrated\TCP.c
            TCPDisconnect   0x00060e    program     extern C:\Users\Manager\MPLABXProjects\TEMS-Integrated\TCP.c
           TCPFindArrayEx   0x001610    program     extern C:\Users\Manager\MPLABXProjects\TEMS-Integrated\TCP.c
                TCPFindEx   0x002184    program     extern C:\Users\Manager\MPLABXProjects\TEMS-Integrated\TCP.c
        TCPFindROMArrayEx   0x001bc4    program     extern C:\Users\Manager\MPLABXProjects\TEMS-Integrated\TCP.c
                 TCPFlush   0x000746    program     extern C:\Users\Manager\MPLABXProjects\TEMS-Integrated\TCP.c
                   TCPGet   0x001002    program     extern C:\Users\Manager\MPLABXProjects\TEMS-Integrated\TCP.c
              TCPGetArray   0x0010f0    program     extern C:\Users\Manager\MPLABXProjects\TEMS-Integrated\TCP.c
         TCPGetRemoteInfo   0x0006f2    program     extern C:\Users\Manager\MPLABXProjects\TEMS-Integrated\TCP.c
         TCPGetRxFIFOFree   0x00133a    program     extern C:\Users\Manager\MPLABXProjects\TEMS-Integrated\TCP.c
         TCPGetTxFIFOFull   0x000ed4    program     extern C:\Users\Manager\MPLABXProjects\TEMS-Integrated\TCP.c
                  TCPInit   0x0001ea    program     extern C:\Users\Manager\MPLABXProjects\TEMS-Integrated\TCP.c
           TCPIsConnected   0x0005e6    program     extern C:\Users\Manager\MPLABXProjects\TEMS-Integrated\TCP.c
            TCPIsGetReady   0x000f9c    program     extern C:\Users\Manager\MPLABXProjects\TEMS-Integrated\TCP.c
            TCPIsPutReady   0x000780    program     extern C:\Users\Manager\MPLABXProjects\TEMS-Integrated\TCP.c
                  TCPOpen   0x0003f4    program     extern C:\Users\Manager\MPLABXProjects\TEMS-Integrated\TCP.c
                  TCPPeek   0x0015d0    program     extern C:\Users\Manager\MPLABXProjects\TEMS-Integrated\TCP.c
             TCPPeekArray   0x0013b0    program     extern C:\Users\Manager\MPLABXProjects\TEMS-Integrated\TCP.c
               TCPProcess   0x0029ce    program     extern C:\Users\Manager\MPLABXProjects\TEMS-Integrated\TCP.c
                   TCPPut   0x00080c    program     extern C:\Users\Manager\MPLABXProjects\TEMS-Integrated\TCP.c
              TCPPutArray   0x000944    program     extern C:\Users\Manager\MPLABXProjects\TEMS-Integrated\TCP.c
           TCPPutROMArray   0x000b86    program     extern C:\Users\Manager\MPLABXProjects\TEMS-Integrated\TCP.c
          TCPPutROMString   0x000e42    program     extern C:\Users\Manager\MPLABXProjects\TEMS-Integrated\TCP.c
             TCPPutString   0x000dc0    program     extern C:\Users\Manager\MPLABXProjects\TEMS-Integrated\TCP.c
               TCPRAMCopy   0x005332    program     static C:\Users\Manager\MPLABXProjects\TEMS-Integrated\TCP.c
            TCPRAMCopyROM   0x00546a    program     static C:\Users\Manager\MPLABXProjects\TEMS-Integrated\TCP.c
     TCPSocketInitializer   0x00cb08    program     extern C:\Users\Manager\MPLABXProjects\TEMS-Integrated\TCPIPConfig.h
                  TCPTick   0x0021d6    program     extern C:\Users\Manager\MPLABXProjects\TEMS-Integrated\TCP.c
              TCPWasReset   0x0005be    program     extern C:\Users\Manager\MPLABXProjects\TEMS-Integrated\TCP.c
             TIMER1_100ms   0x00c6c0    program     extern C:\Users\Manager\MPLABXProjects\TEMS-Integrated\fcts\OS\My_TIMERS.c
              TIMER1_10ms   0x00c6a2    program     extern C:\Users\Manager\MPLABXProjects\TEMS-Integrated\fcts\OS\My_TIMERS.c
               TIMER1_1ms   0x00c684    program     extern C:\Users\Manager\MPLABXProjects\TEMS-Integrated\fcts\OS\My_TIMERS.c
 TIOSEnregistrerCB_Button   0x00ab4e    program     extern C:\Users\Manager\MPLABXProjects\TEMS-Integrated\TIOS.c
  TIOSEnregistrerCB_TIMER   0x00aa60    program     extern C:\Users\Manager\MPLABXProjects\TEMS-Integrated\TIOS.c
          TIOSInitialiser   0x00aa0e    program     extern C:\Users\Manager\MPLABXProjects\TEMS-Integrated\TIOS.c
     TIOSRetirerCB_Button   0x00ab6a    program     extern C:\Users\Manager\MPLABXProjects\TEMS-Integrated\TIOS.c
      TIOSRetirerCB_TIMER   0x00ab72    program     extern C:\Users\Manager\MPLABXProjects\TEMS-Integrated\TIOS.c
                TIOSStart   0x00abd2    program     extern C:\Users\Manager\MPLABXProjects\TEMS-Integrated\TIOS.c
               TSIGN1616A   0x00a77e    program     static E:\3.46\pic18-lt\cxx-framework\src\traditional\math\fxm1616s.asm
         TemperatureProbe   0x009a72    program     extern C:\Users\Manager\MPLABXProjects\TEMS-Integrated\Main.c
TickConvertToMilliseconds   0x00c3ec    program     extern C:\Users\Manager\MPLABXProjects\TEMS-Integrated\Tick.c
                  TickGet   0x00c340    program     extern C:\Users\Manager\MPLABXProjects\TEMS-Integrated\Tick.c
            TickGetDiv256   0x00c354    program     extern C:\Users\Manager\MPLABXProjects\TEMS-Integrated\Tick.c
            TickGetDiv64K   0x00c3a0    program     extern C:\Users\Manager\MPLABXProjects\TEMS-Integrated\Tick.c
                 TickInit   0x00c30a    program     extern C:\Users\Manager\MPLABXProjects\TEMS-Integrated\Tick.c
               TickUpdate   0x00c42e    program     extern C:\Users\Manager\MPLABXProjects\TEMS-Integrated\Tick.c
                 UDPClose   0x007382    program     extern C:\Users\Manager\MPLABXProjects\TEMS-Integrated\UDP.c
               UDPDiscard   0x007c68    program     extern C:\Users\Manager\MPLABXProjects\TEMS-Integrated\UDP.c
                 UDPFlush   0x007862    program     extern C:\Users\Manager\MPLABXProjects\TEMS-Integrated\UDP.c
                   UDPGet   0x007b46    program     extern C:\Users\Manager\MPLABXProjects\TEMS-Integrated\UDP.c
              UDPGetArray   0x007b90    program     extern C:\Users\Manager\MPLABXProjects\TEMS-Integrated\UDP.c
                  UDPInit   0x006e18    program     extern C:\Users\Manager\MPLABXProjects\TEMS-Integrated\UDP.c
            UDPIsGetReady   0x007afc    program     extern C:\Users\Manager\MPLABXProjects\TEMS-Integrated\UDP.c
              UDPIsOpened   0x007348    program     extern C:\Users\Manager\MPLABXProjects\TEMS-Integrated\UDP.c
            UDPIsPutReady   0x0074b6    program     extern C:\Users\Manager\MPLABXProjects\TEMS-Integrated\UDP.c
                UDPOpenEx   0x006e44    program     extern C:\Users\Manager\MPLABXProjects\TEMS-Integrated\UDP.c
               UDPProcess   0x007c82    program     extern C:\Users\Manager\MPLABXProjects\TEMS-Integrated\UDP.c
                   UDPPut   0x007534    program     extern C:\Users\Manager\MPLABXProjects\TEMS-Integrated\UDP.c
              UDPPutArray   0x00758e    program     extern C:\Users\Manager\MPLABXProjects\TEMS-Integrated\UDP.c
           UDPPutROMArray   0x007674    program     extern C:\Users\Manager\MPLABXProjects\TEMS-Integrated\UDP.c
          UDPPutROMString   0x0077d6    program     extern C:\Users\Manager\MPLABXProjects\TEMS-Integrated\UDP.c
             UDPPutString   0x00775a    program     extern C:\Users\Manager\MPLABXProjects\TEMS-Integrated\UDP.c
           UDPSetRxBuffer   0x007472    program     extern C:\Users\Manager\MPLABXProjects\TEMS-Integrated\UDP.c
           UDPSetTxBuffer   0x007404    program     extern C:\Users\Manager\MPLABXProjects\TEMS-Integrated\UDP.c
                  UDPTask   0x0070aa    program     extern C:\Users\Manager\MPLABXProjects\TEMS-Integrated\UDP.c
             WriteCmdXLCD   0x00c818    program     extern C:\Users\Manager\MPLABXProjects\TEMS-Integrated\fcts\LCD\wcmdxlcd.c
            WriteDataXLCD   0x00c7cc    program     extern C:\Users\Manager\MPLABXProjects\TEMS-Integrated\fcts\LCD\writdata.c
              WritePHYReg   0x006c90    program     extern C:\Users\Manager\MPLABXProjects\TEMS-Integrated\ENC28J60.c
                 WriteReg   0x006bdc    program     static C:\Users\Manager\MPLABXProjects\TEMS-Integrated\ENC28J60.c
              _2jContinue   0x00c23a    program     static E:\3.46\pic18-lt\cxx-framework\src\traditional\stdclib\memset.asm
                   _2jEnd   0x00c2ca    program     static E:\3.46\pic18-lt\cxx-framework\src\traditional\stdclib\slenpgm.asm
              _3jContinue   0x00c206    program     static E:\3.46\pic18-lt\cxx-framework\src\traditional\stdclib\mcpyp2r.asm
                   _3jEnd   0x00c244    program     static E:\3.46\pic18-lt\cxx-framework\src\traditional\stdclib\memset.asm
              _4jContinue   0x00c1b2    program     static E:\3.46\pic18-lt\cxx-framework\src\traditional\stdclib\memcpy.asm
                   _4jEnd   0x00c210    program     static E:\3.46\pic18-lt\cxx-framework\src\traditional\stdclib\mcpyp2r.asm
                   _5jEnd   0x00c1bc    program     static E:\3.46\pic18-lt\cxx-framework\src\traditional\stdclib\memcpy.asm
       _D10KTCYXCODE_0010   0x00ca4c    program     static E:\3.46\pic18-lt\cxx-framework\src\traditional\delays\d10ktcyx.asm
       _D10KTCYXCODE_001C   0x00ca58    program     static E:\3.46\pic18-lt\cxx-framework\src\traditional\delays\d10ktcyx.asm
        _D10TCYXCODE_000A   0x00cafc    program     static E:\3.46\pic18-lt\cxx-framework\src\traditional\delays\d10tcyx.asm
        _D10TCYXCODE_000C   0x00cafe    program     static E:\3.46\pic18-lt\cxx-framework\src\traditional\delays\d10tcyx.asm
        _D10TCYXCODE_000E   0x00cb00    program     static E:\3.46\pic18-lt\cxx-framework\src\traditional\delays\d10tcyx.asm
        _D1KTCYXCODE_0010   0x00caa6    program     static E:\3.46\pic18-lt\cxx-framework\src\traditional\delays\d1ktcyx.asm
        _D1KTCYXCODE_0016   0x00caac    program     static E:\3.46\pic18-lt\cxx-framework\src\traditional\delays\d1ktcyx.asm
              __FpCompare   0x00a858    program     extern E:\3.46\pic18-lt\cxx-framework\src\traditional\math\compFP.asm
                 __FpExit   0x00a90e    program     extern E:\3.46\pic18-lt\cxx-framework\src\traditional\math\packFP.asm
                 __FpPack   0x00a93a    program     extern E:\3.46\pic18-lt\cxx-framework\src\traditional\math\packFP.asm
            __FpReturnNaN   0x00a902    program     extern E:\3.46\pic18-lt\cxx-framework\src\traditional\math\packFP.asm
         __FpReturnNegInf   0x00a914    program     extern E:\3.46\pic18-lt\cxx-framework\src\traditional\math\packFP.asm
        __FpReturnNegZero   0x00a92c    program     extern E:\3.46\pic18-lt\cxx-framework\src\traditional\math\packFP.asm
         __FpReturnPosInf   0x00a91a    program     extern E:\3.46\pic18-lt\cxx-framework\src\traditional\math\packFP.asm
        __FpReturnPosZero   0x00a934    program     extern E:\3.46\pic18-lt\cxx-framework\src\traditional\math\packFP.asm
        __FpReturnSignInf   0x00a910    program     extern E:\3.46\pic18-lt\cxx-framework\src\traditional\math\packFP.asm
       __FpReturnSignZero   0x00a928    program     extern E:\3.46\pic18-lt\cxx-framework\src\traditional\math\packFP.asm
              __FpReturnW   0x00a992    program     extern E:\3.46\pic18-lt\cxx-framework\src\traditional\math\packFP.asm
              __FpUnPackA   0x00a9b2    program     extern E:\3.46\pic18-lt\cxx-framework\src\traditional\math\UnpackFP.asm
              __FpUnPackB   0x00a9e2    program     extern E:\3.46\pic18-lt\cxx-framework\src\traditional\math\UnpackFP.asm
           ___do_lbl00002   0x00c338    program     static                          
           ___do_lbl00003   0x00c33c    program     static                          
           ___do_lbl00004   0x00c31a    program     static                          
          ___for_lbl00100   0x008d4c    program     static                          
          ___for_lbl00101   0x008d52    program     static                          
          ___for_lbl00102   0x008d2e    program     static                          
          ___for_lbl00103   0x008d66    program     static                          
          ___for_lbl00104   0x008d6a    program     static                          
          ___for_lbl00105   0x008d52    program     static                          
           ___if_lbl00014   0x0082e0    program     static                          
           ___if_lbl00015   0x0082fe    program     static                          
           ___if_lbl00016   0x008390    program     static                          
           ___if_lbl00017   0x008396    program     static                          
           ___if_lbl00019   0x005ae0    program     static                          
           ___if_lbl00020   0x005aec    program     static                          
           ___if_lbl00026   0x005bd0    program     static                          
           ___if_lbl00029   0x005c48    program     static                          
       ___return_lbl00000   0x000004    program     static                          
       ___return_lbl00000   0x00001c    program     static                          
       ___return_lbl00000   0x00ca94    program     static                          
       ___return_lbl00000   0x00c9ec    program     static                          
       ___return_lbl00000   0x00c93e    program     static                          
       ___return_lbl00001   0x00caf0    program     static                          
       ___return_lbl00001   0x00000c    program     static                          
       ___return_lbl00001   0x00c33e    program     static                          
       ___return_lbl00002   0x00c598    program     static                          
       ___return_lbl00005   0x00b7ae    program     static                          
       ___return_lbl00009   0x0083e0    program     static                          
       ___return_lbl00018   0x005c50    program     static                          
       ___return_lbl00099   0x008d7c    program     static                          
        ___while_lbl00010   0x00823a    program     static                          
        ___while_lbl00011   0x008398    program     static                          
        ___while_lbl00012   0x008242    program     static                          
        ___while_lbl00013   0x008246    program     static                          
               __config_0   0x300001    program     static C:\Users\Manager\MPLABXProjects\TEMS-Integrated\Main.c
               __config_1   0x300002    program     static C:\Users\Manager\MPLABXProjects\TEMS-Integrated\Main.c
               __config_2   0x300003    program     static C:\Users\Manager\MPLABXProjects\TEMS-Integrated\Main.c
               __config_3   0x300006    program     static C:\Users\Manager\MPLABXProjects\TEMS-Integrated\Main.c
                   __init   0x000006    program     extern E:\3.46\pic18-lt\cxx-framework\src\traditional\stdclib\__init.c
               __string_0   0x00c59a    program     static C:\Users\Manager\MPLABXProjects\TEMS-Integrated\Announce.c
               __string_0   0x00c610    program     static C:\Users\Manager\MPLABXProjects\TEMS-Integrated\Main.c
               __string_1   0x00c60f    program     static C:\Users\Manager\MPLABXProjects\TEMS-Integrated\Main.c
              __string_10   0x00c5bf    program     static C:\Users\Manager\MPLABXProjects\TEMS-Integrated\Main.c
              __string_11   0x00c5b6    program     static C:\Users\Manager\MPLABXProjects\TEMS-Integrated\Main.c
               __string_2   0x00c602    program     static C:\Users\Manager\MPLABXProjects\TEMS-Integrated\Main.c
               __string_3   0x00c5fd    program     static C:\Users\Manager\MPLABXProjects\TEMS-Integrated\Main.c
               __string_4   0x00c5f8    program     static C:\Users\Manager\MPLABXProjects\TEMS-Integrated\Main.c
               __string_5   0x00c5ed    program     static C:\Users\Manager\MPLABXProjects\TEMS-Integrated\Main.c
               __string_6   0x00c5dc    program     static C:\Users\Manager\MPLABXProjects\TEMS-Integrated\Main.c
               __string_7   0x00c5cb    program     static C:\Users\Manager\MPLABXProjects\TEMS-Integrated\Main.c
               __string_8   0x00c5c6    program     static C:\Users\Manager\MPLABXProjects\TEMS-Integrated\Main.c
               __string_9   0x00c5c1    program     static C:\Users\Manager\MPLABXProjects\TEMS-Integrated\Main.c
               __tmplbl_0   0x0082a4    program     static                          
              __tmplbl_10   0x005c36    program     static                          
              __tmplbl_11   0x005c28    program     static                          
              __tmplbl_12   0x005c2e    program     static                          
             __tmplbl_151   0x005022    program     static                          
             __tmplbl_153   0x0047e4    program     static                          
             __tmplbl_154   0x005022    program     static                          
             __tmplbl_155   0x005038    program     static                          
             __tmplbl_161   0x005038    program     static                          
             __tmplbl_163   0x005038    program     static                          
             __tmplbl_164   0x005038    program     static                          
             __tmplbl_171   0x005038    program     static                          
             __tmplbl_172   0x005028    program     static                          
             __tmplbl_173   0x005022    program     static                          
             __tmplbl_174   0x005038    program     static                          
             __tmplbl_177   0x005038    program     static                          
             __tmplbl_178   0x00502c    program     static                          
             __tmplbl_191   0x005022    program     static                          
             __tmplbl_192   0x005038    program     static                          
             __tmplbl_193   0x005038    program     static                          
             __tmplbl_194   0x005038    program     static                          
             __tmplbl_195   0x005038    program     static                          
             __tmplbl_196   0x005038    program     static                          
             __tmplbl_197   0x005022    program     static                          
               __tmplbl_3   0x005bce    program     static                          
               __tmplbl_4   0x005bba    program     static                          
               __tmplbl_5   0x005ba4    program     static                          
               __tmplbl_6   0x005b90    program     static                          
               __tmplbl_7   0x005b7a    program     static                          
               __tmplbl_8   0x005b6c    program     static                          
               __tmplbl_9   0x005b6a    program     static                          
            __zero_memory   0x00cab6    program     extern E:\3.46\pic18-lt\cxx-framework\src\traditional\proc\p18f46k22.asm
                _do_cinit   0x00c4fc    program     extern E:\3.46\pic18-lt\cxx-framework\src\traditional\startup\c018i.c
                   _entry   0x000000    program     extern E:\3.46\pic18-lt\cxx-framework\src\traditional\startup\c018i.c
                   _false   0x00c93a    program     static                          
                 _startup   0x00cad6    program     extern E:\3.46\pic18-lt\cxx-framework\src\traditional\startup\c018i.c
         atInterruptHight   0x000008    program     extern C:\Users\Manager\MPLABXProjects\TEMS-Integrated\TIOS.c
           atInterruptLow   0x000018    program     extern C:\Users\Manager\MPLABXProjects\TEMS-Integrated\TIOS.c
             btohexa_high   0x008966    program     extern C:\Users\Manager\MPLABXProjects\TEMS-Integrated\Helpers.c
              btohexa_low   0x00899a    program     extern C:\Users\Manager\MPLABXProjects\TEMS-Integrated\Helpers.c
                compare_l   0x00cacc    program     static E:\3.46\pic18-lt\cxx-framework\src\traditional\proc\p18f46k22.asm
                copy_loop   0x00c56e    program     static                          
            copy_one_byte   0x00c574    program     static                          
                     done   0x00c598    program     static                          
             done_copying   0x00c582    program     static                          
                  endloop   0x00ca90    program     static                          
                     ftoa   0x008e8e    program     extern C:\Users\Manager\MPLABXProjects\TEMS-Integrated\fcts\Temperature\ftoa.c
                  hexatob   0x0088d0    program     extern C:\Users\Manager\MPLABXProjects\TEMS-Integrated\Helpers.c
                 jANotInf   0x00a62a    program     static E:\3.46\pic18-lt\cxx-framework\src\traditional\math\mulFP.asm
                 jANotInf   0x00a508    program     static E:\3.46\pic18-lt\cxx-framework\src\traditional\math\addFP.asm
                 jANotNeg   0x00a59c    program     static E:\3.46\pic18-lt\cxx-framework\src\traditional\math\addFP.asm
              jAandWsetup   0x00a56c    program     static E:\3.46\pic18-lt\cxx-framework\src\traditional\math\addFP.asm
                  jAisNeg   0x00a8d4    program     static E:\3.46\pic18-lt\cxx-framework\src\traditional\math\compFP.asm
                 jAltBexp   0x00a55a    program     static E:\3.46\pic18-lt\cxx-framework\src\traditional\math\addFP.asm
                jBANotInf   0x00a4fe    program     static E:\3.46\pic18-lt\cxx-framework\src\traditional\math\addFP.asm
                 jBNotInf   0x00a516    program     static E:\3.46\pic18-lt\cxx-framework\src\traditional\math\addFP.asm
              jBothFinite   0x00a638    program     static E:\3.46\pic18-lt\cxx-framework\src\traditional\math\mulFP.asm
             jBothNotZero   0x00a644    program     static E:\3.46\pic18-lt\cxx-framework\src\traditional\math\mulFP.asm
             jBothNotZero   0x00a876    program     static E:\3.46\pic18-lt\cxx-framework\src\traditional\math\compFP.asm
            jDifOrPosSign   0x00a52a    program     static E:\3.46\pic18-lt\cxx-framework\src\traditional\math\addFP.asm
                      jEQ   0x00a892    program     static E:\3.46\pic18-lt\cxx-framework\src\traditional\math\compFP.asm
                     jEnd   0x00c218    program     static E:\3.46\pic18-lt\cxx-framework\src\traditional\stdclib\mcpyp2r.asm
                     jEnd   0x00c24c    program     static E:\3.46\pic18-lt\cxx-framework\src\traditional\stdclib\memset.asm
                     jEnd   0x00c278    program     static E:\3.46\pic18-lt\cxx-framework\src\traditional\stdclib\scmpp2r.asm
                     jEnd   0x00c2cc    program     static E:\3.46\pic18-lt\cxx-framework\src\traditional\stdclib\slenpgm.asm
                     jEnd   0x00c308    program     static E:\3.46\pic18-lt\cxx-framework\src\traditional\stdclib\strupr.asm
                     jEnd   0x00c1c2    program     static E:\3.46\pic18-lt\cxx-framework\src\traditional\stdclib\memcpy.asm
                     jEnd   0x00c294    program     static E:\3.46\pic18-lt\cxx-framework\src\traditional\stdclib\strlen.asm
                    jExch   0x00a89e    program     static E:\3.46\pic18-lt\cxx-framework\src\traditional\math\compFP.asm
                    jExit   0x00a824    program     static E:\3.46\pic18-lt\cxx-framework\src\traditional\math\castFP16.asm
                   jExpEQ   0x00a8e4    program     static E:\3.46\pic18-lt\cxx-framework\src\traditional\math\compFP.asm
                   jFinal   0x00a8c8    program     static E:\3.46\pic18-lt\cxx-framework\src\traditional\math\compFP.asm
               jFinalSign   0x00a604    program     static E:\3.46\pic18-lt\cxx-framework\src\traditional\math\addFP.asm
                jHaveZero   0x00a640    program     static E:\3.46\pic18-lt\cxx-framework\src\traditional\math\mulFP.asm
                jI2F16Beg   0x00a4c8    program     static E:\3.46\pic18-lt\cxx-framework\src\traditional\math\cast16FP.asm
                    jLoop   0x00c1a6    program     static E:\3.46\pic18-lt\cxx-framework\src\traditional\stdclib\memcpy.asm
                    jLoop   0x00c1fa    program     static E:\3.46\pic18-lt\cxx-framework\src\traditional\stdclib\mcpyp2r.asm
                    jLoop   0x00c22e    program     static E:\3.46\pic18-lt\cxx-framework\src\traditional\stdclib\memset.asm
                    jLoop   0x00c26c    program     static E:\3.46\pic18-lt\cxx-framework\src\traditional\stdclib\scmpp2r.asm
                    jLoop   0x00c28a    program     static E:\3.46\pic18-lt\cxx-framework\src\traditional\stdclib\strlen.asm
                    jLoop   0x00c2b4    program     static E:\3.46\pic18-lt\cxx-framework\src\traditional\stdclib\slenpgm.asm
                    jLoop   0x00a804    program     static E:\3.46\pic18-lt\cxx-framework\src\traditional\math\castFP16.asm
                    jLoop   0x00c2f4    program     static E:\3.46\pic18-lt\cxx-framework\src\traditional\stdclib\strupr.asm
                jLoopExit   0x00a814    program     static E:\3.46\pic18-lt\cxx-framework\src\traditional\math\castFP16.asm
                     jMax   0x00a7d8    program     static E:\3.46\pic18-lt\cxx-framework\src\traditional\math\castFP16.asm
                  jMaxNeg   0x00a7e6    program     static E:\3.46\pic18-lt\cxx-framework\src\traditional\math\castFP16.asm
                  jMaxPos   0x00a7dc    program     static E:\3.46\pic18-lt\cxx-framework\src\traditional\math\castFP16.asm
                      jNE   0x00a896    program     static E:\3.46\pic18-lt\cxx-framework\src\traditional\math\compFP.asm
                  jNoExch   0x00a8be    program     static E:\3.46\pic18-lt\cxx-framework\src\traditional\math\compFP.asm
             jNotBothZero   0x00a52e    program     static E:\3.46\pic18-lt\cxx-framework\src\traditional\math\addFP.asm
                  jNotInf   0x00a7f4    program     static E:\3.46\pic18-lt\cxx-framework\src\traditional\math\castFP16.asm
                  jPkLoop   0x00a948    program     static E:\3.46\pic18-lt\cxx-framework\src\traditional\math\packFP.asm
             jPkRoundDone   0x00a992    program     static E:\3.46\pic18-lt\cxx-framework\src\traditional\math\packFP.asm
               jPkRoundIt   0x00a97a    program     static E:\3.46\pic18-lt\cxx-framework\src\traditional\math\packFP.asm
             jPkShiftDone   0x00a964    program     static E:\3.46\pic18-lt\cxx-framework\src\traditional\math\packFP.asm
           jReturnPosInf0   0x00a91e    program     static E:\3.46\pic18-lt\cxx-framework\src\traditional\math\packFP.asm
                  jRotate   0x00a8f0    program     static E:\3.46\pic18-lt\cxx-framework\src\traditional\math\compFP.asm
                   jShift   0x00a8da    program     static E:\3.46\pic18-lt\cxx-framework\src\traditional\math\compFP.asm
               jShiftDone   0x00a5c4    program     static E:\3.46\pic18-lt\cxx-framework\src\traditional\math\addFP.asm
               jShiftLoop   0x00a5b6    program     static E:\3.46\pic18-lt\cxx-framework\src\traditional\math\addFP.asm
                jSignDone   0x00a5f4    program     static E:\3.46\pic18-lt\cxx-framework\src\traditional\math\addFP.asm
                 jSignsEQ   0x00a87a    program     static E:\3.46\pic18-lt\cxx-framework\src\traditional\math\compFP.asm
                    jSkip   0x00c304    program     static E:\3.46\pic18-lt\cxx-framework\src\traditional\stdclib\strupr.asm
                  jUnpkA1   0x00a9bc    program     static E:\3.46\pic18-lt\cxx-framework\src\traditional\math\UnpackFP.asm
                  jUnpkA2   0x00a9d4    program     static E:\3.46\pic18-lt\cxx-framework\src\traditional\math\UnpackFP.asm
                 jUnpkANZ   0x00a9ca    program     static E:\3.46\pic18-lt\cxx-framework\src\traditional\math\UnpackFP.asm
                  jUnpkB1   0x00a9ec    program     static E:\3.46\pic18-lt\cxx-framework\src\traditional\math\UnpackFP.asm
                  jUnpkB2   0x00aa04    program     static E:\3.46\pic18-lt\cxx-framework\src\traditional\math\UnpackFP.asm
                 jUnpkBNZ   0x00a9fa    program     static E:\3.46\pic18-lt\cxx-framework\src\traditional\math\UnpackFP.asm
                 jUnpkNaN   0x00a9de    program     static E:\3.46\pic18-lt\cxx-framework\src\traditional\math\UnpackFP.asm
                 jWNotNeg   0x00a5b0    program     static E:\3.46\pic18-lt\cxx-framework\src\traditional\math\addFP.asm
                    jZero   0x00a7ee    program     static E:\3.46\pic18-lt\cxx-framework\src\traditional\math\castFP16.asm
               jZero1and2   0x00a922    program     static E:\3.46\pic18-lt\cxx-framework\src\traditional\math\packFP.asm
          leftRotateDWORD   0x008d04    program     extern C:\Users\Manager\MPLABXProjects\TEMS-Integrated\Helpers.c
                     loop   0x00cae6    program     static                          
                     loop   0x00c906    program     static                          
                     loop   0x00ca74    program     static                          
                   loop_h   0x00cac4    program     static E:\3.46\pic18-lt\cxx-framework\src\traditional\proc\p18f46k22.asm
                   loop_l   0x00cace    program     static E:\3.46\pic18-lt\cxx-framework\src\traditional\proc\p18f46k22.asm
                     main   0x009860    program     extern C:\Users\Manager\MPLABXProjects\TEMS-Integrated\Main.c
                   memcpy   0x00c17e    program     extern E:\3.46\pic18-lt\cxx-framework\src\traditional\stdclib\memcpy.asm
            memcpypgm2ram   0x00c1d4    program     extern E:\3.46\pic18-lt\cxx-framework\src\traditional\stdclib\mcpyp2r.asm
                   memset   0x00c21a    program     extern E:\3.46\pic18-lt\cxx-framework\src\traditional\stdclib\memset.asm
               prepareLCD   0x00bfa6    program     extern C:\Users\Manager\MPLABXProjects\TEMS-Integrated\fcts\LCD\writeOnLCD.c
                putrsXLCD   0x00c77e    program     extern C:\Users\Manager\MPLABXProjects\TEMS-Integrated\fcts\LCD\putrxlcd.c
                 putsXLCD   0x00c864    program     extern C:\Users\Manager\MPLABXProjects\TEMS-Integrated\fcts\LCD\putsxlcd.c
            strcmppgm2ram   0x00c24e    program     extern E:\3.46\pic18-lt\cxx-framework\src\traditional\stdclib\scmpp2r.asm
           stricmppgm2ram   0x0089ca    program     extern C:\Users\Manager\MPLABXProjects\TEMS-Integrated\Helpers.c
                   strlen   0x00c27a    program     extern E:\3.46\pic18-lt\cxx-framework\src\traditional\stdclib\strlen.asm
                strlenpgm   0x00c296    program     extern E:\3.46\pic18-lt\cxx-framework\src\traditional\stdclib\slenpgm.asm
                  strnchr   0x008e20    program     extern C:\Users\Manager\MPLABXProjects\TEMS-Integrated\Helpers.c
                   strupr   0x00c2e0    program     extern E:\3.46\pic18-lt\cxx-framework\src\traditional\stdclib\strupr.asm
                    swapl   0x008aee    program     extern C:\Users\Manager\MPLABXProjects\TEMS-Integrated\Helpers.c
                    swaps   0x008a9c    program     extern C:\Users\Manager\MPLABXProjects\TEMS-Integrated\Helpers.c
                     test   0x00c516    program     static                          
                    uitoa   0x008786    program     extern C:\Users\Manager\MPLABXProjects\TEMS-Integrated\Helpers.c
              writeOnLCDC   0x00c056    program     extern C:\Users\Manager\MPLABXProjects\TEMS-Integrated\fcts\LCD\writeOnLCD.c
              writeOnLCDF   0x00c0ea    program     extern C:\Users\Manager\MPLABXProjects\TEMS-Integrated\fcts\LCD\writeOnLCD.c
              writeOnLCDS   0x00c008    program     extern C:\Users\Manager\MPLABXProjects\TEMS-Integrated\fcts\LCD\writeOnLCD.c
              writeOnLCDV   0x00c09c    program     extern C:\Users\Manager\MPLABXProjects\TEMS-Integrated\fcts\LCD\writeOnLCD.c
               zero_block   0x00cac4    program     static E:\3.46\pic18-lt\cxx-framework\src\traditional\proc\p18f46k22.asm
                   ADCON0   0x000fc2       data     extern E:\3.46\pic18-lt\cxx-framework\src\traditional\proc\p18f46k22.asm
               ADCON0bits   0x000fc2       data     extern E:\3.46\pic18-lt\cxx-framework\src\traditional\proc\p18f46k22.asm
                   ADCON1   0x000fc1       data     extern E:\3.46\pic18-lt\cxx-framework\src\traditional\proc\p18f46k22.asm
               ADCON1bits   0x000fc1       data     extern E:\3.46\pic18-lt\cxx-framework\src\traditional\proc\p18f46k22.asm
                   ADCON2   0x000fc0       data     extern E:\3.46\pic18-lt\cxx-framework\src\traditional\proc\p18f46k22.asm
               ADCON2bits   0x000fc0       data     extern E:\3.46\pic18-lt\cxx-framework\src\traditional\proc\p18f46k22.asm
                    ADRES   0x000fc3       data     extern E:\3.46\pic18-lt\cxx-framework\src\traditional\proc\p18f46k22.asm
                   ADRESH   0x000fc4       data     extern E:\3.46\pic18-lt\cxx-framework\src\traditional\proc\p18f46k22.asm
                   ADRESL   0x000fc3       data     extern E:\3.46\pic18-lt\cxx-framework\src\traditional\proc\p18f46k22.asm
                   ANSELA   0x000f38       data     extern E:\3.46\pic18-lt\cxx-framework\src\traditional\proc\p18f46k22.asm
               ANSELAbits   0x000f38       data     extern E:\3.46\pic18-lt\cxx-framework\src\traditional\proc\p18f46k22.asm
                   ANSELB   0x000f39       data     extern E:\3.46\pic18-lt\cxx-framework\src\traditional\proc\p18f46k22.asm
               ANSELBbits   0x000f39       data     extern E:\3.46\pic18-lt\cxx-framework\src\traditional\proc\p18f46k22.asm
                   ANSELC   0x000f3a       data     extern E:\3.46\pic18-lt\cxx-framework\src\traditional\proc\p18f46k22.asm
               ANSELCbits   0x000f3a       data     extern E:\3.46\pic18-lt\cxx-framework\src\traditional\proc\p18f46k22.asm
                   ANSELD   0x000f3b       data     extern E:\3.46\pic18-lt\cxx-framework\src\traditional\proc\p18f46k22.asm
               ANSELDbits   0x000f3b       data     extern E:\3.46\pic18-lt\cxx-framework\src\traditional\proc\p18f46k22.asm
                   ANSELE   0x000f3c       data     extern E:\3.46\pic18-lt\cxx-framework\src\traditional\proc\p18f46k22.asm
               ANSELEbits   0x000f3c       data     extern E:\3.46\pic18-lt\cxx-framework\src\traditional\proc\p18f46k22.asm
                AppConfig   0x000251       data     extern C:\Users\Manager\MPLABXProjects\TEMS-Integrated\Main.c
                 BAUD1CON   0x000fb8       data     extern E:\3.46\pic18-lt\cxx-framework\src\traditional\proc\p18f46k22.asm
             BAUD1CONbits   0x000fb8       data     extern E:\3.46\pic18-lt\cxx-framework\src\traditional\proc\p18f46k22.asm
                 BAUD2CON   0x000f70       data     extern E:\3.46\pic18-lt\cxx-framework\src\traditional\proc\p18f46k22.asm
             BAUD2CONbits   0x000f70       data     extern E:\3.46\pic18-lt\cxx-framework\src\traditional\proc\p18f46k22.asm
                  BAUDCON   0x000fb8       data     extern E:\3.46\pic18-lt\cxx-framework\src\traditional\proc\p18f46k22.asm
                 BAUDCON1   0x000fb8       data     extern E:\3.46\pic18-lt\cxx-framework\src\traditional\proc\p18f46k22.asm
             BAUDCON1bits   0x000fb8       data     extern E:\3.46\pic18-lt\cxx-framework\src\traditional\proc\p18f46k22.asm
                 BAUDCON2   0x000f70       data     extern E:\3.46\pic18-lt\cxx-framework\src\traditional\proc\p18f46k22.asm
             BAUDCON2bits   0x000f70       data     extern E:\3.46\pic18-lt\cxx-framework\src\traditional\proc\p18f46k22.asm
              BAUDCONbits   0x000fb8       data     extern E:\3.46\pic18-lt\cxx-framework\src\traditional\proc\p18f46k22.asm
                  BAUDCTL   0x000fb8       data     extern E:\3.46\pic18-lt\cxx-framework\src\traditional\proc\p18f46k22.asm
              BAUDCTLbits   0x000fb8       data     extern E:\3.46\pic18-lt\cxx-framework\src\traditional\proc\p18f46k22.asm
            BP_read_state   0x0002c4       data     extern C:\Users\Manager\MPLABXProjects\TEMS-Integrated\TIOS.c
                      BSR   0x000fe0       data     extern E:\3.46\pic18-lt\cxx-framework\src\traditional\proc\p18f46k22.asm
                   Button   0x0000f2       data     extern C:\Users\Manager\MPLABXProjects\TEMS-Integrated\TIOS.c
                  CCP1CON   0x000fbd       data     extern E:\3.46\pic18-lt\cxx-framework\src\traditional\proc\p18f46k22.asm
              CCP1CONbits   0x000fbd       data     extern E:\3.46\pic18-lt\cxx-framework\src\traditional\proc\p18f46k22.asm
                   CCP2AS   0x000f64       data     extern E:\3.46\pic18-lt\cxx-framework\src\traditional\proc\p18f46k22.asm
               CCP2ASbits   0x000f64       data     extern E:\3.46\pic18-lt\cxx-framework\src\traditional\proc\p18f46k22.asm
                  CCP2CON   0x000f66       data     extern E:\3.46\pic18-lt\cxx-framework\src\traditional\proc\p18f46k22.asm
              CCP2CONbits   0x000f66       data     extern E:\3.46\pic18-lt\cxx-framework\src\traditional\proc\p18f46k22.asm
                   CCP3AS   0x000f5b       data     extern E:\3.46\pic18-lt\cxx-framework\src\traditional\proc\p18f46k22.asm
               CCP3ASbits   0x000f5b       data     extern E:\3.46\pic18-lt\cxx-framework\src\traditional\proc\p18f46k22.asm
                  CCP3CON   0x000f5d       data     extern E:\3.46\pic18-lt\cxx-framework\src\traditional\proc\p18f46k22.asm
              CCP3CONbits   0x000f5d       data     extern E:\3.46\pic18-lt\cxx-framework\src\traditional\proc\p18f46k22.asm
                  CCP4CON   0x000f57       data     extern E:\3.46\pic18-lt\cxx-framework\src\traditional\proc\p18f46k22.asm
              CCP4CONbits   0x000f57       data     extern E:\3.46\pic18-lt\cxx-framework\src\traditional\proc\p18f46k22.asm
                  CCP5CON   0x000f54       data     extern E:\3.46\pic18-lt\cxx-framework\src\traditional\proc\p18f46k22.asm
              CCP5CONbits   0x000f54       data     extern E:\3.46\pic18-lt\cxx-framework\src\traditional\proc\p18f46k22.asm
                    CCPR1   0x000fbe       data     extern E:\3.46\pic18-lt\cxx-framework\src\traditional\proc\p18f46k22.asm
                   CCPR1H   0x000fbf       data     extern E:\3.46\pic18-lt\cxx-framework\src\traditional\proc\p18f46k22.asm
                   CCPR1L   0x000fbe       data     extern E:\3.46\pic18-lt\cxx-framework\src\traditional\proc\p18f46k22.asm
                    CCPR2   0x000f67       data     extern E:\3.46\pic18-lt\cxx-framework\src\traditional\proc\p18f46k22.asm
                   CCPR2H   0x000f68       data     extern E:\3.46\pic18-lt\cxx-framework\src\traditional\proc\p18f46k22.asm
                   CCPR2L   0x000f67       data     extern E:\3.46\pic18-lt\cxx-framework\src\traditional\proc\p18f46k22.asm
                    CCPR3   0x000f5e       data     extern E:\3.46\pic18-lt\cxx-framework\src\traditional\proc\p18f46k22.asm
                   CCPR3H   0x000f5f       data     extern E:\3.46\pic18-lt\cxx-framework\src\traditional\proc\p18f46k22.asm
                   CCPR3L   0x000f5e       data     extern E:\3.46\pic18-lt\cxx-framework\src\traditional\proc\p18f46k22.asm
                    CCPR4   0x000f58       data     extern E:\3.46\pic18-lt\cxx-framework\src\traditional\proc\p18f46k22.asm
                   CCPR4H   0x000f59       data     extern E:\3.46\pic18-lt\cxx-framework\src\traditional\proc\p18f46k22.asm
                   CCPR4L   0x000f58       data     extern E:\3.46\pic18-lt\cxx-framework\src\traditional\proc\p18f46k22.asm
                    CCPR5   0x000f55       data     extern E:\3.46\pic18-lt\cxx-framework\src\traditional\proc\p18f46k22.asm
                   CCPR5H   0x000f56       data     extern E:\3.46\pic18-lt\cxx-framework\src\traditional\proc\p18f46k22.asm
                   CCPR5L   0x000f55       data     extern E:\3.46\pic18-lt\cxx-framework\src\traditional\proc\p18f46k22.asm
                 CCPTMRS0   0x000f49       data     extern E:\3.46\pic18-lt\cxx-framework\src\traditional\proc\p18f46k22.asm
             CCPTMRS0bits   0x000f49       data     extern E:\3.46\pic18-lt\cxx-framework\src\traditional\proc\p18f46k22.asm
                 CCPTMRS1   0x000f48       data     extern E:\3.46\pic18-lt\cxx-framework\src\traditional\proc\p18f46k22.asm
             CCPTMRS1bits   0x000f48       data     extern E:\3.46\pic18-lt\cxx-framework\src\traditional\proc\p18f46k22.asm
                  CM12CON   0x000f77       data     extern E:\3.46\pic18-lt\cxx-framework\src\traditional\proc\p18f46k22.asm
              CM12CONbits   0x000f77       data     extern E:\3.46\pic18-lt\cxx-framework\src\traditional\proc\p18f46k22.asm
                   CM1CON   0x000f79       data     extern E:\3.46\pic18-lt\cxx-framework\src\traditional\proc\p18f46k22.asm
                  CM1CON0   0x000f79       data     extern E:\3.46\pic18-lt\cxx-framework\src\traditional\proc\p18f46k22.asm
              CM1CON0bits   0x000f79       data     extern E:\3.46\pic18-lt\cxx-framework\src\traditional\proc\p18f46k22.asm
               CM1CONbits   0x000f79       data     extern E:\3.46\pic18-lt\cxx-framework\src\traditional\proc\p18f46k22.asm
                   CM2CON   0x000f78       data     extern E:\3.46\pic18-lt\cxx-framework\src\traditional\proc\p18f46k22.asm
                  CM2CON0   0x000f78       data     extern E:\3.46\pic18-lt\cxx-framework\src\traditional\proc\p18f46k22.asm
              CM2CON0bits   0x000f78       data     extern E:\3.46\pic18-lt\cxx-framework\src\traditional\proc\p18f46k22.asm
                  CM2CON1   0x000f77       data     extern E:\3.46\pic18-lt\cxx-framework\src\traditional\proc\p18f46k22.asm
              CM2CON1bits   0x000f77       data     extern E:\3.46\pic18-lt\cxx-framework\src\traditional\proc\p18f46k22.asm
               CM2CONbits   0x000f78       data     extern E:\3.46\pic18-lt\cxx-framework\src\traditional\proc\p18f46k22.asm
               CPT_TIMER1   0x0002c5       data     extern C:\Users\Manager\MPLABXProjects\TEMS-Integrated\TIOS.c
                 CTMUCON0   0x000f45       data     extern E:\3.46\pic18-lt\cxx-framework\src\traditional\proc\p18f46k22.asm
             CTMUCON0bits   0x000f45       data     extern E:\3.46\pic18-lt\cxx-framework\src\traditional\proc\p18f46k22.asm
                 CTMUCON1   0x000f44       data     extern E:\3.46\pic18-lt\cxx-framework\src\traditional\proc\p18f46k22.asm
             CTMUCON1bits   0x000f44       data     extern E:\3.46\pic18-lt\cxx-framework\src\traditional\proc\p18f46k22.asm
                 CTMUCONH   0x000f45       data     extern E:\3.46\pic18-lt\cxx-framework\src\traditional\proc\p18f46k22.asm
             CTMUCONHbits   0x000f45       data     extern E:\3.46\pic18-lt\cxx-framework\src\traditional\proc\p18f46k22.asm
                 CTMUCONL   0x000f44       data     extern E:\3.46\pic18-lt\cxx-framework\src\traditional\proc\p18f46k22.asm
             CTMUCONLbits   0x000f44       data     extern E:\3.46\pic18-lt\cxx-framework\src\traditional\proc\p18f46k22.asm
                 CTMUICON   0x000f43       data     extern E:\3.46\pic18-lt\cxx-framework\src\traditional\proc\p18f46k22.asm
                CTMUICONH   0x000f43       data     extern E:\3.46\pic18-lt\cxx-framework\src\traditional\proc\p18f46k22.asm
            CTMUICONHbits   0x000f43       data     extern E:\3.46\pic18-lt\cxx-framework\src\traditional\proc\p18f46k22.asm
             CTMUICONbits   0x000f43       data     extern E:\3.46\pic18-lt\cxx-framework\src\traditional\proc\p18f46k22.asm
                    Cache   0x000f00       data     static C:\Users\Manager\MPLABXProjects\TEMS-Integrated\ARP.c
    CurrentPacketLocation   0x0002b4       data     static C:\Users\Manager\MPLABXProjects\TEMS-Integrated\ENC28J60.c
                  DACCON0   0x000f41       data     extern E:\3.46\pic18-lt\cxx-framework\src\traditional\proc\p18f46k22.asm
              DACCON0bits   0x000f41       data     extern E:\3.46\pic18-lt\cxx-framework\src\traditional\proc\p18f46k22.asm
                  DACCON1   0x000f40       data     extern E:\3.46\pic18-lt\cxx-framework\src\traditional\proc\p18f46k22.asm
              DACCON1bits   0x000f40       data     extern E:\3.46\pic18-lt\cxx-framework\src\traditional\proc\p18f46k22.asm
                     DDRA   0x000f92       data     extern E:\3.46\pic18-lt\cxx-framework\src\traditional\proc\p18f46k22.asm
                 DDRAbits   0x000f92       data     extern E:\3.46\pic18-lt\cxx-framework\src\traditional\proc\p18f46k22.asm
                     DDRB   0x000f93       data     extern E:\3.46\pic18-lt\cxx-framework\src\traditional\proc\p18f46k22.asm
                 DDRBbits   0x000f93       data     extern E:\3.46\pic18-lt\cxx-framework\src\traditional\proc\p18f46k22.asm
                     DDRC   0x000f94       data     extern E:\3.46\pic18-lt\cxx-framework\src\traditional\proc\p18f46k22.asm
                 DDRCbits   0x000f94       data     extern E:\3.46\pic18-lt\cxx-framework\src\traditional\proc\p18f46k22.asm
                     DDRD   0x000f95       data     extern E:\3.46\pic18-lt\cxx-framework\src\traditional\proc\p18f46k22.asm
                 DDRDbits   0x000f95       data     extern E:\3.46\pic18-lt\cxx-framework\src\traditional\proc\p18f46k22.asm
                     DDRE   0x000f96       data     extern E:\3.46\pic18-lt\cxx-framework\src\traditional\proc\p18f46k22.asm
                 DDREbits   0x000f96       data     extern E:\3.46\pic18-lt\cxx-framework\src\traditional\proc\p18f46k22.asm
            DelayCounter1   0x000023       data     extern E:\3.46\pic18-lt\cxx-framework\src\traditional\delays\delayd1.asm
            DelayCounter2   0x000022       data     extern E:\3.46\pic18-lt\cxx-framework\src\traditional\delays\delayd2.asm
              DiscoverySM   0x0002cf       data     static C:\Users\Manager\MPLABXProjects\TEMS-Integrated\Announce.c
               DonneRecue   0x000284       data     extern C:\Users\Manager\MPLABXProjects\TEMS-Integrated\Main.c
                  ECCP1AS   0x000fb6       data     extern E:\3.46\pic18-lt\cxx-framework\src\traditional\proc\p18f46k22.asm
              ECCP1ASbits   0x000fb6       data     extern E:\3.46\pic18-lt\cxx-framework\src\traditional\proc\p18f46k22.asm
                  ECCP2AS   0x000f64       data     extern E:\3.46\pic18-lt\cxx-framework\src\traditional\proc\p18f46k22.asm
              ECCP2ASbits   0x000f64       data     extern E:\3.46\pic18-lt\cxx-framework\src\traditional\proc\p18f46k22.asm
                  ECCP3AS   0x000f5b       data     extern E:\3.46\pic18-lt\cxx-framework\src\traditional\proc\p18f46k22.asm
              ECCP3ASbits   0x000f5b       data     extern E:\3.46\pic18-lt\cxx-framework\src\traditional\proc\p18f46k22.asm
                   ECCPAS   0x000fb6       data     extern E:\3.46\pic18-lt\cxx-framework\src\traditional\proc\p18f46k22.asm
               ECCPASbits   0x000fb6       data     extern E:\3.46\pic18-lt\cxx-framework\src\traditional\proc\p18f46k22.asm
                    EEADR   0x000fa9       data     extern E:\3.46\pic18-lt\cxx-framework\src\traditional\proc\p18f46k22.asm
                   EEADRH   0x000faa       data     extern E:\3.46\pic18-lt\cxx-framework\src\traditional\proc\p18f46k22.asm
               EEADRHbits   0x000faa       data     extern E:\3.46\pic18-lt\cxx-framework\src\traditional\proc\p18f46k22.asm
                EEADRbits   0x000fa9       data     extern E:\3.46\pic18-lt\cxx-framework\src\traditional\proc\p18f46k22.asm
                   EECON1   0x000fa6       data     extern E:\3.46\pic18-lt\cxx-framework\src\traditional\proc\p18f46k22.asm
               EECON1bits   0x000fa6       data     extern E:\3.46\pic18-lt\cxx-framework\src\traditional\proc\p18f46k22.asm
                   EECON2   0x000fa7       data     extern E:\3.46\pic18-lt\cxx-framework\src\traditional\proc\p18f46k22.asm
                   EEDATA   0x000fa8       data     extern E:\3.46\pic18-lt\cxx-framework\src\traditional\proc\p18f46k22.asm
                 ENCRevID   0x0002b7       data     static C:\Users\Manager\MPLABXProjects\TEMS-Integrated\ENC28J60.c
                     FSR0   0x000fe9       data     extern E:\3.46\pic18-lt\cxx-framework\src\traditional\proc\p18f46k22.asm
                    FSR0H   0x000fea       data     extern E:\3.46\pic18-lt\cxx-framework\src\traditional\proc\p18f46k22.asm
                    FSR0L   0x000fe9       data     extern E:\3.46\pic18-lt\cxx-framework\src\traditional\proc\p18f46k22.asm
                     FSR1   0x000fe1       data     extern E:\3.46\pic18-lt\cxx-framework\src\traditional\proc\p18f46k22.asm
                    FSR1H   0x000fe2       data     extern E:\3.46\pic18-lt\cxx-framework\src\traditional\proc\p18f46k22.asm
                    FSR1L   0x000fe1       data     extern E:\3.46\pic18-lt\cxx-framework\src\traditional\proc\p18f46k22.asm
                     FSR2   0x000fd9       data     extern E:\3.46\pic18-lt\cxx-framework\src\traditional\proc\p18f46k22.asm
                    FSR2H   0x000fda       data     extern E:\3.46\pic18-lt\cxx-framework\src\traditional\proc\p18f46k22.asm
                    FSR2L   0x000fd9       data     extern E:\3.46\pic18-lt\cxx-framework\src\traditional\proc\p18f46k22.asm
[...]
                   RCREG1   0x000fae       data     extern E:\3.46\pic18-lt\cxx-framework\src\traditional\proc\p18f46k22.asm
               RCREG1bits   0x000fae       data     extern E:\3.46\pic18-lt\cxx-framework\src\traditional\proc\p18f46k22.asm
                RCREGbits   0x000fae       data     extern E:\3.46\pic18-lt\cxx-framework\src\traditional\proc\p18f46k22.asm
                   SP1BRG   0x000faf       data     extern E:\3.46\pic18-lt\cxx-framework\src\traditional\proc\p18f46k22.asm
               SP1BRGbits   0x000faf       data     extern E:\3.46\pic18-lt\cxx-framework\src\traditional\proc\p18f46k22.asm
                    SPBRG   0x000faf       data     extern E:\3.46\pic18-lt\cxx-framework\src\traditional\proc\p18f46k22.asm
                   SPBRG1   0x000faf       data     extern E:\3.46\pic18-lt\cxx-framework\src\traditional\proc\p18f46k22.asm
               SPBRG1bits   0x000faf       data     extern E:\3.46\pic18-lt\cxx-framework\src\traditional\proc\p18f46k22.asm
                SPBRGbits   0x000faf       data     extern E:\3.46\pic18-lt\cxx-framework\src\traditional\proc\p18f46k22.asm
                  SP1BRGH   0x000fb0       data     extern E:\3.46\pic18-lt\cxx-framework\src\traditional\proc\p18f46k22.asm
              SP1BRGHbits   0x000fb0       data     extern E:\3.46\pic18-lt\cxx-framework\src\traditional\proc\p18f46k22.asm
                   SPBRGH   0x000fb0       data     extern E:\3.46\pic18-lt\cxx-framework\src\traditional\proc\p18f46k22.asm
                  SPBRGH1   0x000fb0       data     extern E:\3.46\pic18-lt\cxx-framework\src\traditional\proc\p18f46k22.asm
              SPBRGH1bits   0x000fb0       data     extern E:\3.46\pic18-lt\cxx-framework\src\traditional\proc\p18f46k22.asm
               SPBRGHbits   0x000fb0       data     extern E:\3.46\pic18-lt\cxx-framework\src\traditional\proc\p18f46k22.asm
                    T3CON   0x000fb1       data     extern E:\3.46\pic18-lt\cxx-framework\src\traditional\proc\p18f46k22.asm
                T3CONbits   0x000fb1       data     extern E:\3.46\pic18-lt\cxx-framework\src\traditional\proc\p18f46k22.asm
                    TMR3L   0x000fb2       data     extern E:\3.46\pic18-lt\cxx-framework\src\traditional\proc\p18f46k22.asm
                    TMR3H   0x000fb3       data     extern E:\3.46\pic18-lt\cxx-framework\src\traditional\proc\p18f46k22.asm
               T3GCONbits   0x000fb4       data     extern E:\3.46\pic18-lt\cxx-framework\src\traditional\proc\p18f46k22.asm
                   T3GCON   0x000fb4       data     extern E:\3.46\pic18-lt\cxx-framework\src\traditional\proc\p18f46k22.asm
              ECCP1ASbits   0x000fb6       data     extern E:\3.46\pic18-lt\cxx-framework\src\traditional\proc\p18f46k22.asm
                  ECCP1AS   0x000fb6       data     extern E:\3.46\pic18-lt\cxx-framework\src\traditional\proc\p18f46k22.asm
                   ECCPAS   0x000fb6       data     extern E:\3.46\pic18-lt\cxx-framework\src\traditional\proc\p18f46k22.asm
               ECCPASbits   0x000fb6       data     extern E:\3.46\pic18-lt\cxx-framework\src\traditional\proc\p18f46k22.asm
                  PWM1CON   0x000fb7       data     extern E:\3.46\pic18-lt\cxx-framework\src\traditional\proc\p18f46k22.asm
              PWM1CONbits   0x000fb7       data     extern E:\3.46\pic18-lt\cxx-framework\src\traditional\proc\p18f46k22.asm
                   PWMCON   0x000fb7       data     extern E:\3.46\pic18-lt\cxx-framework\src\traditional\proc\p18f46k22.asm
               PWMCONbits   0x000fb7       data     extern E:\3.46\pic18-lt\cxx-framework\src\traditional\proc\p18f46k22.asm
                 BAUDCON1   0x000fb8       data     extern E:\3.46\pic18-lt\cxx-framework\src\traditional\proc\p18f46k22.asm
             BAUDCON1bits   0x000fb8       data     extern E:\3.46\pic18-lt\cxx-framework\src\traditional\proc\p18f46k22.asm
              BAUDCONbits   0x000fb8       data     extern E:\3.46\pic18-lt\cxx-framework\src\traditional\proc\p18f46k22.asm
                  BAUDCTL   0x000fb8       data     extern E:\3.46\pic18-lt\cxx-framework\src\traditional\proc\p18f46k22.asm
                 BAUD1CON   0x000fb8       data     extern E:\3.46\pic18-lt\cxx-framework\src\traditional\proc\p18f46k22.asm
              BAUDCTLbits   0x000fb8       data     extern E:\3.46\pic18-lt\cxx-framework\src\traditional\proc\p18f46k22.asm
                  BAUDCON   0x000fb8       data     extern E:\3.46\pic18-lt\cxx-framework\src\traditional\proc\p18f46k22.asm
             BAUD1CONbits   0x000fb8       data     extern E:\3.46\pic18-lt\cxx-framework\src\traditional\proc\p18f46k22.asm
              PSTRCONbits   0x000fb9       data     extern E:\3.46\pic18-lt\cxx-framework\src\traditional\proc\p18f46k22.asm
                  PSTRCON   0x000fb9       data     extern E:\3.46\pic18-lt\cxx-framework\src\traditional\proc\p18f46k22.asm
             PSTR1CONbits   0x000fb9       data     extern E:\3.46\pic18-lt\cxx-framework\src\traditional\proc\p18f46k22.asm
                 PSTR1CON   0x000fb9       data     extern E:\3.46\pic18-lt\cxx-framework\src\traditional\proc\p18f46k22.asm
                    T2CON   0x000fba       data     extern E:\3.46\pic18-lt\cxx-framework\src\traditional\proc\p18f46k22.asm
                T2CONbits   0x000fba       data     extern E:\3.46\pic18-lt\cxx-framework\src\traditional\proc\p18f46k22.asm
                      PR2   0x000fbb       data     extern E:\3.46\pic18-lt\cxx-framework\src\traditional\proc\p18f46k22.asm
                     TMR2   0x000fbc       data     extern E:\3.46\pic18-lt\cxx-framework\src\traditional\proc\p18f46k22.asm
                  CCP1CON   0x000fbd       data     extern E:\3.46\pic18-lt\cxx-framework\src\traditional\proc\p18f46k22.asm
              CCP1CONbits   0x000fbd       data     extern E:\3.46\pic18-lt\cxx-framework\src\traditional\proc\p18f46k22.asm
                    CCPR1   0x000fbe       data     extern E:\3.46\pic18-lt\cxx-framework\src\traditional\proc\p18f46k22.asm
                   CCPR1L   0x000fbe       data     extern E:\3.46\pic18-lt\cxx-framework\src\traditional\proc\p18f46k22.asm
                   CCPR1H   0x000fbf       data     extern E:\3.46\pic18-lt\cxx-framework\src\traditional\proc\p18f46k22.asm
                   ADCON2   0x000fc0       data     extern E:\3.46\pic18-lt\cxx-framework\src\traditional\proc\p18f46k22.asm
               ADCON2bits   0x000fc0       data     extern E:\3.46\pic18-lt\cxx-framework\src\traditional\proc\p18f46k22.asm
               ADCON1bits   0x000fc1       data     extern E:\3.46\pic18-lt\cxx-framework\src\traditional\proc\p18f46k22.asm
                   ADCON1   0x000fc1       data     extern E:\3.46\pic18-lt\cxx-framework\src\traditional\proc\p18f46k22.asm
                   ADCON0   0x000fc2       data     extern E:\3.46\pic18-lt\cxx-framework\src\traditional\proc\p18f46k22.asm
               ADCON0bits   0x000fc2       data     extern E:\3.46\pic18-lt\cxx-framework\src\traditional\proc\p18f46k22.asm
                   ADRESL   0x000fc3       data     extern E:\3.46\pic18-lt\cxx-framework\src\traditional\proc\p18f46k22.asm
                    ADRES   0x000fc3       data     extern E:\3.46\pic18-lt\cxx-framework\src\traditional\proc\p18f46k22.asm
                   ADRESH   0x000fc4       data     extern E:\3.46\pic18-lt\cxx-framework\src\traditional\proc\p18f46k22.asm
                 SSP1CON2   0x000fc5       data     extern E:\3.46\pic18-lt\cxx-framework\src\traditional\proc\p18f46k22.asm
             SSP1CON2bits   0x000fc5       data     extern E:\3.46\pic18-lt\cxx-framework\src\traditional\proc\p18f46k22.asm
                  SSPCON2   0x000fc5       data     extern E:\3.46\pic18-lt\cxx-framework\src\traditional\proc\p18f46k22.asm
              SSPCON2bits   0x000fc5       data     extern E:\3.46\pic18-lt\cxx-framework\src\traditional\proc\p18f46k22.asm
                 SSP1CON1   0x000fc6       data     extern E:\3.46\pic18-lt\cxx-framework\src\traditional\proc\p18f46k22.asm
             SSP1CON1bits   0x000fc6       data     extern E:\3.46\pic18-lt\cxx-framework\src\traditional\proc\p18f46k22.asm
              SSPCON1bits   0x000fc6       data     extern E:\3.46\pic18-lt\cxx-framework\src\traditional\proc\p18f46k22.asm
                  SSPCON1   0x000fc6       data     extern E:\3.46\pic18-lt\cxx-framework\src\traditional\proc\p18f46k22.asm
                  SSPSTAT   0x000fc7       data     extern E:\3.46\pic18-lt\cxx-framework\src\traditional\proc\p18f46k22.asm
              SSPSTATbits   0x000fc7       data     extern E:\3.46\pic18-lt\cxx-framework\src\traditional\proc\p18f46k22.asm
             SSP1STATbits   0x000fc7       data     extern E:\3.46\pic18-lt\cxx-framework\src\traditional\proc\p18f46k22.asm
                 SSP1STAT   0x000fc7       data     extern E:\3.46\pic18-lt\cxx-framework\src\traditional\proc\p18f46k22.asm
               SSPADDbits   0x000fc8       data     extern E:\3.46\pic18-lt\cxx-framework\src\traditional\proc\p18f46k22.asm
                   SSPADD   0x000fc8       data     extern E:\3.46\pic18-lt\cxx-framework\src\traditional\proc\p18f46k22.asm
                  SSP1ADD   0x000fc8       data     extern E:\3.46\pic18-lt\cxx-framework\src\traditional\proc\p18f46k22.asm
              SSP1ADDbits   0x000fc8       data     extern E:\3.46\pic18-lt\cxx-framework\src\traditional\proc\p18f46k22.asm
               SSPBUFbits   0x000fc9       data     extern E:\3.46\pic18-lt\cxx-framework\src\traditional\proc\p18f46k22.asm
                   SSPBUF   0x000fc9       data     extern E:\3.46\pic18-lt\cxx-framework\src\traditional\proc\p18f46k22.asm
              SSP1BUFbits   0x000fc9       data     extern E:\3.46\pic18-lt\cxx-framework\src\traditional\proc\p18f46k22.asm
                  SSP1BUF   0x000fc9       data     extern E:\3.46\pic18-lt\cxx-framework\src\traditional\proc\p18f46k22.asm
                  SSP1MSK   0x000fca       data     extern E:\3.46\pic18-lt\cxx-framework\src\traditional\proc\p18f46k22.asm
              SSP1MSKbits   0x000fca       data     extern E:\3.46\pic18-lt\cxx-framework\src\traditional\proc\p18f46k22.asm
               SSPMSKbits   0x000fca       data     extern E:\3.46\pic18-lt\cxx-framework\src\traditional\proc\p18f46k22.asm
                   SSPMSK   0x000fca       data     extern E:\3.46\pic18-lt\cxx-framework\src\traditional\proc\p18f46k22.asm
              SSPCON3bits   0x000fcb       data     extern E:\3.46\pic18-lt\cxx-framework\src\traditional\proc\p18f46k22.asm
                  SSPCON3   0x000fcb       data     extern E:\3.46\pic18-lt\cxx-framework\src\traditional\proc\p18f46k22.asm
                 SSP1CON3   0x000fcb       data     extern E:\3.46\pic18-lt\cxx-framework\src\traditional\proc\p18f46k22.asm
             SSP1CON3bits   0x000fcb       data     extern E:\3.46\pic18-lt\cxx-framework\src\traditional\proc\p18f46k22.asm
                   T1GCON   0x000fcc       data     extern E:\3.46\pic18-lt\cxx-framework\src\traditional\proc\p18f46k22.asm
               T1GCONbits   0x000fcc       data     extern E:\3.46\pic18-lt\cxx-framework\src\traditional\proc\p18f46k22.asm
                T1CONbits   0x000fcd       data     extern E:\3.46\pic18-lt\cxx-framework\src\traditional\proc\p18f46k22.asm
                    T1CON   0x000fcd       data     extern E:\3.46\pic18-lt\cxx-framework\src\traditional\proc\p18f46k22.asm
                    TMR1L   0x000fce       data     extern E:\3.46\pic18-lt\cxx-framework\src\traditional\proc\p18f46k22.asm
                    TMR1H   0x000fcf       data     extern E:\3.46\pic18-lt\cxx-framework\src\traditional\proc\p18f46k22.asm
                 RCONbits   0x000fd0       data     extern E:\3.46\pic18-lt\cxx-framework\src\traditional\proc\p18f46k22.asm
                     RCON   0x000fd0       data     extern E:\3.46\pic18-lt\cxx-framework\src\traditional\proc\p18f46k22.asm
                   WDTCON   0x000fd1       data     extern E:\3.46\pic18-lt\cxx-framework\src\traditional\proc\p18f46k22.asm
               WDTCONbits   0x000fd1       data     extern E:\3.46\pic18-lt\cxx-framework\src\traditional\proc\p18f46k22.asm
                  OSCCON2   0x000fd2       data     extern E:\3.46\pic18-lt\cxx-framework\src\traditional\proc\p18f46k22.asm
              OSCCON2bits   0x000fd2       data     extern E:\3.46\pic18-lt\cxx-framework\src\traditional\proc\p18f46k22.asm
                   OSCCON   0x000fd3       data     extern E:\3.46\pic18-lt\cxx-framework\src\traditional\proc\p18f46k22.asm
               OSCCONbits   0x000fd3       data     extern E:\3.46\pic18-lt\cxx-framework\src\traditional\proc\p18f46k22.asm
                T0CONbits   0x000fd5       data     extern E:\3.46\pic18-lt\cxx-framework\src\traditional\proc\p18f46k22.asm
                    T0CON   0x000fd5       data     extern E:\3.46\pic18-lt\cxx-framework\src\traditional\proc\p18f46k22.asm
                    TMR0L   0x000fd6       data     extern E:\3.46\pic18-lt\cxx-framework\src\traditional\proc\p18f46k22.asm
                    TMR0H   0x000fd7       data     extern E:\3.46\pic18-lt\cxx-framework\src\traditional\proc\p18f46k22.asm
                   STATUS   0x000fd8       data     extern E:\3.46\pic18-lt\cxx-framework\src\traditional\proc\p18f46k22.asm
               STATUSbits   0x000fd8       data     extern E:\3.46\pic18-lt\cxx-framework\src\traditional\proc\p18f46k22.asm
                    FSR2L   0x000fd9       data     extern E:\3.46\pic18-lt\cxx-framework\src\traditional\proc\p18f46k22.asm
                     FSR2   0x000fd9       data     extern E:\3.46\pic18-lt\cxx-framework\src\traditional\proc\p18f46k22.asm
                    FSR2H   0x000fda       data     extern E:\3.46\pic18-lt\cxx-framework\src\traditional\proc\p18f46k22.asm
                   PLUSW2   0x000fdb       data     extern E:\3.46\pic18-lt\cxx-framework\src\traditional\proc\p18f46k22.asm
                  PREINC2   0x000fdc       data     extern E:\3.46\pic18-lt\cxx-framework\src\traditional\proc\p18f46k22.asm
                 POSTDEC2   0x000fdd       data     extern E:\3.46\pic18-lt\cxx-framework\src\traditional\proc\p18f46k22.asm
                 POSTINC2   0x000fde       data     extern E:\3.46\pic18-lt\cxx-framework\src\traditional\proc\p18f46k22.asm
                    INDF2   0x000fdf       data     extern E:\3.46\pic18-lt\cxx-framework\src\traditional\proc\p18f46k22.asm
                      BSR   0x000fe0       data     extern E:\3.46\pic18-lt\cxx-framework\src\traditional\proc\p18f46k22.asm
                    FSR1L   0x000fe1       data     extern E:\3.46\pic18-lt\cxx-framework\src\traditional\proc\p18f46k22.asm
                     FSR1   0x000fe1       data     extern E:\3.46\pic18-lt\cxx-framework\src\traditional\proc\p18f46k22.asm
                    FSR1H   0x000fe2       data     extern E:\3.46\pic18-lt\cxx-framework\src\traditional\proc\p18f46k22.asm
                   PLUSW1   0x000fe3       data     extern E:\3.46\pic18-lt\cxx-framework\src\traditional\proc\p18f46k22.asm
                  PREINC1   0x000fe4       data     extern E:\3.46\pic18-lt\cxx-framework\src\traditional\proc\p18f46k22.asm
                 POSTDEC1   0x000fe5       data     extern E:\3.46\pic18-lt\cxx-framework\src\traditional\proc\p18f46k22.asm
                 POSTINC1   0x000fe6       data     extern E:\3.46\pic18-lt\cxx-framework\src\traditional\proc\p18f46k22.asm
                    INDF1   0x000fe7       data     extern E:\3.46\pic18-lt\cxx-framework\src\traditional\proc\p18f46k22.asm
                     WREG   0x000fe8       data     extern E:\3.46\pic18-lt\cxx-framework\src\traditional\proc\p18f46k22.asm
                        W   0x000fe8       data     extern E:\3.46\pic18-lt\cxx-framework\src\traditional\proc\p18f46k22.asm
                     FSR0   0x000fe9       data     extern E:\3.46\pic18-lt\cxx-framework\src\traditional\proc\p18f46k22.asm
                    FSR0L   0x000fe9       data     extern E:\3.46\pic18-lt\cxx-framework\src\traditional\proc\p18f46k22.asm
                    FSR0H   0x000fea       data     extern E:\3.46\pic18-lt\cxx-framework\src\traditional\proc\p18f46k22.asm
                   PLUSW0   0x000feb       data     extern E:\3.46\pic18-lt\cxx-framework\src\traditional\proc\p18f46k22.asm
                  PREINC0   0x000fec       data     extern E:\3.46\pic18-lt\cxx-framework\src\traditional\proc\p18f46k22.asm
                 POSTDEC0   0x000fed       data     extern E:\3.46\pic18-lt\cxx-framework\src\traditional\proc\p18f46k22.asm
                 POSTINC0   0x000fee       data     extern E:\3.46\pic18-lt\cxx-framework\src\traditional\proc\p18f46k22.asm
                    INDF0   0x000fef       data     extern E:\3.46\pic18-lt\cxx-framework\src\traditional\proc\p18f46k22.asm
                  INTCON3   0x000ff0       data     extern E:\3.46\pic18-lt\cxx-framework\src\traditional\proc\p18f46k22.asm
              INTCON3bits   0x000ff0       data     extern E:\3.46\pic18-lt\cxx-framework\src\traditional\proc\p18f46k22.asm
                  INTCON2   0x000ff1       data     extern E:\3.46\pic18-lt\cxx-framework\src\traditional\proc\p18f46k22.asm
              INTCON2bits   0x000ff1       data     extern E:\3.46\pic18-lt\cxx-framework\src\traditional\proc\p18f46k22.asm
                   INTCON   0x000ff2       data     extern E:\3.46\pic18-lt\cxx-framework\src\traditional\proc\p18f46k22.asm
               INTCONbits   0x000ff2       data     extern E:\3.46\pic18-lt\cxx-framework\src\traditional\proc\p18f46k22.asm
                     PROD   0x000ff3       data     extern E:\3.46\pic18-lt\cxx-framework\src\traditional\proc\p18f46k22.asm
                    PRODL   0x000ff3       data     extern E:\3.46\pic18-lt\cxx-framework\src\traditional\proc\p18f46k22.asm
                    PRODH   0x000ff4       data     extern E:\3.46\pic18-lt\cxx-framework\src\traditional\proc\p18f46k22.asm
                   TABLAT   0x000ff5       data     extern E:\3.46\pic18-lt\cxx-framework\src\traditional\proc\p18f46k22.asm
                  TBLPTRL   0x000ff6       data     extern E:\3.46\pic18-lt\cxx-framework\src\traditional\proc\p18f46k22.asm
                   TBLPTR   0x000ff6       data     extern E:\3.46\pic18-lt\cxx-framework\src\traditional\proc\p18f46k22.asm
                  TBLPTRH   0x000ff7       data     extern E:\3.46\pic18-lt\cxx-framework\src\traditional\proc\p18f46k22.asm
              TBLPTRUbits   0x000ff8       data     extern E:\3.46\pic18-lt\cxx-framework\src\traditional\proc\p18f46k22.asm
                  TBLPTRU   0x000ff8       data     extern E:\3.46\pic18-lt\cxx-framework\src\traditional\proc\p18f46k22.asm
                       PC   0x000ff9       data     extern E:\3.46\pic18-lt\cxx-framework\src\traditional\proc\p18f46k22.asm
                      PCL   0x000ff9       data     extern E:\3.46\pic18-lt\cxx-framework\src\traditional\proc\p18f46k22.asm
                   PCLATH   0x000ffa       data     extern E:\3.46\pic18-lt\cxx-framework\src\traditional\proc\p18f46k22.asm
                   PCLATU   0x000ffb       data     extern E:\3.46\pic18-lt\cxx-framework\src\traditional\proc\p18f46k22.asm
               STKPTRbits   0x000ffc       data     extern E:\3.46\pic18-lt\cxx-framework\src\traditional\proc\p18f46k22.asm
                   STKPTR   0x000ffc       data     extern E:\3.46\pic18-lt\cxx-framework\src\traditional\proc\p18f46k22.asm
                     TOSL   0x000ffd       data     extern E:\3.46\pic18-lt\cxx-framework\src\traditional\proc\p18f46k22.asm
                      TOS   0x000ffd       data     extern E:\3.46\pic18-lt\cxx-framework\src\traditional\proc\p18f46k22.asm
                     TOSH   0x000ffe       data     extern E:\3.46\pic18-lt\cxx-framework\src\traditional\proc\p18f46k22.asm
                     TOSU   0x000fff       data     extern E:\3.46\pic18-lt\cxx-framework\src\traditional\proc\p18f46k22.asm


