MPLINK 5.00, LINKER
Linker Map File - Created Thu Nov 20 11:43:13 2014

                                 Section Info
                  Section       Type    Address   Location Size(Bytes)
                ---------  ---------  ---------  ---------  ---------
               _entry_scn       code   0x000000    program   0x000006
           .code___init.o       code   0x000006    program   0x000002
              hightVector       code   0x000008    program   0x000006
          .romdata_Main.o    romdata   0x00000e    program   0x000006
          .idata_Tick.o_i    romdata   0x000014    program   0x000004
                lowVector       code   0x000018    program   0x000006
                   .cinit    romdata   0x00001e    program   0x000056
              .code_TCP.o       code   0x000074    program   0x00555c
         .code_ENC28J60.o       code   0x0055d0    program   0x001824
          .code_Helpers.o       code   0x006df4    program   0x000dfe
              .code_ARP.o       code   0x007bf2    program   0x0005ae
             .code_Main.o       code   0x0081a0    program   0x0003f8
             .code_ICMP.o       code   0x008598    program   0x0003f2
               .code_IP.o       code   0x00898a    program   0x0003ee
         .code_StackTsk.o       code   0x008d78    program   0x0001ea
                   STRING       code   0x008f62    program   0x00018c
             .code_Tick.o       code   0x0090ee    program   0x000138
         .code_openxlcd.o       code   0x009226    program   0x0000ba
               _cinit_scn       code   0x0092e0    program   0x00009e
         .code_PICDelay.o       code   0x00937e    program   0x000062
         .code_setddram.o       code   0x0093e0    program   0x000050
         .code_setcgram.o       code   0x009430    program   0x000050
         .code_putrxlcd.o       code   0x009480    program   0x00004e
         .code_writdata.o       code   0x0094ce    program   0x00004c
         .code_wcmdxlcd.o       code   0x00951a    program   0x00004c
         .code_putsxlcd.o       code   0x009566    program   0x00004a
         .code_fxd3232u.o       code   0x0095b0    program   0x000048
         .code_readdata.o       code   0x0095f8    program   0x000044
         .code_readaddr.o       code   0x00963c    program   0x000044
         .code_hardware.o       code   0x009680    program   0x000044
                     PROG       code   0x0096c4    program   0x00003c
             .stringtable    romdata   0x009700    program   0x00003b
      .romdata_readaddr.o    romdata   0x00973b    program   0x000000
      .idata_readaddr.o_i    romdata   0x00973b    program   0x000000
      .romdata_putsxlcd.o    romdata   0x00973b    program   0x000000
      .idata_putsxlcd.o_i    romdata   0x00973b    program   0x000000
        .idata___init.o_i    romdata   0x00973b    program   0x000000
      .romdata_putrxlcd.o    romdata   0x00973b    program   0x000000
      .idata_putrxlcd.o_i    romdata   0x00973b    program   0x000000
        .romdata___init.o    romdata   0x00973b    program   0x000000
      .romdata_openxlcd.o    romdata   0x00973b    program   0x000000
      .idata_openxlcd.o_i    romdata   0x00973b    program   0x000000
      .romdata_busyxlcd.o    romdata   0x00973b    program   0x000000
      .idata_readdata.o_i    romdata   0x00973b    program   0x000000
      .romdata_readdata.o    romdata   0x00973b    program   0x000000
      .romdata_fxd3232u.o    romdata   0x00973b    program   0x000000
      .idata_setcgram.o_i    romdata   0x00973b    program   0x000000
      .idata_fxd3232u.o_i    romdata   0x00973b    program   0x000000
      .romdata_setcgram.o    romdata   0x00973b    program   0x000000
      .romdata_fxd1616u.o    romdata   0x00973b    program   0x000000
      .idata_setddram.o_i    romdata   0x00973b    program   0x000000
      .romdata_setddram.o    romdata   0x00973b    program   0x000000
      .idata_fxd1616u.o_i    romdata   0x00973b    program   0x000000
      .idata_wcmdxlcd.o_i    romdata   0x00973b    program   0x000000
      .romdata_hardware.o    romdata   0x00973b    program   0x000000
      .romdata_wcmdxlcd.o    romdata   0x00973b    program   0x000000
      .idata_writdata.o_i    romdata   0x00973b    program   0x000000
      .romdata_writdata.o    romdata   0x00973b    program   0x000000
      .idata_hardware.o_i    romdata   0x00973b    program   0x000000
         .idata_c018i.o_i    romdata   0x00973b    program   0x000000
         .romdata_c018i.o    romdata   0x00973b    program   0x000000
           .romdata_ARP.o    romdata   0x00973b    program   0x000000
      .romdata_Announce.o    romdata   0x00973b    program   0x000000
           .romdata_DNS.o    romdata   0x00973b    program   0x000000
      .romdata_ENC28J60.o    romdata   0x00973b    program   0x000000
       .romdata_Helpers.o    romdata   0x00973b    program   0x000000
          .idata_ICMP.o_i    romdata   0x00973b    program   0x000001
          .romdata_ICMP.o    romdata   0x00973b    program   0x000000
            .romdata_IP.o    romdata   0x00973b    program   0x000000
      .idata_PICDelay.o_i    romdata   0x00973b    program   0x000000
      .romdata_PICDelay.o    romdata   0x00973b    program   0x000000
      .idata_StackTsk.o_i    romdata   0x00973b    program   0x000000
      .romdata_StackTsk.o    romdata   0x00973b    program   0x000000
      .idata_busyxlcd.o_i    romdata   0x00973b    program   0x000000
.romdata_UDPPerformanceTest.o    romdata   0x00973b    program   0x000000
.idata_UDPPerformanceTest.o_i    romdata   0x00973b    program   0x000000
           .romdata_UDP.o    romdata   0x00973b    program   0x000000
           .idata_UDP.o_i    romdata   0x00973b    program   0x000000
          .romdata_Tick.o    romdata   0x00973b    program   0x000000
.romdata_TCPPerformanceTest.o    romdata   0x00973b    program   0x000000
.idata_TCPPerformanceTest.o_i    romdata   0x00973b    program   0x000000
         .code_busyxlcd.o       code   0x00973c    program   0x000036
             D10KTCYXCODE       code   0x009772    program   0x00002e
         .code_fxd1616u.o       code   0x0097a0    program   0x00002c
              D1KTCYXCODE       code   0x0097cc    program   0x000020
                    .code       code   0x0097ec    program   0x000020
             _startup_scn       code   0x00980c    program   0x00001c
           .romdata_TCP.o    romdata   0x009828    program   0x000012
           .idata_TCP.o_i    romdata   0x00983a    program   0x000002
          .idata_Main.o_i    romdata   0x00983c    program   0x000008
            .idata_IP.o_i    romdata   0x009844    program   0x000002
       .idata_Helpers.o_i    romdata   0x009846    program   0x000004
      .idata_Announce.o_i    romdata   0x00984a    program   0x000000
           .idata_DNS.o_i    romdata   0x00984a    program   0x000000
      .idata_ENC28J60.o_i    romdata   0x00984a    program   0x000000
           .idata_ARP.o_i    romdata   0x00984a    program   0x000001
.code_TCPPerformanceTest.o       code   0x00984c    program   0x000000
            .code_c018i.o       code   0x00984c    program   0x000000
              .code_UDP.o       code   0x00984c    program   0x000000
.code_UDPPerformanceTest.o       code   0x00984c    program   0x000000
              .code_DNS.o       code   0x00984c    program   0x000000
         .code_Announce.o       code   0x00984c    program   0x000000
    .config_300001_Main.o    romdata   0x300001    program   0x000001
    .config_300002_Main.o    romdata   0x300002    program   0x000001
    .config_300003_Main.o    romdata   0x300003    program   0x000001
    .config_300006_Main.o    romdata   0x300006    program   0x000001
                MATH_DATA      udata   0x000000       data   0x000014
                 .tmpdata      udata   0x000014       data   0x00000e
                DELAYDAT2      udata   0x000022       data   0x000001
                DELAYDAT1      udata   0x000023       data   0x000001
                 TCB_uRAM      udata   0x000060       data   0x000054
       SYN_QUEUE_RAM_SECT      udata   0x0000b4       data   0x00003c
        .udata_StackTsk.o      udata   0x0000f0       data   0x00000b
         .udata_Helpers.o      udata   0x0000fb       data   0x000004
              temp_tblptr      udata   0x0000ff       data   0x000001
             .udata_TCP.o      udata   0x000100       data   0x000051
            .udata_Main.o      udata   0x000151       data   0x000051
            .udata_Tick.o      udata   0x0001a2       data   0x000006
        .udata_ENC28J60.o      udata   0x0001a8       data   0x000006
            .idata_Tick.o      idata   0x0001ae       data   0x000004
         .idata_Helpers.o      idata   0x0001b2       data   0x000004
             .idata_TCP.o      idata   0x0001b6       data   0x000002
              .idata_IP.o      idata   0x0001b8       data   0x000002
            .idata_ICMP.o      idata   0x0001ba       data   0x000001
             .idata_ARP.o      idata   0x0001bb       data   0x000001
        .idata_setddram.o      idata   0x0001bc       data   0x000000
        .udata_putsxlcd.o      udata   0x0001bc       data   0x000000
        .udata_setddram.o      udata   0x0001bc       data   0x000000
        .idata_setcgram.o      idata   0x0001bc       data   0x000000
        .udata_setcgram.o      udata   0x0001bc       data   0x000000
        .idata_putsxlcd.o      idata   0x0001bc       data   0x000000
        .udata_readaddr.o      udata   0x0001bc       data   0x000000
        .idata_readdata.o      idata   0x0001bc       data   0x000000
        .udata_readdata.o      udata   0x0001bc       data   0x000000
        .idata_readaddr.o      idata   0x0001bc       data   0x000000
        .udata_wcmdxlcd.o      udata   0x0001bc       data   0x000000
        .idata_wcmdxlcd.o      idata   0x0001bc       data   0x000000
        .udata_writdata.o      udata   0x0001bc       data   0x000000
        .idata_writdata.o      idata   0x0001bc       data   0x000000
        .udata_hardware.o      udata   0x0001bc       data   0x000000
        .idata_hardware.o      idata   0x0001bc       data   0x000000
        .udata_fxd1616u.o      udata   0x0001bc       data   0x000000
        .idata_fxd1616u.o      idata   0x0001bc       data   0x000000
        .udata_fxd3232u.o      udata   0x0001bc       data   0x000000
        .idata_fxd3232u.o      idata   0x0001bc       data   0x000000
          .udata___init.o      udata   0x0001bc       data   0x000000
          .idata___init.o      idata   0x0001bc       data   0x000000
           .idata_c018i.o      idata   0x0001bc       data   0x000000
        .udata_Announce.o      udata   0x0001bc       data   0x000000
        .idata_Announce.o      idata   0x0001bc       data   0x000000
             .udata_DNS.o      udata   0x0001bc       data   0x000000
             .idata_DNS.o      idata   0x0001bc       data   0x000000
        .idata_ENC28J60.o      idata   0x0001bc       data   0x000000
        .udata_PICDelay.o      udata   0x0001bc       data   0x000000
        .idata_PICDelay.o      idata   0x0001bc       data   0x000000
        .idata_StackTsk.o      idata   0x0001bc       data   0x000000
.udata_TCPPerformanceTest.o      udata   0x0001bc       data   0x000000
        .idata_putrxlcd.o      idata   0x0001bc       data   0x000000
        .udata_putrxlcd.o      udata   0x0001bc       data   0x000000
        .idata_openxlcd.o      idata   0x0001bc       data   0x000000
        .udata_openxlcd.o      udata   0x0001bc       data   0x000000
        .idata_busyxlcd.o      idata   0x0001bc       data   0x000000
        .udata_busyxlcd.o      udata   0x0001bc       data   0x000000
.idata_UDPPerformanceTest.o      idata   0x0001bc       data   0x000000
.udata_UDPPerformanceTest.o      udata   0x0001bc       data   0x000000
             .idata_UDP.o      idata   0x0001bc       data   0x000000
             .udata_UDP.o      udata   0x0001bc       data   0x000000
.idata_TCPPerformanceTest.o      idata   0x0001bc       data   0x000000
                   .stack      udata   0x000e00       data   0x000100
             .udata_ARP.o      udata   0x000f00       data   0x000014
            .udata_ICMP.o      udata   0x000f14       data   0x000011
           .udata_c018i.o      udata   0x000f25       data   0x00000a
            .idata_Main.o      idata   0x000f2f       data   0x000008
              .udata_IP.o      udata   0x000f37       data   0x000001
              SFR_BANKED0      udata   0x000f38       data   0x000028
            SFR_UNBANKED0      udata   0x000f60       data   0x0000a0



                              Program Memory Usage 
                               Start         End      
                           ---------   ---------      
                            0x000000    0x00984a      
                            0x300001    0x300003      
                            0x300006    0x300006      
            38991 out of 66584 program addresses used, program memory utilization is 58%



                              Symbols - Sorted by Name
                     Name    Address   Location    Storage File                     
                ---------  ---------  ---------  --------- ---------                
                  ARPInit   0x007d48    program     extern C:\Users\Manager\MPLABXProjects\TEMS-Integrated.X\ARP.c
            ARPIsResolved   0x008006    program     extern C:\Users\Manager\MPLABXProjects\TEMS-Integrated.X\ARP.c
               ARPProcess   0x007d60    program     extern C:\Users\Manager\MPLABXProjects\TEMS-Integrated.X\ARP.c
                   ARPPut   0x007bf2    program     static C:\Users\Manager\MPLABXProjects\TEMS-Integrated.X\ARP.c
               ARPResolve   0x007f2c    program     extern C:\Users\Manager\MPLABXProjects\TEMS-Integrated.X\ARP.c
                   BFCReg   0x006bf4    program     static C:\Users\Manager\MPLABXProjects\TEMS-Integrated.X\ENC28J60.c
                   BFSReg   0x006c30    program     static C:\Users\Manager\MPLABXProjects\TEMS-Integrated.X\ENC28J60.c
                  BankSel   0x006ce4    program     static C:\Users\Manager\MPLABXProjects\TEMS-Integrated.X\ENC28J60.c
                 BusyXLCD   0x00973c    program     extern C:\Users\Manager\MPLABXProjects\TEMS-Integrated.X\fcts\LCD\busyxlcd.c
     CalcIPBufferChecksum   0x0061ec    program     extern C:\Users\Manager\MPLABXProjects\TEMS-Integrated.X\ENC28J60.c
           CalcIPChecksum   0x0078f6    program     extern C:\Users\Manager\MPLABXProjects\TEMS-Integrated.X\Helpers.c
              CloseSocket   0x003b64    program     static C:\Users\Manager\MPLABXProjects\TEMS-Integrated.X\TCP.c
                   D10K_1   0x00977e    program     static E:\3.46\pic18-lt\cxx-framework\src\traditional\delays\d10ktcyx.asm
                    D10Kl   0x00978a    program     static E:\3.46\pic18-lt\cxx-framework\src\traditional\delays\d10ktcyx.asm
                    D10Kx   0x00977c    program     static E:\3.46\pic18-lt\cxx-framework\src\traditional\delays\d10ktcyx.asm
                    D1K_1   0x0097d8    program     static E:\3.46\pic18-lt\cxx-framework\src\traditional\delays\d1ktcyx.asm
                     D1Kx   0x0097d6    program     static E:\3.46\pic18-lt\cxx-framework\src\traditional\delays\d1ktcyx.asm
             Delay10KTCYx   0x009772    program     extern E:\3.46\pic18-lt\cxx-framework\src\traditional\delays\d10ktcyx.asm
              Delay1KTCYx   0x0097cc    program     extern E:\3.46\pic18-lt\cxx-framework\src\traditional\delays\d1ktcyx.asm
            DelayFor18TCY   0x0083ce    program     extern C:\Users\Manager\MPLABXProjects\TEMS-Integrated.X\Main.c
                  DelayMS   0x00937e    program     extern C:\Users\Manager\MPLABXProjects\TEMS-Integrated.X\PICDelay.c
             DelayPORXLCD   0x0083f4    program     extern C:\Users\Manager\MPLABXProjects\TEMS-Integrated.X\Main.c
                DelayXLCD   0x008400    program     extern C:\Users\Manager\MPLABXProjects\TEMS-Integrated.X\Main.c
                 FXD1616U   0x0097a0    program     extern E:\3.46\pic18-lt\cxx-framework\src\traditional\math\fxd1616u.c
                 FXD3232U   0x0095b0    program     extern E:\3.46\pic18-lt\cxx-framework\src\traditional\math\fxd3232u.c
                 FXM1616U   0x0096c4    program     extern E:\3.46\pic18-lt\cxx-framework\src\traditional\math\fxm1616u.asm
       FindMatchingSocket   0x003374    program     static C:\Users\Manager\MPLABXProjects\TEMS-Integrated.X\TCP.c
        FormatNetBIOSName   0x007af4    program     extern C:\Users\Manager\MPLABXProjects\TEMS-Integrated.X\Helpers.c
      GenerateRandomDWORD   0x006f30    program     extern C:\Users\Manager\MPLABXProjects\TEMS-Integrated.X\Helpers.c
                GetCLKOUT   0x006db8    program     extern C:\Users\Manager\MPLABXProjects\TEMS-Integrated.X\ENC28J60.c
      GetMaxSegSizeOption   0x003bee    program     static C:\Users\Manager\MPLABXProjects\TEMS-Integrated.X\TCP.c
              GetTickCopy   0x0090fe    program     static C:\Users\Manager\MPLABXProjects\TEMS-Integrated.X\Tick.c
             HandleTCPSeg   0x003d44    program     static C:\Users\Manager\MPLABXProjects\TEMS-Integrated.X\TCP.c
           ICMPBeginUsage   0x00897a    program     extern C:\Users\Manager\MPLABXProjects\TEMS-Integrated.X\ICMP.c
             ICMPEndUsage   0x008984    program     extern C:\Users\Manager\MPLABXProjects\TEMS-Integrated.X\ICMP.c
             ICMPGetReply   0x0087c6    program     extern C:\Users\Manager\MPLABXProjects\TEMS-Integrated.X\ICMP.c
              ICMPProcess   0x008598    program     extern C:\Users\Manager\MPLABXProjects\TEMS-Integrated.X\ICMP.c
             ICMPSendPing   0x008780    program     extern C:\Users\Manager\MPLABXProjects\TEMS-Integrated.X\ICMP.c
              IPGetHeader   0x00898a    program     extern C:\Users\Manager\MPLABXProjects\TEMS-Integrated.X\IP.c
              IPPutHeader   0x008af4    program     extern C:\Users\Manager\MPLABXProjects\TEMS-Integrated.X\IP.c
            IPSetRxBuffer   0x008c56    program     extern C:\Users\Manager\MPLABXProjects\TEMS-Integrated.X\IP.c
            InitAppConfig   0x0084b4    program     static C:\Users\Manager\MPLABXProjects\TEMS-Integrated.X\Main.c
             InitHardware   0x009680    program     extern C:\Users\Manager\MPLABXProjects\TEMS-Integrated.X\fcts\OS\hardware.c
                 LFSRRand   0x006eaa    program     extern C:\Users\Manager\MPLABXProjects\TEMS-Integrated.X\Helpers.c
             LFSRSeedRand   0x006df4    program     extern C:\Users\Manager\MPLABXProjects\TEMS-Integrated.X\Helpers.c
        MACCalcRxChecksum   0x0060ee    program     extern C:\Users\Manager\MPLABXProjects\TEMS-Integrated.X\ENC28J60.c
             MACDiscardRx   0x005870    program     extern C:\Users\Manager\MPLABXProjects\TEMS-Integrated.X\ENC28J60.c
                 MACFlush   0x005d02    program     extern C:\Users\Manager\MPLABXProjects\TEMS-Integrated.X\ENC28J60.c
                   MACGet   0x0067d8    program     extern C:\Users\Manager\MPLABXProjects\TEMS-Integrated.X\ENC28J60.c
              MACGetArray   0x00680e    program     extern C:\Users\Manager\MPLABXProjects\TEMS-Integrated.X\ENC28J60.c
         MACGetFreeRxSize   0x00590a    program     extern C:\Users\Manager\MPLABXProjects\TEMS-Integrated.X\ENC28J60.c
             MACGetHeader   0x005a76    program     extern C:\Users\Manager\MPLABXProjects\TEMS-Integrated.X\ENC28J60.c
                  MACInit   0x0055d0    program     extern C:\Users\Manager\MPLABXProjects\TEMS-Integrated.X\ENC28J60.c
              MACIsLinked   0x005846    program     extern C:\Users\Manager\MPLABXProjects\TEMS-Integrated.X\ENC28J60.c
         MACIsMemCopyDone   0x0067c4    program     extern C:\Users\Manager\MPLABXProjects\TEMS-Integrated.X\ENC28J60.c
             MACIsTxReady   0x00585a    program     extern C:\Users\Manager\MPLABXProjects\TEMS-Integrated.X\ENC28J60.c
          MACMemCopyAsync   0x006416    program     extern C:\Users\Manager\MPLABXProjects\TEMS-Integrated.X\ENC28J60.c
             MACPowerDown   0x006d12    program     extern C:\Users\Manager\MPLABXProjects\TEMS-Integrated.X\ENC28J60.c
               MACPowerUp   0x006d50    program     extern C:\Users\Manager\MPLABXProjects\TEMS-Integrated.X\ENC28J60.c
                   MACPut   0x0068de    program     extern C:\Users\Manager\MPLABXProjects\TEMS-Integrated.X\ENC28J60.c
              MACPutArray   0x006916    program     extern C:\Users\Manager\MPLABXProjects\TEMS-Integrated.X\ENC28J60.c
             MACPutHeader   0x005c44    program     extern C:\Users\Manager\MPLABXProjects\TEMS-Integrated.X\ENC28J60.c
           MACPutROMArray   0x00697a    program     extern C:\Users\Manager\MPLABXProjects\TEMS-Integrated.X\ENC28J60.c
            MACSetReadPtr   0x00607e    program     extern C:\Users\Manager\MPLABXProjects\TEMS-Integrated.X\ENC28J60.c
        MACSetReadPtrInRx   0x005f7c    program     extern C:\Users\Manager\MPLABXProjects\TEMS-Integrated.X\ENC28J60.c
           MACSetWritePtr   0x00600c    program     extern C:\Users\Manager\MPLABXProjects\TEMS-Integrated.X\ENC28J60.c
         MyInterruptHight   0x0084a6    program     extern C:\Users\Manager\MPLABXProjects\TEMS-Integrated.X\Main.c
           MyInterruptLow   0x00840c    program     extern C:\Users\Manager\MPLABXProjects\TEMS-Integrated.X\Main.c
                 OpenXLCD   0x009226    program     extern C:\Users\Manager\MPLABXProjects\TEMS-Integrated.X\fcts\LCD\openxlcd.c
     ROMStringToIPAddress   0x007320    program     extern C:\Users\Manager\MPLABXProjects\TEMS-Integrated.X\Helpers.c
             ReadAddrXLCD   0x00963c    program     extern C:\Users\Manager\MPLABXProjects\TEMS-Integrated.X\fcts\LCD\readaddr.c
             ReadDataXLCD   0x0095f8    program     extern C:\Users\Manager\MPLABXProjects\TEMS-Integrated.X\fcts\LCD\readdata.c
               ReadETHReg   0x006a80    program     static C:\Users\Manager\MPLABXProjects\TEMS-Integrated.X\ENC28J60.c
               ReadMACReg   0x006ab8    program     static C:\Users\Manager\MPLABXProjects\TEMS-Integrated.X\ENC28J60.c
               ReadPHYReg   0x006afc    program     extern C:\Users\Manager\MPLABXProjects\TEMS-Integrated.X\ENC28J60.c
          SendSystemReset   0x0069e0    program     static C:\Users\Manager\MPLABXProjects\TEMS-Integrated.X\ENC28J60.c
                  SendTCP   0x002bae    program     static C:\Users\Manager\MPLABXProjects\TEMS-Integrated.X\TCP.c
     SerializedMACAddress   0x00000e    program     static C:\Users\Manager\MPLABXProjects\TEMS-Integrated.X\Main.c
             SetCGRamAddr   0x009430    program     extern C:\Users\Manager\MPLABXProjects\TEMS-Integrated.X\fcts\LCD\setcgram.c
                SetCLKOUT   0x006d7e    program     extern C:\Users\Manager\MPLABXProjects\TEMS-Integrated.X\ENC28J60.c
             SetDDRamAddr   0x0093e0    program     extern C:\Users\Manager\MPLABXProjects\TEMS-Integrated.X\fcts\LCD\setddram.c
        StackApplications   0x008f60    program     extern C:\Users\Manager\MPLABXProjects\TEMS-Integrated.X\StackTsk.c
                StackInit   0x008d78    program     extern C:\Users\Manager\MPLABXProjects\TEMS-Integrated.X\StackTsk.c
                StackTask   0x008db8    program     extern C:\Users\Manager\MPLABXProjects\TEMS-Integrated.X\StackTsk.c
        StringToIPAddress   0x007158    program     extern C:\Users\Manager\MPLABXProjects\TEMS-Integrated.X\Helpers.c
            SwapARPPacket   0x0080c8    program     extern C:\Users\Manager\MPLABXProjects\TEMS-Integrated.X\ARP.c
             SwapIPHeader   0x008c90    program     static C:\Users\Manager\MPLABXProjects\TEMS-Integrated.X\IP.c
            SwapTCPHeader   0x003934    program     static C:\Users\Manager\MPLABXProjects\TEMS-Integrated.X\TCP.c
                  SyncTCB   0x00010e    program     static C:\Users\Manager\MPLABXProjects\TEMS-Integrated.X\TCP.c
              SyncTCBStub   0x000074    program     static C:\Users\Manager\MPLABXProjects\TEMS-Integrated.X\TCP.c
        TCPAdjustFIFOSize   0x005028    program     extern C:\Users\Manager\MPLABXProjects\TEMS-Integrated.X\TCP.c
                 TCPClose   0x0006a6    program     extern C:\Users\Manager\MPLABXProjects\TEMS-Integrated.X\TCP.c
               TCPDiscard   0x000f2c    program     extern C:\Users\Manager\MPLABXProjects\TEMS-Integrated.X\TCP.c
            TCPDisconnect   0x0005ea    program     extern C:\Users\Manager\MPLABXProjects\TEMS-Integrated.X\TCP.c
           TCPFindArrayEx   0x0015ec    program     extern C:\Users\Manager\MPLABXProjects\TEMS-Integrated.X\TCP.c
                TCPFindEx   0x002160    program     extern C:\Users\Manager\MPLABXProjects\TEMS-Integrated.X\TCP.c
        TCPFindROMArrayEx   0x001ba0    program     extern C:\Users\Manager\MPLABXProjects\TEMS-Integrated.X\TCP.c
                 TCPFlush   0x000722    program     extern C:\Users\Manager\MPLABXProjects\TEMS-Integrated.X\TCP.c
                   TCPGet   0x000fde    program     extern C:\Users\Manager\MPLABXProjects\TEMS-Integrated.X\TCP.c
              TCPGetArray   0x0010cc    program     extern C:\Users\Manager\MPLABXProjects\TEMS-Integrated.X\TCP.c
         TCPGetRemoteInfo   0x0006ce    program     extern C:\Users\Manager\MPLABXProjects\TEMS-Integrated.X\TCP.c
         TCPGetRxFIFOFree   0x001316    program     extern C:\Users\Manager\MPLABXProjects\TEMS-Integrated.X\TCP.c
         TCPGetTxFIFOFull   0x000eb0    program     extern C:\Users\Manager\MPLABXProjects\TEMS-Integrated.X\TCP.c
                  TCPInit   0x0001c6    program     extern C:\Users\Manager\MPLABXProjects\TEMS-Integrated.X\TCP.c
           TCPIsConnected   0x0005c2    program     extern C:\Users\Manager\MPLABXProjects\TEMS-Integrated.X\TCP.c
            TCPIsGetReady   0x000f78    program     extern C:\Users\Manager\MPLABXProjects\TEMS-Integrated.X\TCP.c
            TCPIsPutReady   0x00075c    program     extern C:\Users\Manager\MPLABXProjects\TEMS-Integrated.X\TCP.c
                  TCPOpen   0x0003d0    program     extern C:\Users\Manager\MPLABXProjects\TEMS-Integrated.X\TCP.c
                  TCPPeek   0x0015ac    program     extern C:\Users\Manager\MPLABXProjects\TEMS-Integrated.X\TCP.c
             TCPPeekArray   0x00138c    program     extern C:\Users\Manager\MPLABXProjects\TEMS-Integrated.X\TCP.c
               TCPProcess   0x0029aa    program     extern C:\Users\Manager\MPLABXProjects\TEMS-Integrated.X\TCP.c
                   TCPPut   0x0007e8    program     extern C:\Users\Manager\MPLABXProjects\TEMS-Integrated.X\TCP.c
              TCPPutArray   0x000920    program     extern C:\Users\Manager\MPLABXProjects\TEMS-Integrated.X\TCP.c
           TCPPutROMArray   0x000b62    program     extern C:\Users\Manager\MPLABXProjects\TEMS-Integrated.X\TCP.c
          TCPPutROMString   0x000e1e    program     extern C:\Users\Manager\MPLABXProjects\TEMS-Integrated.X\TCP.c
             TCPPutString   0x000d9c    program     extern C:\Users\Manager\MPLABXProjects\TEMS-Integrated.X\TCP.c
               TCPRAMCopy   0x00530e    program     static C:\Users\Manager\MPLABXProjects\TEMS-Integrated.X\TCP.c
            TCPRAMCopyROM   0x005446    program     static C:\Users\Manager\MPLABXProjects\TEMS-Integrated.X\TCP.c
     TCPSocketInitializer   0x009828    program     extern C:\Users\Manager\MPLABXProjects\TEMS-Integrated.X\TCPIPConfig.h
                  TCPTick   0x0021b2    program     extern C:\Users\Manager\MPLABXProjects\TEMS-Integrated.X\TCP.c
              TCPWasReset   0x00059a    program     extern C:\Users\Manager\MPLABXProjects\TEMS-Integrated.X\TCP.c
TickConvertToMilliseconds   0x0091d0    program     extern C:\Users\Manager\MPLABXProjects\TEMS-Integrated.X\Tick.c
                  TickGet   0x009124    program     extern C:\Users\Manager\MPLABXProjects\TEMS-Integrated.X\Tick.c
            TickGetDiv256   0x009138    program     extern C:\Users\Manager\MPLABXProjects\TEMS-Integrated.X\Tick.c
            TickGetDiv64K   0x009184    program     extern C:\Users\Manager\MPLABXProjects\TEMS-Integrated.X\Tick.c
                 TickInit   0x0090ee    program     extern C:\Users\Manager\MPLABXProjects\TEMS-Integrated.X\Tick.c
               TickUpdate   0x009212    program     extern C:\Users\Manager\MPLABXProjects\TEMS-Integrated.X\Tick.c
             WriteCmdXLCD   0x00951a    program     extern C:\Users\Manager\MPLABXProjects\TEMS-Integrated.X\fcts\LCD\wcmdxlcd.c
            WriteDataXLCD   0x0094ce    program     extern C:\Users\Manager\MPLABXProjects\TEMS-Integrated.X\fcts\LCD\writdata.c
              WritePHYReg   0x006c6c    program     extern C:\Users\Manager\MPLABXProjects\TEMS-Integrated.X\ENC28J60.c
                 WriteReg   0x006bb8    program     static C:\Users\Manager\MPLABXProjects\TEMS-Integrated.X\ENC28J60.c
              _2jContinue   0x00901e    program     static E:\3.46\pic18-lt\cxx-framework\src\traditional\stdclib\memset.asm
                   _2jEnd   0x0090ae    program     static E:\3.46\pic18-lt\cxx-framework\src\traditional\stdclib\slenpgm.asm
              _3jContinue   0x008fea    program     static E:\3.46\pic18-lt\cxx-framework\src\traditional\stdclib\mcpyp2r.asm
                   _3jEnd   0x009028    program     static E:\3.46\pic18-lt\cxx-framework\src\traditional\stdclib\memset.asm
              _4jContinue   0x008f96    program     static E:\3.46\pic18-lt\cxx-framework\src\traditional\stdclib\memcpy.asm
                   _4jEnd   0x008ff4    program     static E:\3.46\pic18-lt\cxx-framework\src\traditional\stdclib\mcpyp2r.asm
                   _5jEnd   0x008fa0    program     static E:\3.46\pic18-lt\cxx-framework\src\traditional\stdclib\memcpy.asm
       _D10KTCYXCODE_0010   0x009782    program     static E:\3.46\pic18-lt\cxx-framework\src\traditional\delays\d10ktcyx.asm
       _D10KTCYXCODE_001C   0x00978e    program     static E:\3.46\pic18-lt\cxx-framework\src\traditional\delays\d10ktcyx.asm
        _D1KTCYXCODE_0010   0x0097dc    program     static E:\3.46\pic18-lt\cxx-framework\src\traditional\delays\d1ktcyx.asm
        _D1KTCYXCODE_0016   0x0097e2    program     static E:\3.46\pic18-lt\cxx-framework\src\traditional\delays\d1ktcyx.asm
           ___do_lbl00002   0x00911c    program     static                          
           ___do_lbl00003   0x009120    program     static                          
           ___do_lbl00004   0x0090fe    program     static                          
          ___for_lbl00100   0x007ab0    program     static                          
          ___for_lbl00101   0x007ab6    program     static                          
          ___for_lbl00102   0x007a92    program     static                          
          ___for_lbl00103   0x007aca    program     static                          
          ___for_lbl00104   0x007ace    program     static                          
          ___for_lbl00105   0x007ab6    program     static                          
           ___if_lbl00014   0x007044    program     static                          
           ___if_lbl00015   0x007062    program     static                          
           ___if_lbl00016   0x0070f4    program     static                          
           ___if_lbl00017   0x0070fa    program     static                          
           ___if_lbl00019   0x005abc    program     static                          
           ___if_lbl00020   0x005ac8    program     static                          
           ___if_lbl00026   0x005bac    program     static                          
           ___if_lbl00029   0x005c24    program     static                          
       ___return_lbl00000   0x0097ca    program     static                          
       ___return_lbl00000   0x0095f6    program     static                          
       ___return_lbl00000   0x000004    program     static                          
       ___return_lbl00001   0x009122    program     static                          
       ___return_lbl00001   0x009826    program     static                          
       ___return_lbl00002   0x00937c    program     static                          
       ___return_lbl00009   0x007144    program     static                          
       ___return_lbl00018   0x005c2c    program     static                          
       ___return_lbl00019   0x0083f2    program     static                          
       ___return_lbl00022   0x00001c    program     static                          
       ___return_lbl00023   0x00000c    program     static                          
       ___return_lbl00099   0x007ae0    program     static                          
        ___while_lbl00010   0x006f9e    program     static                          
        ___while_lbl00011   0x0070fc    program     static                          
        ___while_lbl00012   0x006fa6    program     static                          
        ___while_lbl00013   0x006faa    program     static                          
               __config_0   0x300001    program     static C:\Users\Manager\MPLABXProjects\TEMS-Integrated.X\Main.c
               __config_1   0x300002    program     static C:\Users\Manager\MPLABXProjects\TEMS-Integrated.X\Main.c
               __config_2   0x300003    program     static C:\Users\Manager\MPLABXProjects\TEMS-Integrated.X\Main.c
               __config_3   0x300006    program     static C:\Users\Manager\MPLABXProjects\TEMS-Integrated.X\Main.c
                   __init   0x000006    program     extern E:\3.46\pic18-lt\cxx-framework\src\traditional\stdclib\__init.c
               __string_0   0x009735    program     static C:\Users\Manager\MPLABXProjects\TEMS-Integrated.X\Main.c
               __string_1   0x00972f    program     static C:\Users\Manager\MPLABXProjects\TEMS-Integrated.X\Main.c
               __string_2   0x009727    program     static C:\Users\Manager\MPLABXProjects\TEMS-Integrated.X\Main.c
               __string_3   0x00971f    program     static C:\Users\Manager\MPLABXProjects\TEMS-Integrated.X\Main.c
               __string_4   0x009719    program     static C:\Users\Manager\MPLABXProjects\TEMS-Integrated.X\Main.c
               __string_5   0x009700    program     static C:\Users\Manager\MPLABXProjects\TEMS-Integrated.X\Main.c
               __tmplbl_0   0x007008    program     static                          
              __tmplbl_10   0x005c12    program     static                          
              __tmplbl_11   0x005c04    program     static                          
              __tmplbl_12   0x005c0a    program     static                          
             __tmplbl_151   0x004ffe    program     static                          
             __tmplbl_153   0x0047c0    program     static                          
             __tmplbl_154   0x004ffe    program     static                          
             __tmplbl_155   0x005014    program     static                          
             __tmplbl_161   0x005014    program     static                          
             __tmplbl_163   0x005014    program     static                          
             __tmplbl_164   0x005014    program     static                          
             __tmplbl_171   0x005014    program     static                          
             __tmplbl_172   0x005004    program     static                          
             __tmplbl_173   0x004ffe    program     static                          
             __tmplbl_174   0x005014    program     static                          
             __tmplbl_177   0x005014    program     static                          
             __tmplbl_178   0x005008    program     static                          
             __tmplbl_191   0x004ffe    program     static                          
             __tmplbl_192   0x005014    program     static                          
             __tmplbl_193   0x005014    program     static                          
             __tmplbl_194   0x005014    program     static                          
             __tmplbl_195   0x005014    program     static                          
             __tmplbl_196   0x005014    program     static                          
             __tmplbl_197   0x004ffe    program     static                          
               __tmplbl_3   0x005baa    program     static                          
               __tmplbl_4   0x005b96    program     static                          
               __tmplbl_5   0x005b80    program     static                          
               __tmplbl_6   0x005b6c    program     static                          
               __tmplbl_7   0x005b56    program     static                          
               __tmplbl_8   0x005b48    program     static                          
               __tmplbl_9   0x005b46    program     static                          
            __zero_memory   0x0097ec    program     extern E:\3.46\pic18-lt\cxx-framework\src\traditional\proc\p18f46k22.asm
                _do_cinit   0x0092e0    program     extern E:\3.46\pic18-lt\cxx-framework\src\traditional\startup\c018i.c
                   _entry   0x000000    program     extern E:\3.46\pic18-lt\cxx-framework\src\traditional\startup\c018i.c
                   _false   0x0095f2    program     static                          
                 _startup   0x00980c    program     extern E:\3.46\pic18-lt\cxx-framework\src\traditional\startup\c018i.c
         atInterruptHight   0x000008    program     extern C:\Users\Manager\MPLABXProjects\TEMS-Integrated.X\Main.c
           atInterruptLow   0x000018    program     extern C:\Users\Manager\MPLABXProjects\TEMS-Integrated.X\Main.c
             btohexa_high   0x0076ca    program     extern C:\Users\Manager\MPLABXProjects\TEMS-Integrated.X\Helpers.c
              btohexa_low   0x0076fe    program     extern C:\Users\Manager\MPLABXProjects\TEMS-Integrated.X\Helpers.c
                compare_l   0x009802    program     static E:\3.46\pic18-lt\cxx-framework\src\traditional\proc\p18f46k22.asm
                copy_loop   0x009352    program     static                          
            copy_one_byte   0x009358    program     static                          
                     done   0x00937c    program     static                          
             done_copying   0x009366    program     static                          
                  endloop   0x0097c6    program     static                          
                  hexatob   0x007634    program     extern C:\Users\Manager\MPLABXProjects\TEMS-Integrated.X\Helpers.c
                     jEnd   0x0090ec    program     static E:\3.46\pic18-lt\cxx-framework\src\traditional\stdclib\strupr.asm
                     jEnd   0x00905c    program     static E:\3.46\pic18-lt\cxx-framework\src\traditional\stdclib\scmpp2r.asm
                     jEnd   0x0090b0    program     static E:\3.46\pic18-lt\cxx-framework\src\traditional\stdclib\slenpgm.asm
                     jEnd   0x009030    program     static E:\3.46\pic18-lt\cxx-framework\src\traditional\stdclib\memset.asm
                     jEnd   0x008ffc    program     static E:\3.46\pic18-lt\cxx-framework\src\traditional\stdclib\mcpyp2r.asm
                     jEnd   0x009078    program     static E:\3.46\pic18-lt\cxx-framework\src\traditional\stdclib\strlen.asm
                     jEnd   0x008fa6    program     static E:\3.46\pic18-lt\cxx-framework\src\traditional\stdclib\memcpy.asm
                    jLoop   0x00906e    program     static E:\3.46\pic18-lt\cxx-framework\src\traditional\stdclib\strlen.asm
                    jLoop   0x009050    program     static E:\3.46\pic18-lt\cxx-framework\src\traditional\stdclib\scmpp2r.asm
                    jLoop   0x009012    program     static E:\3.46\pic18-lt\cxx-framework\src\traditional\stdclib\memset.asm
                    jLoop   0x009098    program     static E:\3.46\pic18-lt\cxx-framework\src\traditional\stdclib\slenpgm.asm
                    jLoop   0x008fde    program     static E:\3.46\pic18-lt\cxx-framework\src\traditional\stdclib\mcpyp2r.asm
                    jLoop   0x008f8a    program     static E:\3.46\pic18-lt\cxx-framework\src\traditional\stdclib\memcpy.asm
                    jLoop   0x0090d8    program     static E:\3.46\pic18-lt\cxx-framework\src\traditional\stdclib\strupr.asm
                    jSkip   0x0090e8    program     static E:\3.46\pic18-lt\cxx-framework\src\traditional\stdclib\strupr.asm
          leftRotateDWORD   0x007a68    program     extern C:\Users\Manager\MPLABXProjects\TEMS-Integrated.X\Helpers.c
                     loop   0x0095be    program     static                          
                     loop   0x00981c    program     static                          
                     loop   0x0097aa    program     static                          
                   loop_h   0x0097fa    program     static E:\3.46\pic18-lt\cxx-framework\src\traditional\proc\p18f46k22.asm
                   loop_l   0x009804    program     static E:\3.46\pic18-lt\cxx-framework\src\traditional\proc\p18f46k22.asm
                     main   0x0081a0    program     extern C:\Users\Manager\MPLABXProjects\TEMS-Integrated.X\Main.c
                   memcpy   0x008f62    program     extern E:\3.46\pic18-lt\cxx-framework\src\traditional\stdclib\memcpy.asm
            memcpypgm2ram   0x008fb8    program     extern E:\3.46\pic18-lt\cxx-framework\src\traditional\stdclib\mcpyp2r.asm
                   memset   0x008ffe    program     extern E:\3.46\pic18-lt\cxx-framework\src\traditional\stdclib\memset.asm
                putrsXLCD   0x009480    program     extern C:\Users\Manager\MPLABXProjects\TEMS-Integrated.X\fcts\LCD\putrxlcd.c
                 putsXLCD   0x009566    program     extern C:\Users\Manager\MPLABXProjects\TEMS-Integrated.X\fcts\LCD\putsxlcd.c
            strcmppgm2ram   0x009032    program     extern E:\3.46\pic18-lt\cxx-framework\src\traditional\stdclib\scmpp2r.asm
           stricmppgm2ram   0x00772e    program     extern C:\Users\Manager\MPLABXProjects\TEMS-Integrated.X\Helpers.c
                   strlen   0x00905e    program     extern E:\3.46\pic18-lt\cxx-framework\src\traditional\stdclib\strlen.asm
                strlenpgm   0x00907a    program     extern E:\3.46\pic18-lt\cxx-framework\src\traditional\stdclib\slenpgm.asm
                  strnchr   0x007b84    program     extern C:\Users\Manager\MPLABXProjects\TEMS-Integrated.X\Helpers.c
                   strupr   0x0090c4    program     extern E:\3.46\pic18-lt\cxx-framework\src\traditional\stdclib\strupr.asm
                    swapl   0x007852    program     extern C:\Users\Manager\MPLABXProjects\TEMS-Integrated.X\Helpers.c
                    swaps   0x007800    program     extern C:\Users\Manager\MPLABXProjects\TEMS-Integrated.X\Helpers.c
                     test   0x0092fa    program     static                          
                    uitoa   0x0074ea    program     extern C:\Users\Manager\MPLABXProjects\TEMS-Integrated.X\Helpers.c
               zero_block   0x0097fa    program     static E:\3.46\pic18-lt\cxx-framework\src\traditional\proc\p18f46k22.asm
                   ADCON0   0x000fc2       data     extern E:\3.46\pic18-lt\cxx-framework\src\traditional\proc\p18f46k22.asm
               ADCON0bits   0x000fc2       data     extern E:\3.46\pic18-lt\cxx-framework\src\traditional\proc\p18f46k22.asm
                   ADCON1   0x000fc1       data     extern E:\3.46\pic18-lt\cxx-framework\src\traditional\proc\p18f46k22.asm
               ADCON1bits   0x000fc1       data     extern E:\3.46\pic18-lt\cxx-framework\src\traditional\proc\p18f46k22.asm
                   ADCON2   0x000fc0       data     extern E:\3.46\pic18-lt\cxx-framework\src\traditional\proc\p18f46k22.asm
               ADCON2bits   0x000fc0       data     extern E:\3.46\pic18-lt\cxx-framework\src\traditional\proc\p18f46k22.asm
                    ADRES   0x000fc3       data     extern E:\3.46\pic18-lt\cxx-framework\src\traditional\proc\p18f46k22.asm
                   ADRESH   0x000fc4       data     extern E:\3.46\pic18-lt\cxx-framework\src\traditional\proc\p18f46k22.asm
                   ADRESL   0x000fc3       data     extern E:\3.46\pic18-lt\cxx-framework\src\traditional\proc\p18f46k22.asm
                   ANSELA   0x000f38       data     extern E:\3.46\pic18-lt\cxx-framework\src\traditional\proc\p18f46k22.asm
               ANSELAbits   0x000f38       data     extern E:\3.46\pic18-lt\cxx-framework\src\traditional\proc\p18f46k22.asm
                   ANSELB   0x000f39       data     extern E:\3.46\pic18-lt\cxx-framework\src\traditional\proc\p18f46k22.asm
               ANSELBbits   0x000f39       data     extern E:\3.46\pic18-lt\cxx-framework\src\traditional\proc\p18f46k22.asm
                   ANSELC   0x000f3a       data     extern E:\3.46\pic18-lt\cxx-framework\src\traditional\proc\p18f46k22.asm
               ANSELCbits   0x000f3a       data     extern E:\3.46\pic18-lt\cxx-framework\src\traditional\proc\p18f46k22.asm
                   ANSELD   0x000f3b       data     extern E:\3.46\pic18-lt\cxx-framework\src\traditional\proc\p18f46k22.asm
               ANSELDbits   0x000f3b       data     extern E:\3.46\pic18-lt\cxx-framework\src\traditional\proc\p18f46k22.asm
                   ANSELE   0x000f3c       data     extern E:\3.46\pic18-lt\cxx-framework\src\traditional\proc\p18f46k22.asm
               ANSELEbits   0x000f3c       data     extern E:\3.46\pic18-lt\cxx-framework\src\traditional\proc\p18f46k22.asm
                AppConfig   0x000151       data     extern C:\Users\Manager\MPLABXProjects\TEMS-Integrated.X\Main.c
                 BAUD1CON   0x000fb8       data     extern E:\3.46\pic18-lt\cxx-framework\src\traditional\proc\p18f46k22.asm
             BAUD1CONbits   0x000fb8       data     extern E:\3.46\pic18-lt\cxx-framework\src\traditional\proc\p18f46k22.asm
                 BAUD2CON   0x000f70       data     extern E:\3.46\pic18-lt\cxx-framework\src\traditional\proc\p18f46k22.asm
             BAUD2CONbits   0x000f70       data     extern E:\3.46\pic18-lt\cxx-framework\src\traditional\proc\p18f46k22.asm
                  BAUDCON   0x000fb8       data     extern E:\3.46\pic18-lt\cxx-framework\src\traditional\proc\p18f46k22.asm
                 BAUDCON1   0x000fb8       data     extern E:\3.46\pic18-lt\cxx-framework\src\traditional\proc\p18f46k22.asm
             BAUDCON1bits   0x000fb8       data     extern E:\3.46\pic18-lt\cxx-framework\src\traditional\proc\p18f46k22.asm
                 BAUDCON2   0x000f70       data     extern E:\3.46\pic18-lt\cxx-framework\src\traditional\proc\p18f46k22.asm
             BAUDCON2bits   0x000f70       data     extern E:\3.46\pic18-lt\cxx-framework\src\traditional\proc\p18f46k22.asm
              BAUDCONbits   0x000fb8       data     extern E:\3.46\pic18-lt\cxx-framework\src\traditional\proc\p18f46k22.asm
                  BAUDCTL   0x000fb8       data     extern E:\3.46\pic18-lt\cxx-framework\src\traditional\proc\p18f46k22.asm
              BAUDCTLbits   0x000fb8       data     extern E:\3.46\pic18-lt\cxx-framework\src\traditional\proc\p18f46k22.asm
                      BSR   0x000fe0       data     extern E:\3.46\pic18-lt\cxx-framework\src\traditional\proc\p18f46k22.asm
                  CCP1CON   0x000fbd       data     extern E:\3.46\pic18-lt\cxx-framework\src\traditional\proc\p18f46k22.asm
              CCP1CONbits   0x000fbd       data     extern E:\3.46\pic18-lt\cxx-framework\src\traditional\proc\p18f46k22.asm
                   CCP2AS   0x000f64       data     extern E:\3.46\pic18-lt\cxx-framework\src\traditional\proc\p18f46k22.asm
               CCP2ASbits   0x000f64       data     extern E:\3.46\pic18-lt\cxx-framework\src\traditional\proc\p18f46k22.asm
                  CCP2CON   0x000f66       data     extern E:\3.46\pic18-lt\cxx-framework\src\traditional\proc\p18f46k22.asm
              CCP2CONbits   0x000f66       data     extern E:\3.46\pic18-lt\cxx-framework\src\traditional\proc\p18f46k22.asm
                   CCP3AS   0x000f5b       data     extern E:\3.46\pic18-lt\cxx-framework\src\traditional\proc\p18f46k22.asm
               CCP3ASbits   0x000f5b       data     extern E:\3.46\pic18-lt\cxx-framework\src\traditional\proc\p18f46k22.asm
                  CCP3CON   0x000f5d       data     extern E:\3.46\pic18-lt\cxx-framework\src\traditional\proc\p18f46k22.asm
              CCP3CONbits   0x000f5d       data     extern E:\3.46\pic18-lt\cxx-framework\src\traditional\proc\p18f46k22.asm
                  CCP4CON   0x000f57       data     extern E:\3.46\pic18-lt\cxx-framework\src\traditional\proc\p18f46k22.asm
              CCP4CONbits   0x000f57       data     extern E:\3.46\pic18-lt\cxx-framework\src\traditional\proc\p18f46k22.asm
                  CCP5CON   0x000f54       data     extern E:\3.46\pic18-lt\cxx-framework\src\traditional\proc\p18f46k22.asm
              CCP5CONbits   0x000f54       data     extern E:\3.46\pic18-lt\cxx-framework\src\traditional\proc\p18f46k22.asm
                    CCPR1   0x000fbe       data     extern E:\3.46\pic18-lt\cxx-framework\src\traditional\proc\p18f46k22.asm
                   CCPR1H   0x000fbf       data     extern E:\3.46\pic18-lt\cxx-framework\src\traditional\proc\p18f46k22.asm
                   CCPR1L   0x000fbe       data     extern E:\3.46\pic18-lt\cxx-framework\src\traditional\proc\p18f46k22.asm
                    CCPR2   0x000f67       data     extern E:\3.46\pic18-lt\cxx-framework\src\traditional\proc\p18f46k22.asm
                   CCPR2H   0x000f68       data     extern E:\3.46\pic18-lt\cxx-framework\src\traditional\proc\p18f46k22.asm
                   CCPR2L   0x000f67       data     extern E:\3.46\pic18-lt\cxx-framework\src\traditional\proc\p18f46k22.asm
                    CCPR3   0x000f5e       data     extern E:\3.46\pic18-lt\cxx-framework\src\traditional\proc\p18f46k22.asm
                   CCPR3H   0x000f5f       data     extern E:\3.46\pic18-lt\cxx-framework\src\traditional\proc\p18f46k22.asm
                   CCPR3L   0x000f5e       data     extern E:\3.46\pic18-lt\cxx-framework\src\traditional\proc\p18f46k22.asm
                    CCPR4   0x000f58       data     extern E:\3.46\pic18-lt\cxx-framework\src\traditional\proc\p18f46k22.asm
                   CCPR4H   0x000f59       data     extern E:\3.46\pic18-lt\cxx-framework\src\traditional\proc\p18f46k22.asm
                   CCPR4L   0x000f58       data     extern E:\3.46\pic18-lt\cxx-framework\src\traditional\proc\p18f46k22.asm
                    CCPR5   0x000f55       data     extern E:\3.46\pic18-lt\cxx-framework\src\traditional\proc\p18f46k22.asm
                   CCPR5H   0x000f56       data     extern E:\3.46\pic18-lt\cxx-framework\src\traditional\proc\p18f46k22.asm
                   CCPR5L   0x000f55       data     extern E:\3.46\pic18-lt\cxx-framework\src\traditional\proc\p18f46k22.asm
                 CCPTMRS0   0x000f49       data     extern E:\3.46\pic18-lt\cxx-framework\src\traditional\proc\p18f46k22.asm
             CCPTMRS0bits   0x000f49       data     extern E:\3.46\pic18-lt\cxx-framework\src\traditional\proc\p18f46k22.asm
                 CCPTMRS1   0x000f48       data     extern E:\3.46\pic18-lt\cxx-framework\src\traditional\proc\p18f46k22.asm
             CCPTMRS1bits   0x000f48       data     extern E:\3.46\pic18-lt\cxx-framework\src\traditional\proc\p18f46k22.asm
                  CM12CON   0x000f77       data     extern E:\3.46\pic18-lt\cxx-framework\src\traditional\proc\p18f46k22.asm
              CM12CONbits   0x000f77       data     extern E:\3.46\pic18-lt\cxx-framework\src\traditional\proc\p18f46k22.asm
                   CM1CON   0x000f79       data     extern E:\3.46\pic18-lt\cxx-framework\src\traditional\proc\p18f46k22.asm
                  CM1CON0   0x000f79       data     extern E:\3.46\pic18-lt\cxx-framework\src\traditional\proc\p18f46k22.asm
              CM1CON0bits   0x000f79       data     extern E:\3.46\pic18-lt\cxx-framework\src\traditional\proc\p18f46k22.asm
               CM1CONbits   0x000f79       data     extern E:\3.46\pic18-lt\cxx-framework\src\traditional\proc\p18f46k22.asm
                   CM2CON   0x000f78       data     extern E:\3.46\pic18-lt\cxx-framework\src\traditional\proc\p18f46k22.asm
                  CM2CON0   0x000f78       data     extern E:\3.46\pic18-lt\cxx-framework\src\traditional\proc\p18f46k22.asm
              CM2CON0bits   0x000f78       data     extern E:\3.46\pic18-lt\cxx-framework\src\traditional\proc\p18f46k22.asm
                  CM2CON1   0x000f77       data     extern E:\3.46\pic18-lt\cxx-framework\src\traditional\proc\p18f46k22.asm
              CM2CON1bits   0x000f77       data     extern E:\3.46\pic18-lt\cxx-framework\src\traditional\proc\p18f46k22.asm
               CM2CONbits   0x000f78       data     extern E:\3.46\pic18-lt\cxx-framework\src\traditional\proc\p18f46k22.asm
                 CTMUCON0   0x000f45       data     extern E:\3.46\pic18-lt\cxx-framework\src\traditional\proc\p18f46k22.asm
             CTMUCON0bits   0x000f45       data     extern E:\3.46\pic18-lt\cxx-framework\src\traditional\proc\p18f46k22.asm
                 CTMUCON1   0x000f44       data     extern E:\3.46\pic18-lt\cxx-framework\src\traditional\proc\p18f46k22.asm
             CTMUCON1bits   0x000f44       data     extern E:\3.46\pic18-lt\cxx-framework\src\traditional\proc\p18f46k22.asm
                 CTMUCONH   0x000f45       data     extern E:\3.46\pic18-lt\cxx-framework\src\traditional\proc\p18f46k22.asm
             CTMUCONHbits   0x000f45       data     extern E:\3.46\pic18-lt\cxx-framework\src\traditional\proc\p18f46k22.asm
                 CTMUCONL   0x000f44       data     extern E:\3.46\pic18-lt\cxx-framework\src\traditional\proc\p18f46k22.asm
             CTMUCONLbits   0x000f44       data     extern E:\3.46\pic18-lt\cxx-framework\src\traditional\proc\p18f46k22.asm
                 CTMUICON   0x000f43       data     extern E:\3.46\pic18-lt\cxx-framework\src\traditional\proc\p18f46k22.asm
                CTMUICONH   0x000f43       data     extern E:\3.46\pic18-lt\cxx-framework\src\traditional\proc\p18f46k22.asm
            CTMUICONHbits   0x000f43       data     extern E:\3.46\pic18-lt\cxx-framework\src\traditional\proc\p18f46k22.asm
             CTMUICONbits   0x000f43       data     extern E:\3.46\pic18-lt\cxx-framework\src\traditional\proc\p18f46k22.asm
                    Cache   0x000f00       data     static C:\Users\Manager\MPLABXProjects\TEMS-Integrated.X\ARP.c
    CurrentPacketLocation   0x0001aa       data     static C:\Users\Manager\MPLABXProjects\TEMS-Integrated.X\ENC28J60.c
                  DACCON0   0x000f41       data     extern E:\3.46\pic18-lt\cxx-framework\src\traditional\proc\p18f46k22.asm
              DACCON0bits   0x000f41       data     extern E:\3.46\pic18-lt\cxx-framework\src\traditional\proc\p18f46k22.asm
                  DACCON1   0x000f40       data     extern E:\3.46\pic18-lt\cxx-framework\src\traditional\proc\p18f46k22.asm
              DACCON1bits   0x000f40       data     extern E:\3.46\pic18-lt\cxx-framework\src\traditional\proc\p18f46k22.asm
                     DDRA   0x000f92       data     extern E:\3.46\pic18-lt\cxx-framework\src\traditional\proc\p18f46k22.asm
                 DDRAbits   0x000f92       data     extern E:\3.46\pic18-lt\cxx-framework\src\traditional\proc\p18f46k22.asm
                     DDRB   0x000f93       data     extern E:\3.46\pic18-lt\cxx-framework\src\traditional\proc\p18f46k22.asm
                 DDRBbits   0x000f93       data     extern E:\3.46\pic18-lt\cxx-framework\src\traditional\proc\p18f46k22.asm
                     DDRC   0x000f94       data     extern E:\3.46\pic18-lt\cxx-framework\src\traditional\proc\p18f46k22.asm
                 DDRCbits   0x000f94       data     extern E:\3.46\pic18-lt\cxx-framework\src\traditional\proc\p18f46k22.asm
                     DDRD   0x000f95       data     extern E:\3.46\pic18-lt\cxx-framework\src\traditional\proc\p18f46k22.asm
                 DDRDbits   0x000f95       data     extern E:\3.46\pic18-lt\cxx-framework\src\traditional\proc\p18f46k22.asm
                     DDRE   0x000f96       data     extern E:\3.46\pic18-lt\cxx-framework\src\traditional\proc\p18f46k22.asm
                 DDREbits   0x000f96       data     extern E:\3.46\pic18-lt\cxx-framework\src\traditional\proc\p18f46k22.asm
            DelayCounter1   0x000023       data     extern E:\3.46\pic18-lt\cxx-framework\src\traditional\delays\delayd1.asm
            DelayCounter2   0x000022       data     extern E:\3.46\pic18-lt\cxx-framework\src\traditional\delays\delayd2.asm
               DonneRecue   0x000184       data     extern C:\Users\Manager\MPLABXProjects\TEMS-Integrated.X\Main.c
                  ECCP1AS   0x000fb6       data     extern E:\3.46\pic18-lt\cxx-framework\src\traditional\proc\p18f46k22.asm
              ECCP1ASbits   0x000fb6       data     extern E:\3.46\pic18-lt\cxx-framework\src\traditional\proc\p18f46k22.asm
                  ECCP2AS   0x000f64       data     extern E:\3.46\pic18-lt\cxx-framework\src\traditional\proc\p18f46k22.asm
              ECCP2ASbits   0x000f64       data     extern E:\3.46\pic18-lt\cxx-framework\src\traditional\proc\p18f46k22.asm
                  ECCP3AS   0x000f5b       data     extern E:\3.46\pic18-lt\cxx-framework\src\traditional\proc\p18f46k22.asm
              ECCP3ASbits   0x000f5b       data     extern E:\3.46\pic18-lt\cxx-framework\src\traditional\proc\p18f46k22.asm
                   ECCPAS   0x000fb6       data     extern E:\3.46\pic18-lt\cxx-framework\src\traditional\proc\p18f46k22.asm
               ECCPASbits   0x000fb6       data     extern E:\3.46\pic18-lt\cxx-framework\src\traditional\proc\p18f46k22.asm
                    EEADR   0x000fa9       data     extern E:\3.46\pic18-lt\cxx-framework\src\traditional\proc\p18f46k22.asm
                   EEADRH   0x000faa       data     extern E:\3.46\pic18-lt\cxx-framework\src\traditional\proc\p18f46k22.asm
               EEADRHbits   0x000faa       data     extern E:\3.46\pic18-lt\cxx-framework\src\traditional\proc\p18f46k22.asm
                EEADRbits   0x000fa9       data     extern E:\3.46\pic18-lt\cxx-framework\src\traditional\proc\p18f46k22.asm
                   EECON1   0x000fa6       data     extern E:\3.46\pic18-lt\cxx-framework\src\traditional\proc\p18f46k22.asm
               EECON1bits   0x000fa6       data     extern E:\3.46\pic18-lt\cxx-framework\src\traditional\proc\p18f46k22.asm
                   EECON2   0x000fa7       data     extern E:\3.46\pic18-lt\cxx-framework\src\traditional\proc\p18f46k22.asm
                   EEDATA   0x000fa8       data     extern E:\3.46\pic18-lt\cxx-framework\src\traditional\proc\p18f46k22.asm
                 ENCRevID   0x0001ad       data     static C:\Users\Manager\MPLABXProjects\TEMS-Integrated.X\ENC28J60.c
                     FSR0   0x000fe9       data     extern E:\3.46\pic18-lt\cxx-framework\src\traditional\proc\p18f46k22.asm
                    FSR0H   0x000fea       data     extern E:\3.46\pic18-lt\cxx-framework\src\traditional\proc\p18f46k22.asm
                    FSR0L   0x000fe9       data     extern E:\3.46\pic18-lt\cxx-framework\src\traditional\proc\p18f46k22.asm
                     FSR1   0x000fe1       data     extern E:\3.46\pic18-lt\cxx-framework\src\traditional\proc\p18f46k22.asm
                    FSR1H   0x000fe2       data     extern E:\3.46\pic18-lt\cxx-framework\src\traditional\proc\p18f46k22.asm
                    FSR1L   0x000fe1       data     extern E:\3.46\pic18-lt\cxx-framework\src\traditional\proc\p18f46k22.asm
                     FSR2   0x000fd9       data     extern E:\3.46\pic18-lt\cxx-framework\src\traditional\proc\p18f46k22.asm
                    FSR2H   0x000fda       data     extern E:\3.46\pic18-lt\cxx-framework\src\traditional\proc\p18f46k22.asm
                    FSR2L   0x000fd9       data     extern E:\3.46\pic18-lt\cxx-framework\src\traditional\proc\p18f46k22.asm
                   FVRCON   0x000f42       data     extern E:\3.46\pic18-lt\cxx-framework\src\traditional\proc\p18f46k22.asm
               FVRCONbits   0x000f42       data     extern E:\3.46\pic18-lt\cxx-framework\src\traditional\proc\p18f46k22.asm
                  HLVDCON   0x000f9c       data     extern E:\3.46\pic18-lt\cxx-framework\src\traditional\proc\p18f46k22.asm
              HLVDCONbits   0x000f9c       data     extern E:\3.46\pic18-lt\cxx-framework\src\traditional\proc\p18f46k22.asm
                ICMPFlags   0x0001ba       data     static C:\Users\Manager\MPLABXProjects\TEMS-Integrated.X\ICMP.c
                ICMPState   0x000f24       data     static C:\Users\Manager\MPLABXProjects\TEMS-Integrated.X\ICMP.c
                ICMPTimer   0x000f16       data     static C:\Users\Manager\MPLABXProjects\TEMS-Integrated.X\ICMP.c
                    INDF0   0x000fef       data     extern E:\3.46\pic18-lt\cxx-framework\src\traditional\proc\p18f46k22.asm
                    INDF1   0x000fe7       data     extern E:\3.46\pic18-lt\cxx-framework\src\traditional\proc\p18f46k22.asm
                    INDF2   0x000fdf       data     extern E:\3.46\pic18-lt\cxx-framework\src\traditional\proc\p18f46k22.asm
                   INTCON   0x000ff2       data     extern E:\3.46\pic18-lt\cxx-framework\src\traditional\proc\p18f46k22.asm
                  INTCON2   0x000ff1       data     extern E:\3.46\pic18-lt\cxx-framework\src\traditional\proc\p18f46k22.asm
              INTCON2bits   0x000ff1       data     extern E:\3.46\pic18-lt\cxx-framework\src\traditional\proc\p18f46k22.asm
                  INTCON3   0x000ff0       data     extern E:\3.46\pic18-lt\cxx-framework\src\traditional\proc\p18f46k22.asm
              INTCON3bits   0x000ff0       data     extern E:\3.46\pic18-lt\cxx-framework\src\traditional\proc\p18f46k22.asm
               INTCONbits   0x000ff2       data     extern E:\3.46\pic18-lt\cxx-framework\src\traditional\proc\p18f46k22.asm
                     IOCB   0x000f62       data     extern E:\3.46\pic18-lt\cxx-framework\src\traditional\proc\p18f46k22.asm
                 IOCBbits   0x000f62       data     extern E:\3.46\pic18-lt\cxx-framework\src\traditional\proc\p18f46k22.asm
              IPHeaderLen   0x000f37       data     static C:\Users\Manager\MPLABXProjects\TEMS-Integrated.X\IP.c
                     IPR1   0x000f9f       data     extern E:\3.46\pic18-lt\cxx-framework\src\traditional\proc\p18f46k22.asm
                 IPR1bits   0x000f9f       data     extern E:\3.46\pic18-lt\cxx-framework\src\traditional\proc\p18f46k22.asm
                     IPR2   0x000fa2       data     extern E:\3.46\pic18-lt\cxx-framework\src\traditional\proc\p18f46k22.asm
                 IPR2bits   0x000fa2       data     extern E:\3.46\pic18-lt\cxx-framework\src\traditional\proc\p18f46k22.asm
                     IPR3   0x000fa5       data     extern E:\3.46\pic18-lt\cxx-framework\src\traditional\proc\p18f46k22.asm
                 IPR3bits   0x000fa5       data     extern E:\3.46\pic18-lt\cxx-framework\src\traditional\proc\p18f46k22.asm
                     IPR4   0x000f7c       data     extern E:\3.46\pic18-lt\cxx-framework\src\traditional\proc\p18f46k22.asm
                 IPR4bits   0x000f7c       data     extern E:\3.46\pic18-lt\cxx-framework\src\traditional\proc\p18f46k22.asm
                     IPR5   0x000f7f       data     extern E:\3.46\pic18-lt\cxx-framework\src\traditional\proc\p18f46k22.asm
                 IPR5bits   0x000f7f       data     extern E:\3.46\pic18-lt\cxx-framework\src\traditional\proc\p18f46k22.asm
                     LATA   0x000f89       data     extern E:\3.46\pic18-lt\cxx-framework\src\traditional\proc\p18f46k22.asm
                 LATAbits   0x000f89       data     extern E:\3.46\pic18-lt\cxx-framework\src\traditional\proc\p18f46k22.asm
                     LATB   0x000f8a       data     extern E:\3.46\pic18-lt\cxx-framework\src\traditional\proc\p18f46k22.asm
                 LATBbits   0x000f8a       data     extern E:\3.46\pic18-lt\cxx-framework\src\traditional\proc\p18f46k22.asm
                     LATC   0x000f8b       data     extern E:\3.46\pic18-lt\cxx-framework\src\traditional\proc\p18f46k22.asm
                 LATCbits   0x000f8b       data     extern E:\3.46\pic18-lt\cxx-framework\src\traditional\proc\p18f46k22.asm
                     LATD   0x000f8c       data     extern E:\3.46\pic18-lt\cxx-framework\src\traditional\proc\p18f46k22.asm
                 LATDbits   0x000f8c       data     extern E:\3.46\pic18-lt\cxx-framework\src\traditional\proc\p18f46k22.asm
                     LATE   0x000f8d       data     extern E:\3.46\pic18-lt\cxx-framework\src\traditional\proc\p18f46k22.asm
                 LATEbits   0x000f8d       data     extern E:\3.46\pic18-lt\cxx-framework\src\traditional\proc\p18f46k22.asm
                   LVDCON   0x000f9c       data     extern E:\3.46\pic18-lt\cxx-framework\src\traditional\proc\p18f46k22.asm
               LVDCONbits   0x000f9c       data     extern E:\3.46\pic18-lt\cxx-framework\src\traditional\proc\p18f46k22.asm
                    MyTCB   0x000102       data     static C:\Users\Manager\MPLABXProjects\TEMS-Integrated.X\TCP.c
                MyTCBStub   0x000129       data     static C:\Users\Manager\MPLABXProjects\TEMS-Integrated.X\TCP.c
       NextPacketLocation   0x0001a8       data     static C:\Users\Manager\MPLABXProjects\TEMS-Integrated.X\ENC28J60.c
                 NextPort   0x000100       data     static C:\Users\Manager\MPLABXProjects\TEMS-Integrated.X\TCP.c
                   OSCCON   0x000fd3       data     extern E:\3.46\pic18-lt\cxx-framework\src\traditional\proc\p18f46k22.asm
                  OSCCON2   0x000fd2       data     extern E:\3.46\pic18-lt\cxx-framework\src\traditional\proc\p18f46k22.asm
              OSCCON2bits   0x000fd2       data     extern E:\3.46\pic18-lt\cxx-framework\src\traditional\proc\p18f46k22.asm
               OSCCONbits   0x000fd3       data     extern E:\3.46\pic18-lt\cxx-framework\src\traditional\proc\p18f46k22.asm
                  OSCTUNE   0x000f9b       data     extern E:\3.46\pic18-lt\cxx-framework\src\traditional\proc\p18f46k22.asm
              OSCTUNEbits   0x000f9b       data     extern E:\3.46\pic18-lt\cxx-framework\src\traditional\proc\p18f46k22.asm
                       PC   0x000ff9       data     extern E:\3.46\pic18-lt\cxx-framework\src\traditional\proc\p18f46k22.asm
                      PCL   0x000ff9       data     extern E:\3.46\pic18-lt\cxx-framework\src\traditional\proc\p18f46k22.asm
                   PCLATH   0x000ffa       data     extern E:\3.46\pic18-lt\cxx-framework\src\traditional\proc\p18f46k22.asm
                   PCLATU   0x000ffb       data     extern E:\3.46\pic18-lt\cxx-framework\src\traditional\proc\p18f46k22.asm
                     PIE1   0x000f9d       data     extern E:\3.46\pic18-lt\cxx-framework\src\traditional\proc\p18f46k22.asm
                 PIE1bits   0x000f9d       data     extern E:\3.46\pic18-lt\cxx-framework\src\traditional\proc\p18f46k22.asm
                     PIE2   0x000fa0       data     extern E:\3.46\pic18-lt\cxx-framework\src\traditional\proc\p18f46k22.asm
                 PIE2bits   0x000fa0       data     extern E:\3.46\pic18-lt\cxx-framework\src\traditional\proc\p18f46k22.asm
                     PIE3   0x000fa3       data     extern E:\3.46\pic18-lt\cxx-framework\src\traditional\proc\p18f46k22.asm
                 PIE3bits   0x000fa3       data     extern E:\3.46\pic18-lt\cxx-framework\src\traditional\proc\p18f46k22.asm
                     PIE4   0x000f7a       data     extern E:\3.46\pic18-lt\cxx-framework\src\traditional\proc\p18f46k22.asm
                 PIE4bits   0x000f7a       data     extern E:\3.46\pic18-lt\cxx-framework\src\traditional\proc\p18f46k22.asm
                     PIE5   0x000f7d       data     extern E:\3.46\pic18-lt\cxx-framework\src\traditional\proc\p18f46k22.asm
                 PIE5bits   0x000f7d       data     extern E:\3.46\pic18-lt\cxx-framework\src\traditional\proc\p18f46k22.asm
                     PIR1   0x000f9e       data     extern E:\3.46\pic18-lt\cxx-framework\src\traditional\proc\p18f46k22.asm
                 PIR1bits   0x000f9e       data     extern E:\3.46\pic18-lt\cxx-framework\src\traditional\proc\p18f46k22.asm
                     PIR2   0x000fa1       data     extern E:\3.46\pic18-lt\cxx-framework\src\traditional\proc\p18f46k22.asm
                 PIR2bits   0x000fa1       data     extern E:\3.46\pic18-lt\cxx-framework\src\traditional\proc\p18f46k22.asm
                     PIR3   0x000fa4       data     extern E:\3.46\pic18-lt\cxx-framework\src\traditional\proc\p18f46k22.asm
                 PIR3bits   0x000fa4       data     extern E:\3.46\pic18-lt\cxx-framework\src\traditional\proc\p18f46k22.asm
                     PIR4   0x000f7b       data     extern E:\3.46\pic18-lt\cxx-framework\src\traditional\proc\p18f46k22.asm
                 PIR4bits   0x000f7b       data     extern E:\3.46\pic18-lt\cxx-framework\src\traditional\proc\p18f46k22.asm
                     PIR5   0x000f7e       data     extern E:\3.46\pic18-lt\cxx-framework\src\traditional\proc\p18f46k22.asm
                 PIR5bits   0x000f7e       data     extern E:\3.46\pic18-lt\cxx-framework\src\traditional\proc\p18f46k22.asm
                   PLUSW0   0x000feb       data     extern E:\3.46\pic18-lt\cxx-framework\src\traditional\proc\p18f46k22.asm
                   PLUSW1   0x000fe3       data     extern E:\3.46\pic18-lt\cxx-framework\src\traditional\proc\p18f46k22.asm
                   PLUSW2   0x000fdb       data     extern E:\3.46\pic18-lt\cxx-framework\src\traditional\proc\p18f46k22.asm
                     PMD0   0x000f3f       data     extern E:\3.46\pic18-lt\cxx-framework\src\traditional\proc\p18f46k22.asm
                 PMD0bits   0x000f3f       data     extern E:\3.46\pic18-lt\cxx-framework\src\traditional\proc\p18f46k22.asm
                     PMD1   0x000f3e       data     extern E:\3.46\pic18-lt\cxx-framework\src\traditional\proc\p18f46k22.asm
                 PMD1bits   0x000f3e       data     extern E:\3.46\pic18-lt\cxx-framework\src\traditional\proc\p18f46k22.asm
                     PMD2   0x000f3d       data     extern E:\3.46\pic18-lt\cxx-framework\src\traditional\proc\p18f46k22.asm
                 PMD2bits   0x000f3d       data     extern E:\3.46\pic18-lt\cxx-framework\src\traditional\proc\p18f46k22.asm
                    PORTA   0x000f80       data     extern E:\3.46\pic18-lt\cxx-framework\src\traditional\proc\p18f46k22.asm
                PORTAbits   0x000f80       data     extern E:\3.46\pic18-lt\cxx-framework\src\traditional\proc\p18f46k22.asm
                    PORTB   0x000f81       data     extern E:\3.46\pic18-lt\cxx-framework\src\traditional\proc\p18f46k22.asm
                PORTBbits   0x000f81       data     extern E:\3.46\pic18-lt\cxx-framework\src\traditional\proc\p18f46k22.asm
                    PORTC   0x000f82       data     extern E:\3.46\pic18-lt\cxx-framework\src\traditional\proc\p18f46k22.asm
                PORTCbits   0x000f82       data     extern E:\3.46\pic18-lt\cxx-framework\src\traditional\proc\p18f46k22.asm
                    PORTD   0x000f83       data     extern E:\3.46\pic18-lt\cxx-framework\src\traditional\proc\p18f46k22.asm
                PORTDbits   0x000f83       data     extern E:\3.46\pic18-lt\cxx-framework\src\traditional\proc\p18f46k22.asm
                    PORTE   0x000f84       data     extern E:\3.46\pic18-lt\cxx-framework\src\traditional\proc\p18f46k22.asm
                PORTEbits   0x000f84       data     extern E:\3.46\pic18-lt\cxx-framework\src\traditional\proc\p18f46k22.asm
                 POSTDEC0   0x000fed       data     extern E:\3.46\pic18-lt\cxx-framework\src\traditional\proc\p18f46k22.asm
                 POSTDEC1   0x000fe5       data     extern E:\3.46\pic18-lt\cxx-framework\src\traditional\proc\p18f46k22.asm
                 POSTDEC2   0x000fdd       data     extern E:\3.46\pic18-lt\cxx-framework\src\traditional\proc\p18f46k22.asm
                 POSTINC0   0x000fee       data     extern E:\3.46\pic18-lt\cxx-framework\src\traditional\proc\p18f46k22.asm
                 POSTINC1   0x000fe6       data     extern E:\3.46\pic18-lt\cxx-framework\src\traditional\proc\p18f46k22.asm
                 POSTINC2   0x000fde       data     extern E:\3.46\pic18-lt\cxx-framework\src\traditional\proc\p18f46k22.asm
                      PR2   0x000fbb       data     extern E:\3.46\pic18-lt\cxx-framework\src\traditional\proc\p18f46k22.asm
                      PR4   0x000f52       data     extern E:\3.46\pic18-lt\cxx-framework\src\traditional\proc\p18f46k22.asm
                      PR6   0x000f4b       data     extern E:\3.46\pic18-lt\cxx-framework\src\traditional\proc\p18f46k22.asm
                  PREINC0   0x000fec       data     extern E:\3.46\pic18-lt\cxx-framework\src\traditional\proc\p18f46k22.asm
                  PREINC1   0x000fe4       data     extern E:\3.46\pic18-lt\cxx-framework\src\traditional\proc\p18f46k22.asm
                  PREINC2   0x000fdc       data     extern E:\3.46\pic18-lt\cxx-framework\src\traditional\proc\p18f46k22.asm
                     PROD   0x000ff3       data     extern E:\3.46\pic18-lt\cxx-framework\src\traditional\proc\p18f46k22.asm
                    PRODH   0x000ff4       data     extern E:\3.46\pic18-lt\cxx-framework\src\traditional\proc\p18f46k22.asm
                    PRODL   0x000ff3       data     extern E:\3.46\pic18-lt\cxx-framework\src\traditional\proc\p18f46k22.asm
                 PSTR1CON   0x000fb9       data     extern E:\3.46\pic18-lt\cxx-framework\src\traditional\proc\p18f46k22.asm
             PSTR1CONbits   0x000fb9       data     extern E:\3.46\pic18-lt\cxx-framework\src\traditional\proc\p18f46k22.asm
                 PSTR2CON   0x000f63       data     extern E:\3.46\pic18-lt\cxx-framework\src\traditional\proc\p18f46k22.asm
             PSTR2CONbits   0x000f63       data     extern E:\3.46\pic18-lt\cxx-framework\src\traditional\proc\p18f46k22.asm
                 PSTR3CON   0x000f5a       data     extern E:\3.46\pic18-lt\cxx-framework\src\traditional\proc\p18f46k22.asm
             PSTR3CONbits   0x000f5a       data     extern E:\3.46\pic18-lt\cxx-framework\src\traditional\proc\p18f46k22.asm
                  PSTRCON   0x000fb9       data     extern E:\3.46\pic18-lt\cxx-framework\src\traditional\proc\p18f46k22.asm
              PSTRCONbits   0x000fb9       data     extern E:\3.46\pic18-lt\cxx-framework\src\traditional\proc\p18f46k22.asm
                  PWM1CON   0x000fb7       data     extern E:\3.46\pic18-lt\cxx-framework\src\traditional\proc\p18f46k22.asm
              PWM1CONbits   0x000fb7       data     extern E:\3.46\pic18-lt\cxx-framework\src\traditional\proc\p18f46k22.asm
                  PWM2CON   0x000f65       data     extern E:\3.46\pic18-lt\cxx-framework\src\traditional\proc\p18f46k22.asm
              PWM2CONbits   0x000f65       data     extern E:\3.46\pic18-lt\cxx-framework\src\traditional\proc\p18f46k22.asm
                  PWM3CON   0x000f5c       data     extern E:\3.46\pic18-lt\cxx-framework\src\traditional\proc\p18f46k22.asm
              PWM3CONbits   0x000f5c       data     extern E:\3.46\pic18-lt\cxx-framework\src\traditional\proc\p18f46k22.asm
                   PWMCON   0x000fb7       data     extern E:\3.46\pic18-lt\cxx-framework\src\traditional\proc\p18f46k22.asm
               PWMCONbits   0x000fb7       data     extern E:\3.46\pic18-lt\cxx-framework\src\traditional\proc\p18f46k22.asm
                   RC1REG   0x000fae       data     extern E:\3.46\pic18-lt\cxx-framework\src\traditional\proc\p18f46k22.asm
               RC1REGbits   0x000fae       data     extern E:\3.46\pic18-lt\cxx-framework\src\traditional\proc\p18f46k22.asm
                   RC1STA   0x000fab       data     extern E:\3.46\pic18-lt\cxx-framework\src\traditional\proc\p18f46k22.asm
               RC1STAbits   0x000fab       data     extern E:\3.46\pic18-lt\cxx-framework\src\traditional\proc\p18f46k22.asm
                   RC2REG   0x000f74       data     extern E:\3.46\pic18-lt\cxx-framework\src\traditional\proc\p18f46k22.asm
                   RC2STA   0x000f71       data     extern E:\3.46\pic18-lt\cxx-framework\src\traditional\proc\p18f46k22.asm
               RC2STAbits   0x000f71       data     extern E:\3.46\pic18-lt\cxx-framework\src\traditional\proc\p18f46k22.asm
                     RCON   0x000fd0       data     extern E:\3.46\pic18-lt\cxx-framework\src\traditional\proc\p18f46k22.asm
                 RCONbits   0x000fd0       data     extern E:\3.46\pic18-lt\cxx-framework\src\traditional\proc\p18f46k22.asm
                    RCREG   0x000fae       data     extern E:\3.46\pic18-lt\cxx-framework\src\traditional\proc\p18f46k22.asm
                   RCREG1   0x000fae       data     extern E:\3.46\pic18-lt\cxx-framework\src\traditional\proc\p18f46k22.asm
               RCREG1bits   0x000fae       data     extern E:\3.46\pic18-lt\cxx-framework\src\traditional\proc\p18f46k22.asm
                   RCREG2   0x000f74       data     extern E:\3.46\pic18-lt\cxx-framework\src\traditional\proc\p18f46k22.asm
                RCREGbits   0x000fae       data     extern E:\3.46\pic18-lt\cxx-framework\src\traditional\proc\p18f46k22.asm
                    RCSTA   0x000fab       data     extern E:\3.46\pic18-lt\cxx-framework\src\traditional\proc\p18f46k22.asm
                   RCSTA1   0x000fab       data     extern E:\3.46\pic18-lt\cxx-framework\src\traditional\proc\p18f46k22.asm
               RCSTA1bits   0x000fab       data     extern E:\3.46\pic18-lt\cxx-framework\src\traditional\proc\p18f46k22.asm
                   RCSTA2   0x000f71       data     extern E:\3.46\pic18-lt\cxx-framework\src\traditional\proc\p18f46k22.asm
               RCSTA2bits   0x000f71       data     extern E:\3.46\pic18-lt\cxx-framework\src\traditional\proc\p18f46k22.asm
                RCSTAbits   0x000fab       data     extern E:\3.46\pic18-lt\cxx-framework\src\traditional\proc\p18f46k22.asm
               RemoteInfo   0x000145       data     static C:\Users\Manager\MPLABXProjects\TEMS-Integrated.X\TCP.c
                     SIGN   0x000000       data     extern E:\3.46\pic18-lt\cxx-framework\src\traditional\math\cmath18.asm
                   SLRCON   0x000f60       data     extern E:\3.46\pic18-lt\cxx-framework\src\traditional\proc\p18f46k22.asm
               SLRCONbits   0x000f60       data     extern E:\3.46\pic18-lt\cxx-framework\src\traditional\proc\p18f46k22.asm
                   SP1BRG   0x000faf       data     extern E:\3.46\pic18-lt\cxx-framework\src\traditional\proc\p18f46k22.asm
                  SP1BRGH   0x000fb0       data     extern E:\3.46\pic18-lt\cxx-framework\src\traditional\proc\p18f46k22.asm
              SP1BRGHbits   0x000fb0       data     extern E:\3.46\pic18-lt\cxx-framework\src\traditional\proc\p18f46k22.asm
               SP1BRGbits   0x000faf       data     extern E:\3.46\pic18-lt\cxx-framework\src\traditional\proc\p18f46k22.asm
                   SP2BRG   0x000f75       data     extern E:\3.46\pic18-lt\cxx-framework\src\traditional\proc\p18f46k22.asm
                  SP2BRGH   0x000f76       data     extern E:\3.46\pic18-lt\cxx-framework\src\traditional\proc\p18f46k22.asm
                    SPBRG   0x000faf       data     extern E:\3.46\pic18-lt\cxx-framework\src\traditional\proc\p18f46k22.asm
                   SPBRG1   0x000faf       data     extern E:\3.46\pic18-lt\cxx-framework\src\traditional\proc\p18f46k22.asm
               SPBRG1bits   0x000faf       data     extern E:\3.46\pic18-lt\cxx-framework\src\traditional\proc\p18f46k22.asm
                   SPBRG2   0x000f75       data     extern E:\3.46\pic18-lt\cxx-framework\src\traditional\proc\p18f46k22.asm
                   SPBRGH   0x000fb0       data     extern E:\3.46\pic18-lt\cxx-framework\src\traditional\proc\p18f46k22.asm
[...]
                   RCREG1   0x000fae       data     extern E:\3.46\pic18-lt\cxx-framework\src\traditional\proc\p18f46k22.asm
               RCREG1bits   0x000fae       data     extern E:\3.46\pic18-lt\cxx-framework\src\traditional\proc\p18f46k22.asm
                RCREGbits   0x000fae       data     extern E:\3.46\pic18-lt\cxx-framework\src\traditional\proc\p18f46k22.asm
                   SP1BRG   0x000faf       data     extern E:\3.46\pic18-lt\cxx-framework\src\traditional\proc\p18f46k22.asm
               SP1BRGbits   0x000faf       data     extern E:\3.46\pic18-lt\cxx-framework\src\traditional\proc\p18f46k22.asm
                    SPBRG   0x000faf       data     extern E:\3.46\pic18-lt\cxx-framework\src\traditional\proc\p18f46k22.asm
                   SPBRG1   0x000faf       data     extern E:\3.46\pic18-lt\cxx-framework\src\traditional\proc\p18f46k22.asm
               SPBRG1bits   0x000faf       data     extern E:\3.46\pic18-lt\cxx-framework\src\traditional\proc\p18f46k22.asm
                SPBRGbits   0x000faf       data     extern E:\3.46\pic18-lt\cxx-framework\src\traditional\proc\p18f46k22.asm
                  SP1BRGH   0x000fb0       data     extern E:\3.46\pic18-lt\cxx-framework\src\traditional\proc\p18f46k22.asm
              SP1BRGHbits   0x000fb0       data     extern E:\3.46\pic18-lt\cxx-framework\src\traditional\proc\p18f46k22.asm
                   SPBRGH   0x000fb0       data     extern E:\3.46\pic18-lt\cxx-framework\src\traditional\proc\p18f46k22.asm
                  SPBRGH1   0x000fb0       data     extern E:\3.46\pic18-lt\cxx-framework\src\traditional\proc\p18f46k22.asm
              SPBRGH1bits   0x000fb0       data     extern E:\3.46\pic18-lt\cxx-framework\src\traditional\proc\p18f46k22.asm
               SPBRGHbits   0x000fb0       data     extern E:\3.46\pic18-lt\cxx-framework\src\traditional\proc\p18f46k22.asm
                T3CONbits   0x000fb1       data     extern E:\3.46\pic18-lt\cxx-framework\src\traditional\proc\p18f46k22.asm
                    T3CON   0x000fb1       data     extern E:\3.46\pic18-lt\cxx-framework\src\traditional\proc\p18f46k22.asm
                    TMR3L   0x000fb2       data     extern E:\3.46\pic18-lt\cxx-framework\src\traditional\proc\p18f46k22.asm
                    TMR3H   0x000fb3       data     extern E:\3.46\pic18-lt\cxx-framework\src\traditional\proc\p18f46k22.asm
                   T3GCON   0x000fb4       data     extern E:\3.46\pic18-lt\cxx-framework\src\traditional\proc\p18f46k22.asm
               T3GCONbits   0x000fb4       data     extern E:\3.46\pic18-lt\cxx-framework\src\traditional\proc\p18f46k22.asm
                   ECCPAS   0x000fb6       data     extern E:\3.46\pic18-lt\cxx-framework\src\traditional\proc\p18f46k22.asm
              ECCP1ASbits   0x000fb6       data     extern E:\3.46\pic18-lt\cxx-framework\src\traditional\proc\p18f46k22.asm
                  ECCP1AS   0x000fb6       data     extern E:\3.46\pic18-lt\cxx-framework\src\traditional\proc\p18f46k22.asm
               ECCPASbits   0x000fb6       data     extern E:\3.46\pic18-lt\cxx-framework\src\traditional\proc\p18f46k22.asm
                  PWM1CON   0x000fb7       data     extern E:\3.46\pic18-lt\cxx-framework\src\traditional\proc\p18f46k22.asm
              PWM1CONbits   0x000fb7       data     extern E:\3.46\pic18-lt\cxx-framework\src\traditional\proc\p18f46k22.asm
                   PWMCON   0x000fb7       data     extern E:\3.46\pic18-lt\cxx-framework\src\traditional\proc\p18f46k22.asm
               PWMCONbits   0x000fb7       data     extern E:\3.46\pic18-lt\cxx-framework\src\traditional\proc\p18f46k22.asm
             BAUD1CONbits   0x000fb8       data     extern E:\3.46\pic18-lt\cxx-framework\src\traditional\proc\p18f46k22.asm
                 BAUD1CON   0x000fb8       data     extern E:\3.46\pic18-lt\cxx-framework\src\traditional\proc\p18f46k22.asm
                  BAUDCON   0x000fb8       data     extern E:\3.46\pic18-lt\cxx-framework\src\traditional\proc\p18f46k22.asm
                 BAUDCON1   0x000fb8       data     extern E:\3.46\pic18-lt\cxx-framework\src\traditional\proc\p18f46k22.asm
             BAUDCON1bits   0x000fb8       data     extern E:\3.46\pic18-lt\cxx-framework\src\traditional\proc\p18f46k22.asm
              BAUDCTLbits   0x000fb8       data     extern E:\3.46\pic18-lt\cxx-framework\src\traditional\proc\p18f46k22.asm
                  BAUDCTL   0x000fb8       data     extern E:\3.46\pic18-lt\cxx-framework\src\traditional\proc\p18f46k22.asm
              BAUDCONbits   0x000fb8       data     extern E:\3.46\pic18-lt\cxx-framework\src\traditional\proc\p18f46k22.asm
              PSTRCONbits   0x000fb9       data     extern E:\3.46\pic18-lt\cxx-framework\src\traditional\proc\p18f46k22.asm
                  PSTRCON   0x000fb9       data     extern E:\3.46\pic18-lt\cxx-framework\src\traditional\proc\p18f46k22.asm
             PSTR1CONbits   0x000fb9       data     extern E:\3.46\pic18-lt\cxx-framework\src\traditional\proc\p18f46k22.asm
                 PSTR1CON   0x000fb9       data     extern E:\3.46\pic18-lt\cxx-framework\src\traditional\proc\p18f46k22.asm
                    T2CON   0x000fba       data     extern E:\3.46\pic18-lt\cxx-framework\src\traditional\proc\p18f46k22.asm
                T2CONbits   0x000fba       data     extern E:\3.46\pic18-lt\cxx-framework\src\traditional\proc\p18f46k22.asm
                      PR2   0x000fbb       data     extern E:\3.46\pic18-lt\cxx-framework\src\traditional\proc\p18f46k22.asm
                     TMR2   0x000fbc       data     extern E:\3.46\pic18-lt\cxx-framework\src\traditional\proc\p18f46k22.asm
                  CCP1CON   0x000fbd       data     extern E:\3.46\pic18-lt\cxx-framework\src\traditional\proc\p18f46k22.asm
              CCP1CONbits   0x000fbd       data     extern E:\3.46\pic18-lt\cxx-framework\src\traditional\proc\p18f46k22.asm
                    CCPR1   0x000fbe       data     extern E:\3.46\pic18-lt\cxx-framework\src\traditional\proc\p18f46k22.asm
                   CCPR1L   0x000fbe       data     extern E:\3.46\pic18-lt\cxx-framework\src\traditional\proc\p18f46k22.asm
                   CCPR1H   0x000fbf       data     extern E:\3.46\pic18-lt\cxx-framework\src\traditional\proc\p18f46k22.asm
                   ADCON2   0x000fc0       data     extern E:\3.46\pic18-lt\cxx-framework\src\traditional\proc\p18f46k22.asm
               ADCON2bits   0x000fc0       data     extern E:\3.46\pic18-lt\cxx-framework\src\traditional\proc\p18f46k22.asm
                   ADCON1   0x000fc1       data     extern E:\3.46\pic18-lt\cxx-framework\src\traditional\proc\p18f46k22.asm
               ADCON1bits   0x000fc1       data     extern E:\3.46\pic18-lt\cxx-framework\src\traditional\proc\p18f46k22.asm
               ADCON0bits   0x000fc2       data     extern E:\3.46\pic18-lt\cxx-framework\src\traditional\proc\p18f46k22.asm
                   ADCON0   0x000fc2       data     extern E:\3.46\pic18-lt\cxx-framework\src\traditional\proc\p18f46k22.asm
                    ADRES   0x000fc3       data     extern E:\3.46\pic18-lt\cxx-framework\src\traditional\proc\p18f46k22.asm
                   ADRESL   0x000fc3       data     extern E:\3.46\pic18-lt\cxx-framework\src\traditional\proc\p18f46k22.asm
                   ADRESH   0x000fc4       data     extern E:\3.46\pic18-lt\cxx-framework\src\traditional\proc\p18f46k22.asm
                  SSPCON2   0x000fc5       data     extern E:\3.46\pic18-lt\cxx-framework\src\traditional\proc\p18f46k22.asm
              SSPCON2bits   0x000fc5       data     extern E:\3.46\pic18-lt\cxx-framework\src\traditional\proc\p18f46k22.asm
             SSP1CON2bits   0x000fc5       data     extern E:\3.46\pic18-lt\cxx-framework\src\traditional\proc\p18f46k22.asm
                 SSP1CON2   0x000fc5       data     extern E:\3.46\pic18-lt\cxx-framework\src\traditional\proc\p18f46k22.asm
              SSPCON1bits   0x000fc6       data     extern E:\3.46\pic18-lt\cxx-framework\src\traditional\proc\p18f46k22.asm
                  SSPCON1   0x000fc6       data     extern E:\3.46\pic18-lt\cxx-framework\src\traditional\proc\p18f46k22.asm
                 SSP1CON1   0x000fc6       data     extern E:\3.46\pic18-lt\cxx-framework\src\traditional\proc\p18f46k22.asm
             SSP1CON1bits   0x000fc6       data     extern E:\3.46\pic18-lt\cxx-framework\src\traditional\proc\p18f46k22.asm
                 SSP1STAT   0x000fc7       data     extern E:\3.46\pic18-lt\cxx-framework\src\traditional\proc\p18f46k22.asm
                  SSPSTAT   0x000fc7       data     extern E:\3.46\pic18-lt\cxx-framework\src\traditional\proc\p18f46k22.asm
              SSPSTATbits   0x000fc7       data     extern E:\3.46\pic18-lt\cxx-framework\src\traditional\proc\p18f46k22.asm
             SSP1STATbits   0x000fc7       data     extern E:\3.46\pic18-lt\cxx-framework\src\traditional\proc\p18f46k22.asm
                   SSPADD   0x000fc8       data     extern E:\3.46\pic18-lt\cxx-framework\src\traditional\proc\p18f46k22.asm
               SSPADDbits   0x000fc8       data     extern E:\3.46\pic18-lt\cxx-framework\src\traditional\proc\p18f46k22.asm
              SSP1ADDbits   0x000fc8       data     extern E:\3.46\pic18-lt\cxx-framework\src\traditional\proc\p18f46k22.asm
                  SSP1ADD   0x000fc8       data     extern E:\3.46\pic18-lt\cxx-framework\src\traditional\proc\p18f46k22.asm
              SSP1BUFbits   0x000fc9       data     extern E:\3.46\pic18-lt\cxx-framework\src\traditional\proc\p18f46k22.asm
                  SSP1BUF   0x000fc9       data     extern E:\3.46\pic18-lt\cxx-framework\src\traditional\proc\p18f46k22.asm
                   SSPBUF   0x000fc9       data     extern E:\3.46\pic18-lt\cxx-framework\src\traditional\proc\p18f46k22.asm
               SSPBUFbits   0x000fc9       data     extern E:\3.46\pic18-lt\cxx-framework\src\traditional\proc\p18f46k22.asm
              SSP1MSKbits   0x000fca       data     extern E:\3.46\pic18-lt\cxx-framework\src\traditional\proc\p18f46k22.asm
                  SSP1MSK   0x000fca       data     extern E:\3.46\pic18-lt\cxx-framework\src\traditional\proc\p18f46k22.asm
                   SSPMSK   0x000fca       data     extern E:\3.46\pic18-lt\cxx-framework\src\traditional\proc\p18f46k22.asm
               SSPMSKbits   0x000fca       data     extern E:\3.46\pic18-lt\cxx-framework\src\traditional\proc\p18f46k22.asm
                  SSPCON3   0x000fcb       data     extern E:\3.46\pic18-lt\cxx-framework\src\traditional\proc\p18f46k22.asm
             SSP1CON3bits   0x000fcb       data     extern E:\3.46\pic18-lt\cxx-framework\src\traditional\proc\p18f46k22.asm
                 SSP1CON3   0x000fcb       data     extern E:\3.46\pic18-lt\cxx-framework\src\traditional\proc\p18f46k22.asm
              SSPCON3bits   0x000fcb       data     extern E:\3.46\pic18-lt\cxx-framework\src\traditional\proc\p18f46k22.asm
                   T1GCON   0x000fcc       data     extern E:\3.46\pic18-lt\cxx-framework\src\traditional\proc\p18f46k22.asm
               T1GCONbits   0x000fcc       data     extern E:\3.46\pic18-lt\cxx-framework\src\traditional\proc\p18f46k22.asm
                    T1CON   0x000fcd       data     extern E:\3.46\pic18-lt\cxx-framework\src\traditional\proc\p18f46k22.asm
                T1CONbits   0x000fcd       data     extern E:\3.46\pic18-lt\cxx-framework\src\traditional\proc\p18f46k22.asm
                    TMR1L   0x000fce       data     extern E:\3.46\pic18-lt\cxx-framework\src\traditional\proc\p18f46k22.asm
                    TMR1H   0x000fcf       data     extern E:\3.46\pic18-lt\cxx-framework\src\traditional\proc\p18f46k22.asm
                     RCON   0x000fd0       data     extern E:\3.46\pic18-lt\cxx-framework\src\traditional\proc\p18f46k22.asm
                 RCONbits   0x000fd0       data     extern E:\3.46\pic18-lt\cxx-framework\src\traditional\proc\p18f46k22.asm
                   WDTCON   0x000fd1       data     extern E:\3.46\pic18-lt\cxx-framework\src\traditional\proc\p18f46k22.asm
               WDTCONbits   0x000fd1       data     extern E:\3.46\pic18-lt\cxx-framework\src\traditional\proc\p18f46k22.asm
                  OSCCON2   0x000fd2       data     extern E:\3.46\pic18-lt\cxx-framework\src\traditional\proc\p18f46k22.asm
              OSCCON2bits   0x000fd2       data     extern E:\3.46\pic18-lt\cxx-framework\src\traditional\proc\p18f46k22.asm
               OSCCONbits   0x000fd3       data     extern E:\3.46\pic18-lt\cxx-framework\src\traditional\proc\p18f46k22.asm
                   OSCCON   0x000fd3       data     extern E:\3.46\pic18-lt\cxx-framework\src\traditional\proc\p18f46k22.asm
                    T0CON   0x000fd5       data     extern E:\3.46\pic18-lt\cxx-framework\src\traditional\proc\p18f46k22.asm
                T0CONbits   0x000fd5       data     extern E:\3.46\pic18-lt\cxx-framework\src\traditional\proc\p18f46k22.asm
                    TMR0L   0x000fd6       data     extern E:\3.46\pic18-lt\cxx-framework\src\traditional\proc\p18f46k22.asm
                    TMR0H   0x000fd7       data     extern E:\3.46\pic18-lt\cxx-framework\src\traditional\proc\p18f46k22.asm
                   STATUS   0x000fd8       data     extern E:\3.46\pic18-lt\cxx-framework\src\traditional\proc\p18f46k22.asm
               STATUSbits   0x000fd8       data     extern E:\3.46\pic18-lt\cxx-framework\src\traditional\proc\p18f46k22.asm
                    FSR2L   0x000fd9       data     extern E:\3.46\pic18-lt\cxx-framework\src\traditional\proc\p18f46k22.asm
                     FSR2   0x000fd9       data     extern E:\3.46\pic18-lt\cxx-framework\src\traditional\proc\p18f46k22.asm
                    FSR2H   0x000fda       data     extern E:\3.46\pic18-lt\cxx-framework\src\traditional\proc\p18f46k22.asm
                   PLUSW2   0x000fdb       data     extern E:\3.46\pic18-lt\cxx-framework\src\traditional\proc\p18f46k22.asm
                  PREINC2   0x000fdc       data     extern E:\3.46\pic18-lt\cxx-framework\src\traditional\proc\p18f46k22.asm
                 POSTDEC2   0x000fdd       data     extern E:\3.46\pic18-lt\cxx-framework\src\traditional\proc\p18f46k22.asm
                 POSTINC2   0x000fde       data     extern E:\3.46\pic18-lt\cxx-framework\src\traditional\proc\p18f46k22.asm
                    INDF2   0x000fdf       data     extern E:\3.46\pic18-lt\cxx-framework\src\traditional\proc\p18f46k22.asm
                      BSR   0x000fe0       data     extern E:\3.46\pic18-lt\cxx-framework\src\traditional\proc\p18f46k22.asm
                    FSR1L   0x000fe1       data     extern E:\3.46\pic18-lt\cxx-framework\src\traditional\proc\p18f46k22.asm
                     FSR1   0x000fe1       data     extern E:\3.46\pic18-lt\cxx-framework\src\traditional\proc\p18f46k22.asm
                    FSR1H   0x000fe2       data     extern E:\3.46\pic18-lt\cxx-framework\src\traditional\proc\p18f46k22.asm
                   PLUSW1   0x000fe3       data     extern E:\3.46\pic18-lt\cxx-framework\src\traditional\proc\p18f46k22.asm
                  PREINC1   0x000fe4       data     extern E:\3.46\pic18-lt\cxx-framework\src\traditional\proc\p18f46k22.asm
                 POSTDEC1   0x000fe5       data     extern E:\3.46\pic18-lt\cxx-framework\src\traditional\proc\p18f46k22.asm
                 POSTINC1   0x000fe6       data     extern E:\3.46\pic18-lt\cxx-framework\src\traditional\proc\p18f46k22.asm
                    INDF1   0x000fe7       data     extern E:\3.46\pic18-lt\cxx-framework\src\traditional\proc\p18f46k22.asm
                     WREG   0x000fe8       data     extern E:\3.46\pic18-lt\cxx-framework\src\traditional\proc\p18f46k22.asm
                        W   0x000fe8       data     extern E:\3.46\pic18-lt\cxx-framework\src\traditional\proc\p18f46k22.asm
                    FSR0L   0x000fe9       data     extern E:\3.46\pic18-lt\cxx-framework\src\traditional\proc\p18f46k22.asm
                     FSR0   0x000fe9       data     extern E:\3.46\pic18-lt\cxx-framework\src\traditional\proc\p18f46k22.asm
                    FSR0H   0x000fea       data     extern E:\3.46\pic18-lt\cxx-framework\src\traditional\proc\p18f46k22.asm
                   PLUSW0   0x000feb       data     extern E:\3.46\pic18-lt\cxx-framework\src\traditional\proc\p18f46k22.asm
                  PREINC0   0x000fec       data     extern E:\3.46\pic18-lt\cxx-framework\src\traditional\proc\p18f46k22.asm
                 POSTDEC0   0x000fed       data     extern E:\3.46\pic18-lt\cxx-framework\src\traditional\proc\p18f46k22.asm
                 POSTINC0   0x000fee       data     extern E:\3.46\pic18-lt\cxx-framework\src\traditional\proc\p18f46k22.asm
                    INDF0   0x000fef       data     extern E:\3.46\pic18-lt\cxx-framework\src\traditional\proc\p18f46k22.asm
                  INTCON3   0x000ff0       data     extern E:\3.46\pic18-lt\cxx-framework\src\traditional\proc\p18f46k22.asm
              INTCON3bits   0x000ff0       data     extern E:\3.46\pic18-lt\cxx-framework\src\traditional\proc\p18f46k22.asm
              INTCON2bits   0x000ff1       data     extern E:\3.46\pic18-lt\cxx-framework\src\traditional\proc\p18f46k22.asm
                  INTCON2   0x000ff1       data     extern E:\3.46\pic18-lt\cxx-framework\src\traditional\proc\p18f46k22.asm
                   INTCON   0x000ff2       data     extern E:\3.46\pic18-lt\cxx-framework\src\traditional\proc\p18f46k22.asm
               INTCONbits   0x000ff2       data     extern E:\3.46\pic18-lt\cxx-framework\src\traditional\proc\p18f46k22.asm
                     PROD   0x000ff3       data     extern E:\3.46\pic18-lt\cxx-framework\src\traditional\proc\p18f46k22.asm
                    PRODL   0x000ff3       data     extern E:\3.46\pic18-lt\cxx-framework\src\traditional\proc\p18f46k22.asm
                    PRODH   0x000ff4       data     extern E:\3.46\pic18-lt\cxx-framework\src\traditional\proc\p18f46k22.asm
                   TABLAT   0x000ff5       data     extern E:\3.46\pic18-lt\cxx-framework\src\traditional\proc\p18f46k22.asm
                  TBLPTRL   0x000ff6       data     extern E:\3.46\pic18-lt\cxx-framework\src\traditional\proc\p18f46k22.asm
                   TBLPTR   0x000ff6       data     extern E:\3.46\pic18-lt\cxx-framework\src\traditional\proc\p18f46k22.asm
                  TBLPTRH   0x000ff7       data     extern E:\3.46\pic18-lt\cxx-framework\src\traditional\proc\p18f46k22.asm
              TBLPTRUbits   0x000ff8       data     extern E:\3.46\pic18-lt\cxx-framework\src\traditional\proc\p18f46k22.asm
                  TBLPTRU   0x000ff8       data     extern E:\3.46\pic18-lt\cxx-framework\src\traditional\proc\p18f46k22.asm
                       PC   0x000ff9       data     extern E:\3.46\pic18-lt\cxx-framework\src\traditional\proc\p18f46k22.asm
                      PCL   0x000ff9       data     extern E:\3.46\pic18-lt\cxx-framework\src\traditional\proc\p18f46k22.asm
                   PCLATH   0x000ffa       data     extern E:\3.46\pic18-lt\cxx-framework\src\traditional\proc\p18f46k22.asm
                   PCLATU   0x000ffb       data     extern E:\3.46\pic18-lt\cxx-framework\src\traditional\proc\p18f46k22.asm
                   STKPTR   0x000ffc       data     extern E:\3.46\pic18-lt\cxx-framework\src\traditional\proc\p18f46k22.asm
               STKPTRbits   0x000ffc       data     extern E:\3.46\pic18-lt\cxx-framework\src\traditional\proc\p18f46k22.asm
                     TOSL   0x000ffd       data     extern E:\3.46\pic18-lt\cxx-framework\src\traditional\proc\p18f46k22.asm
                      TOS   0x000ffd       data     extern E:\3.46\pic18-lt\cxx-framework\src\traditional\proc\p18f46k22.asm
                     TOSH   0x000ffe       data     extern E:\3.46\pic18-lt\cxx-framework\src\traditional\proc\p18f46k22.asm
                     TOSU   0x000fff       data     extern E:\3.46\pic18-lt\cxx-framework\src\traditional\proc\p18f46k22.asm


