MPLINK 5.00, LINKER
Linker Map File - Created Sat Jan 03 22:53:54 2015

                                 Section Info
                  Section       Type    Address   Location Size(Bytes)
                ---------  ---------  ---------  ---------  ---------
               _entry_scn       code   0x000000    program   0x000006
           .code___init.o       code   0x000006    program   0x000002
              hightVector       code   0x000008    program   0x000006
          .romdata_Main.o    romdata   0x00000e    program   0x000006
         .code_i2c2strt.o       code   0x000014    program   0x000004
                lowVector       code   0x000018    program   0x000006
                   .cinit    romdata   0x00001e    program   0x000062
              .code_TCP.o       code   0x000080    program   0x00555c
         .code_ENC28J60.o       code   0x0055dc    program   0x001824
          .code_Helpers.o       code   0x006e00    program   0x000dfe
             .code_Main.o       code   0x007bfe    program   0x000d78
             .code_ftoa.o       code   0x008976    program   0x0009d2
                     PROG       code   0x009348    program   0x000600
              .code_ARP.o       code   0x009948    program   0x0005ae
             .code_TIOS.o       code   0x009ef6    program   0x000580
             .code_ICMP.o       code   0x00a476    program   0x0003f2
               .code_IP.o       code   0x00a868    program   0x0003ee
            .code_1wire.o       code   0x00ac56    program   0x0003e8
         .code_StackTsk.o       code   0x00b03e    program   0x0001ea
       .code_writeOnLCD.o       code   0x00b228    program   0x0001d8
                   STRING       code   0x00b400    program   0x00018c
             .code_Tick.o       code   0x00b58c    program   0x000138
         .code_i2c2eesr.o       code   0x00b6c4    program   0x0000fa
         .code_i2c2eerr.o       code   0x00b7be    program   0x0000ea
         .code_openxlcd.o       code   0x00b8a8    program   0x0000ba
         .code_i2c2eepw.o       code   0x00b962    program   0x0000b6
             .stringtable    romdata   0x00ba18    program   0x0000b0
         .code_i2c2eebw.o       code   0x00bac8    program   0x0000ac
               _cinit_scn       code   0x00bb74    program   0x00009e
         .code_My_USART.o       code   0x00bc12    program   0x000096
         .code_i2c2eecr.o       code   0x00bca8    program   0x000090
         .code_i2c2eeap.o       code   0x00bd38    program   0x00008e
         .code_i2c2puts.o       code   0x00bdc6    program   0x00007e
         .code_i2c2writ.o       code   0x00be44    program   0x00006e
         .code_i2c2gets.o       code   0x00beb2    program   0x00006a
         .code_PICDelay.o       code   0x00bf1c    program   0x000062
        .code_My_TIMERS.o       code   0x00bf7e    program   0x00005a
         .code_setddram.o       code   0x00bfd8    program   0x000050
         .code_setcgram.o       code   0x00c028    program   0x000050
         .code_putrxlcd.o       code   0x00c078    program   0x00004e
         .code_writdata.o       code   0x00c0c6    program   0x00004c
         .code_wcmdxlcd.o       code   0x00c112    program   0x00004c
         .code_putsxlcd.o       code   0x00c15e    program   0x00004a
         .code_hardware.o       code   0x00c1a8    program   0x00004a
         .code_fxd3232u.o       code   0x00c1f2    program   0x000048
         .code_readdata.o       code   0x00c23a    program   0x000044
         .code_readaddr.o       code   0x00c27e    program   0x000044
       .code_delaysXLCD.o       code   0x00c2c2    program   0x00003e
         .code_busyxlcd.o       code   0x00c300    program   0x000036
             D10KTCYXCODE       code   0x00c336    program   0x00002e
         .code_fxd1616u.o       code   0x00c364    program   0x00002c
         .code_i2c2open.o       code   0x00c390    program   0x000026
              D1KTCYXCODE       code   0x00c3b6    program   0x000020
                    .code       code   0x00c3d6    program   0x000020
             _startup_scn       code   0x00c3f6    program   0x00001c
         .code_i2c2read.o       code   0x00c412    program   0x00001a
              D10TCYXCODE       code   0x00c42c    program   0x000016
         .code_i2c2idle.o       code   0x00c442    program   0x000014
           .romdata_TCP.o    romdata   0x00c456    program   0x000012
         .code_i2c2nack.o       code   0x00c468    program   0x000006
         .code_i2c2dtrd.o       code   0x00c46e    program   0x000006
          .code_i2c2ack.o       code   0x00c474    program   0x000006
         .code_i2c2stop.o       code   0x00c47a    program   0x000004
         .code_i2c2rstr.o       code   0x00c47e    program   0x000004
         .code_i2c2clos.o       code   0x00c482    program   0x000004
      .romdata_writdata.o    romdata   0x00c486    program   0x000000
      .idata_writdata.o_i    romdata   0x00c486    program   0x000000
      .romdata_wcmdxlcd.o    romdata   0x00c486    program   0x000000
      .idata_wcmdxlcd.o_i    romdata   0x00c486    program   0x000000
      .romdata_StackTsk.o    romdata   0x00c486    program   0x000000
    .idata_writeOnLCD.o_i    romdata   0x00c486    program   0x000000
    .romdata_writeOnLCD.o    romdata   0x00c486    program   0x000000
    .idata_delaysXLCD.o_i    romdata   0x00c486    program   0x000000
      .romdata_setddram.o    romdata   0x00c486    program   0x000000
      .idata_setddram.o_i    romdata   0x00c486    program   0x000000
      .romdata_setcgram.o    romdata   0x00c486    program   0x000000
      .idata_setcgram.o_i    romdata   0x00c486    program   0x000000
.romdata_TCPPerformanceTest.o    romdata   0x00c486    program   0x000000
      .romdata_readdata.o    romdata   0x00c486    program   0x000000
      .idata_readdata.o_i    romdata   0x00c486    program   0x000000
      .romdata_readaddr.o    romdata   0x00c486    program   0x000000
      .idata_readaddr.o_i    romdata   0x00c486    program   0x000000
          .idata_Tick.o_i    romdata   0x00c486    program   0x000004
      .romdata_putsxlcd.o    romdata   0x00c486    program   0x000000
      .idata_putsxlcd.o_i    romdata   0x00c486    program   0x000000
          .romdata_Tick.o    romdata   0x00c486    program   0x000000
      .romdata_putrxlcd.o    romdata   0x00c486    program   0x000000
         .idata_c018i.o_i    romdata   0x00c486    program   0x000000
         .romdata_c018i.o    romdata   0x00c486    program   0x000000
        .romdata___init.o    romdata   0x00c486    program   0x000000
        .idata___init.o_i    romdata   0x00c486    program   0x000000
      .romdata_fxd3232u.o    romdata   0x00c486    program   0x000000
      .idata_fxd3232u.o_i    romdata   0x00c486    program   0x000000
           .romdata_ARP.o    romdata   0x00c486    program   0x000000
      .romdata_fxd1616u.o    romdata   0x00c486    program   0x000000
      .idata_fxd1616u.o_i    romdata   0x00c486    program   0x000000
      .romdata_Announce.o    romdata   0x00c486    program   0x000000
           .romdata_DNS.o    romdata   0x00c486    program   0x000000
      .romdata_ENC28J60.o    romdata   0x00c486    program   0x000000
      .romdata_My_USART.o    romdata   0x00c486    program   0x000000
          .romdata_ftoa.o    romdata   0x00c486    program   0x000000
          .idata_ftoa.o_i    romdata   0x00c486    program   0x000000
       .romdata_Helpers.o    romdata   0x00c486    program   0x000000
         .romdata_1wire.o    romdata   0x00c486    program   0x000000
          .romdata_ICMP.o    romdata   0x00c486    program   0x000000
          .romdata_TIOS.o    romdata   0x00c486    program   0x000000
            .romdata_IP.o    romdata   0x00c486    program   0x000000
     .romdata_My_TIMERS.o    romdata   0x00c486    program   0x000000
      .romdata_hardware.o    romdata   0x00c486    program   0x000000
      .idata_hardware.o_i    romdata   0x00c486    program   0x000000
      .romdata_PICDelay.o    romdata   0x00c486    program   0x000000
    .romdata_delaysXLCD.o    romdata   0x00c486    program   0x000000
       .idata_i2c2ack.o_i    romdata   0x00c486    program   0x000000
      .romdata_i2c2open.o    romdata   0x00c486    program   0x000000
      .idata_i2c2open.o_i    romdata   0x00c486    program   0x000000
      .romdata_i2c2nack.o    romdata   0x00c486    program   0x000000
      .idata_i2c2nack.o_i    romdata   0x00c486    program   0x000000
      .romdata_i2c2idle.o    romdata   0x00c486    program   0x000000
      .idata_i2c2idle.o_i    romdata   0x00c486    program   0x000000
       .romdata_i2c2ack.o    romdata   0x00c486    program   0x000000
      .romdata_i2c2gets.o    romdata   0x00c486    program   0x000000
      .idata_i2c2gets.o_i    romdata   0x00c486    program   0x000000
      .romdata_i2c2eesr.o    romdata   0x00c486    program   0x000000
      .idata_i2c2eesr.o_i    romdata   0x00c486    program   0x000000
      .idata_i2c2clos.o_i    romdata   0x00c486    program   0x000000
      .romdata_i2c2eerr.o    romdata   0x00c486    program   0x000000
      .idata_i2c2eerr.o_i    romdata   0x00c486    program   0x000000
      .romdata_i2c2clos.o    romdata   0x00c486    program   0x000000
      .romdata_i2c2eepw.o    romdata   0x00c486    program   0x000000
      .idata_i2c2eepw.o_i    romdata   0x00c486    program   0x000000
      .romdata_i2c2eecr.o    romdata   0x00c486    program   0x000000
      .idata_i2c2eecr.o_i    romdata   0x00c486    program   0x000000
      .idata_i2c2dtrd.o_i    romdata   0x00c486    program   0x000000
      .romdata_i2c2eebw.o    romdata   0x00c486    program   0x000000
      .idata_i2c2eebw.o_i    romdata   0x00c486    program   0x000000
      .romdata_i2c2dtrd.o    romdata   0x00c486    program   0x000000
      .romdata_i2c2eeap.o    romdata   0x00c486    program   0x000000
      .idata_i2c2eeap.o_i    romdata   0x00c486    program   0x000000
      .idata_putrxlcd.o_i    romdata   0x00c486    program   0x000000
           .idata_UDP.o_i    romdata   0x00c486    program   0x000000
      .romdata_openxlcd.o    romdata   0x00c486    program   0x000000
      .idata_openxlcd.o_i    romdata   0x00c486    program   0x000000
           .romdata_UDP.o    romdata   0x00c486    program   0x000000
      .romdata_busyxlcd.o    romdata   0x00c486    program   0x000000
      .idata_busyxlcd.o_i    romdata   0x00c486    program   0x000000
      .romdata_i2c2writ.o    romdata   0x00c486    program   0x000000
      .idata_i2c2writ.o_i    romdata   0x00c486    program   0x000000
.idata_UDPPerformanceTest.o_i    romdata   0x00c486    program   0x000000
      .romdata_i2c2strt.o    romdata   0x00c486    program   0x000000
      .idata_i2c2strt.o_i    romdata   0x00c486    program   0x000000
      .romdata_i2c2stop.o    romdata   0x00c486    program   0x000000
      .idata_i2c2stop.o_i    romdata   0x00c486    program   0x000000
      .romdata_i2c2rstr.o    romdata   0x00c486    program   0x000000
.romdata_UDPPerformanceTest.o    romdata   0x00c486    program   0x000000
      .romdata_i2c2read.o    romdata   0x00c486    program   0x000000
      .idata_i2c2read.o_i    romdata   0x00c486    program   0x000000
      .romdata_i2c2puts.o    romdata   0x00c486    program   0x000000
      .idata_i2c2rstr.o_i    romdata   0x00c486    program   0x000000
      .idata_i2c2puts.o_i    romdata   0x00c486    program   0x000000
          .idata_TIOS.o_i    romdata   0x00c48a    program   0x000004
.idata_TCPPerformanceTest.o_i    romdata   0x00c48e    program   0x000000
           .idata_TCP.o_i    romdata   0x00c48e    program   0x000002
      .idata_My_USART.o_i    romdata   0x00c490    program   0x000000
          .idata_Main.o_i    romdata   0x00c490    program   0x00004c
      .idata_StackTsk.o_i    romdata   0x00c490    program   0x000000
      .idata_PICDelay.o_i    romdata   0x00c490    program   0x000000
     .idata_My_TIMERS.o_i    romdata   0x00c490    program   0x000000
            .idata_IP.o_i    romdata   0x00c4dc    program   0x000002
          .idata_ICMP.o_i    romdata   0x00c4de    program   0x000001
       .idata_Helpers.o_i    romdata   0x00c4df    program   0x000004
           .idata_ARP.o_i    romdata   0x00c4e3    program   0x000001
      .idata_Announce.o_i    romdata   0x00c4e3    program   0x000000
           .idata_DNS.o_i    romdata   0x00c4e3    program   0x000000
      .idata_ENC28J60.o_i    romdata   0x00c4e3    program   0x000000
         .code_Announce.o       code   0x00c4e4    program   0x000000
              .code_UDP.o       code   0x00c4e4    program   0x000000
.code_TCPPerformanceTest.o       code   0x00c4e4    program   0x000000
.code_UDPPerformanceTest.o       code   0x00c4e4    program   0x000000
              .code_DNS.o       code   0x00c4e4    program   0x000000
            .code_c018i.o       code   0x00c4e4    program   0x000000
         .idata_1wire.o_i    romdata   0x00c4e4    program   0x000000
    .config_300001_Main.o    romdata   0x300001    program   0x000001
    .config_300002_Main.o    romdata   0x300002    program   0x000001
    .config_300003_Main.o    romdata   0x300003    program   0x000001
    .config_300006_Main.o    romdata   0x300006    program   0x000001
                MATH_DATA      udata   0x000000       data   0x000014
                 .tmpdata      udata   0x000014       data   0x00000e
                DELAYDAT2      udata   0x000022       data   0x000001
                DELAYDAT1      udata   0x000023       data   0x000001
            .udata_Main.o      udata   0x000060       data   0x00005b
       SYN_QUEUE_RAM_SECT      udata   0x0000bb       data   0x00003c
            .udata_Tick.o      udata   0x0000f7       data   0x000006
             .idata_TCP.o      idata   0x0000fd       data   0x000002
              temp_tblptr      udata   0x0000ff       data   0x000001
                 TCB_uRAM      udata   0x000100       data   0x000054
             .udata_TCP.o      udata   0x000154       data   0x000051
            .idata_Main.o      idata   0x0001a5       data   0x00004c
        .udata_StackTsk.o      udata   0x0001f1       data   0x00000b
         .udata_Helpers.o      udata   0x0001fc       data   0x000004
            .udata_TIOS.o      udata   0x000200       data   0x000047
            .idata_Tick.o      idata   0x000247       data   0x000004
            .idata_TIOS.o      idata   0x00024b       data   0x000004
         .idata_Helpers.o      idata   0x00024f       data   0x000004
            .idata_ICMP.o      idata   0x000253       data   0x000001
             .idata_ARP.o      idata   0x000254       data   0x000001
        .udata_readdata.o      udata   0x000255       data   0x000000
        .idata_readaddr.o      idata   0x000255       data   0x000000
        .udata_readaddr.o      udata   0x000255       data   0x000000
        .idata_putsxlcd.o      idata   0x000255       data   0x000000
        .idata_readdata.o      idata   0x000255       data   0x000000
        .udata_setcgram.o      udata   0x000255       data   0x000000
        .idata_setcgram.o      idata   0x000255       data   0x000000
        .udata_putsxlcd.o      udata   0x000255       data   0x000000
        .udata_setddram.o      udata   0x000255       data   0x000000
        .idata_setddram.o      idata   0x000255       data   0x000000
        .udata_wcmdxlcd.o      udata   0x000255       data   0x000000
        .idata_putrxlcd.o      idata   0x000255       data   0x000000
        .udata_putrxlcd.o      udata   0x000255       data   0x000000
        .idata_openxlcd.o      idata   0x000255       data   0x000000
        .udata_openxlcd.o      udata   0x000255       data   0x000000
        .idata_busyxlcd.o      idata   0x000255       data   0x000000
        .udata_busyxlcd.o      udata   0x000255       data   0x000000
        .idata_i2c2writ.o      idata   0x000255       data   0x000000
        .udata_i2c2writ.o      udata   0x000255       data   0x000000
        .idata_i2c2strt.o      idata   0x000255       data   0x000000
        .udata_i2c2strt.o      udata   0x000255       data   0x000000
        .idata_i2c2stop.o      idata   0x000255       data   0x000000
        .udata_i2c2stop.o      udata   0x000255       data   0x000000
          .idata___init.o      idata   0x000255       data   0x000000
          .udata___init.o      udata   0x000255       data   0x000000
        .idata_fxd3232u.o      idata   0x000255       data   0x000000
        .udata_fxd3232u.o      udata   0x000255       data   0x000000
        .idata_fxd1616u.o      idata   0x000255       data   0x000000
        .udata_fxd1616u.o      udata   0x000255       data   0x000000
        .idata_My_USART.o      idata   0x000255       data   0x000000
        .udata_My_USART.o      udata   0x000255       data   0x000000
            .idata_ftoa.o      idata   0x000255       data   0x000000
            .udata_ftoa.o      udata   0x000255       data   0x000000
           .idata_1wire.o      idata   0x000255       data   0x000000
           .udata_1wire.o      udata   0x000255       data   0x000000
       .idata_My_TIMERS.o      idata   0x000255       data   0x000000
       .udata_My_TIMERS.o      udata   0x000255       data   0x000000
        .idata_hardware.o      idata   0x000255       data   0x000000
        .udata_hardware.o      udata   0x000255       data   0x000000
      .idata_delaysXLCD.o      idata   0x000255       data   0x000000
      .udata_delaysXLCD.o      udata   0x000255       data   0x000000
      .idata_writeOnLCD.o      idata   0x000255       data   0x000000
      .udata_writeOnLCD.o      udata   0x000255       data   0x000000
        .idata_writdata.o      idata   0x000255       data   0x000000
        .udata_writdata.o      udata   0x000255       data   0x000000
        .idata_wcmdxlcd.o      idata   0x000255       data   0x000000
        .idata_i2c2eeap.o      idata   0x000255       data   0x000000
        .udata_i2c2eeap.o      udata   0x000255       data   0x000000
        .idata_i2c2dtrd.o      idata   0x000255       data   0x000000
        .udata_i2c2dtrd.o      udata   0x000255       data   0x000000
        .idata_i2c2clos.o      idata   0x000255       data   0x000000
        .udata_i2c2clos.o      udata   0x000255       data   0x000000
         .idata_i2c2ack.o      idata   0x000255       data   0x000000
         .udata_i2c2ack.o      udata   0x000255       data   0x000000
.idata_UDPPerformanceTest.o      idata   0x000255       data   0x000000
.udata_UDPPerformanceTest.o      udata   0x000255       data   0x000000
             .idata_UDP.o      idata   0x000255       data   0x000000
             .udata_UDP.o      udata   0x000255       data   0x000000
.idata_TCPPerformanceTest.o      idata   0x000255       data   0x000000
.udata_TCPPerformanceTest.o      udata   0x000255       data   0x000000
        .idata_StackTsk.o      idata   0x000255       data   0x000000
        .idata_PICDelay.o      idata   0x000255       data   0x000000
        .udata_PICDelay.o      udata   0x000255       data   0x000000
        .idata_ENC28J60.o      idata   0x000255       data   0x000000
             .idata_DNS.o      idata   0x000255       data   0x000000
             .udata_DNS.o      udata   0x000255       data   0x000000
        .idata_Announce.o      idata   0x000255       data   0x000000
        .udata_Announce.o      udata   0x000255       data   0x000000
           .idata_c018i.o      idata   0x000255       data   0x000000
        .idata_i2c2rstr.o      idata   0x000255       data   0x000000
        .udata_i2c2rstr.o      udata   0x000255       data   0x000000
        .idata_i2c2read.o      idata   0x000255       data   0x000000
        .udata_i2c2read.o      udata   0x000255       data   0x000000
        .idata_i2c2puts.o      idata   0x000255       data   0x000000
        .udata_i2c2puts.o      udata   0x000255       data   0x000000
        .idata_i2c2open.o      idata   0x000255       data   0x000000
        .udata_i2c2open.o      udata   0x000255       data   0x000000
        .idata_i2c2nack.o      idata   0x000255       data   0x000000
        .udata_i2c2nack.o      udata   0x000255       data   0x000000
        .idata_i2c2idle.o      idata   0x000255       data   0x000000
        .udata_i2c2idle.o      udata   0x000255       data   0x000000
        .idata_i2c2gets.o      idata   0x000255       data   0x000000
        .udata_i2c2gets.o      udata   0x000255       data   0x000000
        .idata_i2c2eesr.o      idata   0x000255       data   0x000000
        .udata_i2c2eesr.o      udata   0x000255       data   0x000000
        .idata_i2c2eerr.o      idata   0x000255       data   0x000000
        .udata_i2c2eerr.o      udata   0x000255       data   0x000000
        .udata_i2c2eebw.o      udata   0x000255       data   0x000000
        .idata_i2c2eebw.o      idata   0x000255       data   0x000000
        .udata_i2c2eecr.o      udata   0x000255       data   0x000000
        .idata_i2c2eecr.o      idata   0x000255       data   0x000000
        .idata_i2c2eepw.o      idata   0x000255       data   0x000000
        .udata_i2c2eepw.o      udata   0x000255       data   0x000000
                   .stack      udata   0x000e00       data   0x000100
             .udata_ARP.o      udata   0x000f00       data   0x000014
            .udata_ICMP.o      udata   0x000f14       data   0x000011
           .udata_c018i.o      udata   0x000f25       data   0x00000a
        .udata_ENC28J60.o      udata   0x000f2f       data   0x000006
              .idata_IP.o      idata   0x000f35       data   0x000002
              .udata_IP.o      udata   0x000f37       data   0x000001
              SFR_BANKED0      udata   0x000f38       data   0x000028
            SFR_UNBANKED0      udata   0x000f60       data   0x0000a0



                              Program Memory Usage 
                               Start         End      
                           ---------   ---------      
                            0x000000    0x00c4e3      
                            0x300001    0x300003      
                            0x300006    0x300006      
            50408 out of 66584 program addresses used, program memory utilization is 75%



                              Symbols - Sorted by Name
                     Name    Address   Location    Storage File                     
                ---------  ---------  ---------  --------- ---------                
                  ARPInit   0x009a9e    program     extern C:\Users\Manager\MPLABXProjects\TEMS-Integrated\ARP.c
            ARPIsResolved   0x009d5c    program     extern C:\Users\Manager\MPLABXProjects\TEMS-Integrated\ARP.c
               ARPProcess   0x009ab6    program     extern C:\Users\Manager\MPLABXProjects\TEMS-Integrated\ARP.c
                   ARPPut   0x009948    program     static C:\Users\Manager\MPLABXProjects\TEMS-Integrated\ARP.c
               ARPResolve   0x009c82    program     extern C:\Users\Manager\MPLABXProjects\TEMS-Integrated\ARP.c
                  AckI2C2   0x00c474    program     extern C:\Users\Manager\MPLABXProjects\TEMS-Integrated\fcts\i2c\i2c2ack.c
                  BCD2ASC   0x008438    program     extern C:\Users\Manager\MPLABXProjects\TEMS-Integrated\Main.c
                   BFCReg   0x006c00    program     static C:\Users\Manager\MPLABXProjects\TEMS-Integrated\ENC28J60.c
                   BFSReg   0x006c3c    program     static C:\Users\Manager\MPLABXProjects\TEMS-Integrated\ENC28J60.c
                  BankSel   0x006cf0    program     static C:\Users\Manager\MPLABXProjects\TEMS-Integrated\ENC28J60.c
              Busy1_USART   0x00bc3a    program     extern C:\Users\Manager\MPLABXProjects\TEMS-Integrated\fcts\USART\My_USART.c
                 BusyXLCD   0x00c300    program     extern C:\Users\Manager\MPLABXProjects\TEMS-Integrated\fcts\LCD\busyxlcd.c
        ButtonsManagement   0x007d20    program     extern C:\Users\Manager\MPLABXProjects\TEMS-Integrated\Main.c
     CalcIPBufferChecksum   0x0061f8    program     extern C:\Users\Manager\MPLABXProjects\TEMS-Integrated\ENC28J60.c
           CalcIPChecksum   0x007902    program     extern C:\Users\Manager\MPLABXProjects\TEMS-Integrated\Helpers.c
                ClockInit   0x0080f6    program     extern C:\Users\Manager\MPLABXProjects\TEMS-Integrated\Main.c
                ClockRead   0x008156    program     extern C:\Users\Manager\MPLABXProjects\TEMS-Integrated\Main.c
                ClockShow   0x0082a4    program     extern C:\Users\Manager\MPLABXProjects\TEMS-Integrated\Main.c
                CloseI2C2   0x00c482    program     extern C:\Users\Manager\MPLABXProjects\TEMS-Integrated\fcts\i2c\i2c2clos.c
              CloseSocket   0x003b70    program     static C:\Users\Manager\MPLABXProjects\TEMS-Integrated\TCP.c
      Convert_Temperature   0x00ae94    program     extern C:\Users\Manager\MPLABXProjects\TEMS-Integrated\fcts\Temperature\1wire.c
                   D10K_1   0x00c342    program     static E:\3.46\pic18-lt\cxx-framework\src\traditional\delays\d10ktcyx.asm
                    D10Kl   0x00c34e    program     static E:\3.46\pic18-lt\cxx-framework\src\traditional\delays\d10ktcyx.asm
                    D10Kx   0x00c340    program     static E:\3.46\pic18-lt\cxx-framework\src\traditional\delays\d10ktcyx.asm
                    D10_1   0x00c43c    program     static E:\3.46\pic18-lt\cxx-framework\src\traditional\delays\d10tcyx.asm
                     D10x   0x00c434    program     static E:\3.46\pic18-lt\cxx-framework\src\traditional\delays\d10tcyx.asm
                   D1616S   0x009642    program     static E:\3.46\pic18-lt\cxx-framework\src\traditional\math\fxd1616s.asm
                D1616SNEG   0x009650    program     static E:\3.46\pic18-lt\cxx-framework\src\traditional\math\fxd1616s.asm
                 D1616SOK   0x00964c    program     static E:\3.46\pic18-lt\cxx-framework\src\traditional\math\fxd1616s.asm
                  D1616SX   0x009662    program     static E:\3.46\pic18-lt\cxx-framework\src\traditional\math\fxd1616s.asm
                    D1K_1   0x00c3c2    program     static E:\3.46\pic18-lt\cxx-framework\src\traditional\delays\d1ktcyx.asm
                     D1Kx   0x00c3c0    program     static E:\3.46\pic18-lt\cxx-framework\src\traditional\delays\d1ktcyx.asm
                  DA1616S   0x009632    program     static E:\3.46\pic18-lt\cxx-framework\src\traditional\math\fxd1616s.asm
              DataRdyI2C2   0x00c46e    program     extern C:\Users\Manager\MPLABXProjects\TEMS-Integrated\fcts\i2c\i2c2dtrd.c
             Delay10KTCYx   0x00c336    program     extern E:\3.46\pic18-lt\cxx-framework\src\traditional\delays\d10ktcyx.asm
              Delay10TCYx   0x00c42c    program     extern E:\3.46\pic18-lt\cxx-framework\src\traditional\delays\d10tcyx.asm
              Delay1KTCYx   0x00c3b6    program     extern E:\3.46\pic18-lt\cxx-framework\src\traditional\delays\d1ktcyx.asm
            DelayFor18TCY   0x00c2c2    program     extern C:\Users\Manager\MPLABXProjects\TEMS-Integrated\fcts\LCD\delaysXLCD.c
                  DelayMS   0x00bf1c    program     extern C:\Users\Manager\MPLABXProjects\TEMS-Integrated\PICDelay.c
             DelayPORXLCD   0x00c2e8    program     extern C:\Users\Manager\MPLABXProjects\TEMS-Integrated\fcts\LCD\delaysXLCD.c
                DelayXLCD   0x00c2f4    program     extern C:\Users\Manager\MPLABXProjects\TEMS-Integrated\fcts\LCD\delaysXLCD.c
           DisplayIPValue   0x0087b6    program     static C:\Users\Manager\MPLABXProjects\TEMS-Integrated\Main.c
            EEAckPolling2   0x00bd38    program     extern C:\Users\Manager\MPLABXProjects\TEMS-Integrated\fcts\i2c\i2c2eeap.c
             EEByteWrite2   0x00bac8    program     extern C:\Users\Manager\MPLABXProjects\TEMS-Integrated\fcts\i2c\i2c2eebw.c
        EECurrentAddRead2   0x00bca8    program     extern C:\Users\Manager\MPLABXProjects\TEMS-Integrated\fcts\i2c\i2c2eecr.c
             EEPageWrite2   0x00b962    program     extern C:\Users\Manager\MPLABXProjects\TEMS-Integrated\fcts\i2c\i2c2eepw.c
            EERandomRead2   0x00b7be    program     extern C:\Users\Manager\MPLABXProjects\TEMS-Integrated\fcts\i2c\i2c2eerr.c
        EESequentialRead2   0x00b6c4    program     extern C:\Users\Manager\MPLABXProjects\TEMS-Integrated\fcts\i2c\i2c2eesr.c
      ENABLE_INTERRUPT_BP   0x00a468    program     extern C:\Users\Manager\MPLABXProjects\TEMS-Integrated\TIOS.c
       EthernetSocketInit   0x0084ee    program     extern C:\Users\Manager\MPLABXProjects\TEMS-Integrated\Main.c
         EthernetSocketRX   0x0086d8    program     extern C:\Users\Manager\MPLABXProjects\TEMS-Integrated\Main.c
         EthernetSocketTX   0x00857a    program     extern C:\Users\Manager\MPLABXProjects\TEMS-Integrated\Main.c
                 FLO1632S   0x00934c    program     extern E:\3.46\pic18-lt\cxx-framework\src\traditional\math\cast16FP.asm
                 FLO1632U   0x009348    program     extern E:\3.46\pic18-lt\cxx-framework\src\traditional\math\cast16FP.asm
                    FPA32   0x009374    program     extern E:\3.46\pic18-lt\cxx-framework\src\traditional\math\addFP.asm
                    FPD32   0x0094a0    program     extern E:\3.46\pic18-lt\cxx-framework\src\traditional\math\divFP.asm
                    FPM32   0x009546    program     extern E:\3.46\pic18-lt\cxx-framework\src\traditional\math\mulFP.asm
                    FPS32   0x009372    program     extern E:\3.46\pic18-lt\cxx-framework\src\traditional\math\addFP.asm
                 FXD1616S   0x009620    program     extern E:\3.46\pic18-lt\cxx-framework\src\traditional\math\fxd1616s.asm
                 FXD1616U   0x00c364    program     extern E:\3.46\pic18-lt\cxx-framework\src\traditional\math\fxd1616u.c
                 FXD3232U   0x00c1f2    program     extern E:\3.46\pic18-lt\cxx-framework\src\traditional\math\fxd3232u.c
                 FXM1616S   0x00966c    program     extern E:\3.46\pic18-lt\cxx-framework\src\traditional\math\fxm1616s.asm
                 FXM1616U   0x0096c6    program     extern E:\3.46\pic18-lt\cxx-framework\src\traditional\math\fxm1616u.asm
       FindMatchingSocket   0x003380    program     static C:\Users\Manager\MPLABXProjects\TEMS-Integrated\TCP.c
        FormatNetBIOSName   0x007b00    program     extern C:\Users\Manager\MPLABXProjects\TEMS-Integrated\Helpers.c
      GenerateRandomDWORD   0x006f3c    program     extern C:\Users\Manager\MPLABXProjects\TEMS-Integrated\Helpers.c
                GetCLKOUT   0x006dc4    program     extern C:\Users\Manager\MPLABXProjects\TEMS-Integrated\ENC28J60.c
      GetMaxSegSizeOption   0x003bfa    program     static C:\Users\Manager\MPLABXProjects\TEMS-Integrated\TCP.c
              GetTickCopy   0x00b59c    program     static C:\Users\Manager\MPLABXProjects\TEMS-Integrated\Tick.c
             HandleTCPSeg   0x003d50    program     static C:\Users\Manager\MPLABXProjects\TEMS-Integrated\TCP.c
           ICMPBeginUsage   0x00a858    program     extern C:\Users\Manager\MPLABXProjects\TEMS-Integrated\ICMP.c
             ICMPEndUsage   0x00a862    program     extern C:\Users\Manager\MPLABXProjects\TEMS-Integrated\ICMP.c
             ICMPGetReply   0x00a6a4    program     extern C:\Users\Manager\MPLABXProjects\TEMS-Integrated\ICMP.c
              ICMPProcess   0x00a476    program     extern C:\Users\Manager\MPLABXProjects\TEMS-Integrated\ICMP.c
             ICMPSendPing   0x00a65e    program     extern C:\Users\Manager\MPLABXProjects\TEMS-Integrated\ICMP.c
                  INT3216   0x009702    program     extern E:\3.46\pic18-lt\cxx-framework\src\traditional\math\castFP16.asm
              IPGetHeader   0x00a868    program     extern C:\Users\Manager\MPLABXProjects\TEMS-Integrated\IP.c
              IPPutHeader   0x00a9d2    program     extern C:\Users\Manager\MPLABXProjects\TEMS-Integrated\IP.c
            IPSetRxBuffer   0x00ab34    program     extern C:\Users\Manager\MPLABXProjects\TEMS-Integrated\IP.c
                 IdleI2C2   0x00c442    program     extern C:\Users\Manager\MPLABXProjects\TEMS-Integrated\fcts\i2c\i2c2idle.c
            InitAppConfig   0x008892    program     static C:\Users\Manager\MPLABXProjects\TEMS-Integrated\Main.c
             InitHardware   0x00c1a8    program     extern C:\Users\Manager\MPLABXProjects\TEMS-Integrated\fcts\OS\hardware.c
                 LFSRRand   0x006eb6    program     extern C:\Users\Manager\MPLABXProjects\TEMS-Integrated\Helpers.c
             LFSRSeedRand   0x006e00    program     extern C:\Users\Manager\MPLABXProjects\TEMS-Integrated\Helpers.c
             LedModeBlink   0x007d1c    program     extern C:\Users\Manager\MPLABXProjects\TEMS-Integrated\Main.c
        MACCalcRxChecksum   0x0060fa    program     extern C:\Users\Manager\MPLABXProjects\TEMS-Integrated\ENC28J60.c
             MACDiscardRx   0x00587c    program     extern C:\Users\Manager\MPLABXProjects\TEMS-Integrated\ENC28J60.c
                 MACFlush   0x005d0e    program     extern C:\Users\Manager\MPLABXProjects\TEMS-Integrated\ENC28J60.c
                   MACGet   0x0067e4    program     extern C:\Users\Manager\MPLABXProjects\TEMS-Integrated\ENC28J60.c
              MACGetArray   0x00681a    program     extern C:\Users\Manager\MPLABXProjects\TEMS-Integrated\ENC28J60.c
         MACGetFreeRxSize   0x005916    program     extern C:\Users\Manager\MPLABXProjects\TEMS-Integrated\ENC28J60.c
             MACGetHeader   0x005a82    program     extern C:\Users\Manager\MPLABXProjects\TEMS-Integrated\ENC28J60.c
                  MACInit   0x0055dc    program     extern C:\Users\Manager\MPLABXProjects\TEMS-Integrated\ENC28J60.c
              MACIsLinked   0x005852    program     extern C:\Users\Manager\MPLABXProjects\TEMS-Integrated\ENC28J60.c
         MACIsMemCopyDone   0x0067d0    program     extern C:\Users\Manager\MPLABXProjects\TEMS-Integrated\ENC28J60.c
             MACIsTxReady   0x005866    program     extern C:\Users\Manager\MPLABXProjects\TEMS-Integrated\ENC28J60.c
          MACMemCopyAsync   0x006422    program     extern C:\Users\Manager\MPLABXProjects\TEMS-Integrated\ENC28J60.c
             MACPowerDown   0x006d1e    program     extern C:\Users\Manager\MPLABXProjects\TEMS-Integrated\ENC28J60.c
               MACPowerUp   0x006d5c    program     extern C:\Users\Manager\MPLABXProjects\TEMS-Integrated\ENC28J60.c
                   MACPut   0x0068ea    program     extern C:\Users\Manager\MPLABXProjects\TEMS-Integrated\ENC28J60.c
              MACPutArray   0x006922    program     extern C:\Users\Manager\MPLABXProjects\TEMS-Integrated\ENC28J60.c
             MACPutHeader   0x005c50    program     extern C:\Users\Manager\MPLABXProjects\TEMS-Integrated\ENC28J60.c
           MACPutROMArray   0x006986    program     extern C:\Users\Manager\MPLABXProjects\TEMS-Integrated\ENC28J60.c
            MACSetReadPtr   0x00608a    program     extern C:\Users\Manager\MPLABXProjects\TEMS-Integrated\ENC28J60.c
        MACSetReadPtrInRx   0x005f88    program     extern C:\Users\Manager\MPLABXProjects\TEMS-Integrated\ENC28J60.c
           MACSetWritePtr   0x006018    program     extern C:\Users\Manager\MPLABXProjects\TEMS-Integrated\ENC28J60.c
         MyInterruptHight   0x00a2b2    program     extern C:\Users\Manager\MPLABXProjects\TEMS-Integrated\TIOS.c
           MyInterruptLow   0x00a218    program     extern C:\Users\Manager\MPLABXProjects\TEMS-Integrated\TIOS.c
               NotAckI2C2   0x00c468    program     extern C:\Users\Manager\MPLABXProjects\TEMS-Integrated\fcts\i2c\i2c2nack.c
                   OWInit   0x00ac56    program     extern C:\Users\Manager\MPLABXProjects\TEMS-Integrated\fcts\Temperature\1wire.c
                OWReadBit   0x00ad12    program     extern C:\Users\Manager\MPLABXProjects\TEMS-Integrated\fcts\Temperature\1wire.c
               OWReadByte   0x00ae00    program     extern C:\Users\Manager\MPLABXProjects\TEMS-Integrated\fcts\Temperature\1wire.c
               OWWriteBit   0x00acb6    program     extern C:\Users\Manager\MPLABXProjects\TEMS-Integrated\fcts\Temperature\1wire.c
              OWWriteByte   0x00ad7c    program     extern C:\Users\Manager\MPLABXProjects\TEMS-Integrated\fcts\Temperature\1wire.c
                 OpenI2C2   0x00c390    program     extern C:\Users\Manager\MPLABXProjects\TEMS-Integrated\fcts\i2c\i2c2open.c
                 OpenXLCD   0x00b8a8    program     extern C:\Users\Manager\MPLABXProjects\TEMS-Integrated\fcts\LCD\openxlcd.c
     ROMStringToIPAddress   0x00732c    program     extern C:\Users\Manager\MPLABXProjects\TEMS-Integrated\Helpers.c
             ReadAddrXLCD   0x00c27e    program     extern C:\Users\Manager\MPLABXProjects\TEMS-Integrated\fcts\LCD\readaddr.c
             ReadDataXLCD   0x00c23a    program     extern C:\Users\Manager\MPLABXProjects\TEMS-Integrated\fcts\LCD\readdata.c
               ReadETHReg   0x006a8c    program     static C:\Users\Manager\MPLABXProjects\TEMS-Integrated\ENC28J60.c
                 ReadI2C2   0x00c412    program     extern C:\Users\Manager\MPLABXProjects\TEMS-Integrated\fcts\i2c\i2c2read.c
               ReadMACReg   0x006ac4    program     static C:\Users\Manager\MPLABXProjects\TEMS-Integrated\ENC28J60.c
               ReadPHYReg   0x006b08    program     extern C:\Users\Manager\MPLABXProjects\TEMS-Integrated\ENC28J60.c
         Read_Temperature   0x00aeb0    program     extern C:\Users\Manager\MPLABXProjects\TEMS-Integrated\fcts\Temperature\1wire.c
              RestartI2C2   0x00c47e    program     extern C:\Users\Manager\MPLABXProjects\TEMS-Integrated\fcts\i2c\i2c2rstr.c
          SendSystemReset   0x0069ec    program     static C:\Users\Manager\MPLABXProjects\TEMS-Integrated\ENC28J60.c
                  SendTCP   0x002bba    program     static C:\Users\Manager\MPLABXProjects\TEMS-Integrated\TCP.c
     SerializedMACAddress   0x00000e    program     static C:\Users\Manager\MPLABXProjects\TEMS-Integrated\Main.c
             SetCGRamAddr   0x00c028    program     extern C:\Users\Manager\MPLABXProjects\TEMS-Integrated\fcts\LCD\setcgram.c
                SetCLKOUT   0x006d8a    program     extern C:\Users\Manager\MPLABXProjects\TEMS-Integrated\ENC28J60.c
             SetDDRamAddr   0x00bfd8    program     extern C:\Users\Manager\MPLABXProjects\TEMS-Integrated\fcts\LCD\setddram.c
        StackApplications   0x00b226    program     extern C:\Users\Manager\MPLABXProjects\TEMS-Integrated\StackTsk.c
                StackInit   0x00b03e    program     extern C:\Users\Manager\MPLABXProjects\TEMS-Integrated\StackTsk.c
                StackTask   0x00b07e    program     extern C:\Users\Manager\MPLABXProjects\TEMS-Integrated\StackTsk.c
                StartI2C2   0x000014    program     extern C:\Users\Manager\MPLABXProjects\TEMS-Integrated\fcts\i2c\i2c2strt.c
                 StopI2C2   0x00c47a    program     extern C:\Users\Manager\MPLABXProjects\TEMS-Integrated\fcts\i2c\i2c2stop.c
        StringToIPAddress   0x007164    program     extern C:\Users\Manager\MPLABXProjects\TEMS-Integrated\Helpers.c
            SwapARPPacket   0x009e1e    program     extern C:\Users\Manager\MPLABXProjects\TEMS-Integrated\ARP.c
             SwapIPHeader   0x00ab6e    program     static C:\Users\Manager\MPLABXProjects\TEMS-Integrated\IP.c
            SwapTCPHeader   0x003940    program     static C:\Users\Manager\MPLABXProjects\TEMS-Integrated\TCP.c
                  SyncTCB   0x00011a    program     static C:\Users\Manager\MPLABXProjects\TEMS-Integrated\TCP.c
              SyncTCBStub   0x000080    program     static C:\Users\Manager\MPLABXProjects\TEMS-Integrated\TCP.c
                  TAEQB32   0x009760    program     extern E:\3.46\pic18-lt\cxx-framework\src\traditional\math\eqFP.asm
                  TAGTB32   0x00976e    program     extern E:\3.46\pic18-lt\cxx-framework\src\traditional\math\gtFP.asm
                  TALTB32   0x009780    program     extern E:\3.46\pic18-lt\cxx-framework\src\traditional\math\ltFP.asm
        TCPAdjustFIFOSize   0x005034    program     extern C:\Users\Manager\MPLABXProjects\TEMS-Integrated\TCP.c
                 TCPClose   0x0006b2    program     extern C:\Users\Manager\MPLABXProjects\TEMS-Integrated\TCP.c
               TCPDiscard   0x000f38    program     extern C:\Users\Manager\MPLABXProjects\TEMS-Integrated\TCP.c
            TCPDisconnect   0x0005f6    program     extern C:\Users\Manager\MPLABXProjects\TEMS-Integrated\TCP.c
           TCPFindArrayEx   0x0015f8    program     extern C:\Users\Manager\MPLABXProjects\TEMS-Integrated\TCP.c
                TCPFindEx   0x00216c    program     extern C:\Users\Manager\MPLABXProjects\TEMS-Integrated\TCP.c
        TCPFindROMArrayEx   0x001bac    program     extern C:\Users\Manager\MPLABXProjects\TEMS-Integrated\TCP.c
                 TCPFlush   0x00072e    program     extern C:\Users\Manager\MPLABXProjects\TEMS-Integrated\TCP.c
                   TCPGet   0x000fea    program     extern C:\Users\Manager\MPLABXProjects\TEMS-Integrated\TCP.c
              TCPGetArray   0x0010d8    program     extern C:\Users\Manager\MPLABXProjects\TEMS-Integrated\TCP.c
         TCPGetRemoteInfo   0x0006da    program     extern C:\Users\Manager\MPLABXProjects\TEMS-Integrated\TCP.c
         TCPGetRxFIFOFree   0x001322    program     extern C:\Users\Manager\MPLABXProjects\TEMS-Integrated\TCP.c
         TCPGetTxFIFOFull   0x000ebc    program     extern C:\Users\Manager\MPLABXProjects\TEMS-Integrated\TCP.c
                  TCPInit   0x0001d2    program     extern C:\Users\Manager\MPLABXProjects\TEMS-Integrated\TCP.c
           TCPIsConnected   0x0005ce    program     extern C:\Users\Manager\MPLABXProjects\TEMS-Integrated\TCP.c
            TCPIsGetReady   0x000f84    program     extern C:\Users\Manager\MPLABXProjects\TEMS-Integrated\TCP.c
            TCPIsPutReady   0x000768    program     extern C:\Users\Manager\MPLABXProjects\TEMS-Integrated\TCP.c
                  TCPOpen   0x0003dc    program     extern C:\Users\Manager\MPLABXProjects\TEMS-Integrated\TCP.c
                  TCPPeek   0x0015b8    program     extern C:\Users\Manager\MPLABXProjects\TEMS-Integrated\TCP.c
             TCPPeekArray   0x001398    program     extern C:\Users\Manager\MPLABXProjects\TEMS-Integrated\TCP.c
               TCPProcess   0x0029b6    program     extern C:\Users\Manager\MPLABXProjects\TEMS-Integrated\TCP.c
                   TCPPut   0x0007f4    program     extern C:\Users\Manager\MPLABXProjects\TEMS-Integrated\TCP.c
              TCPPutArray   0x00092c    program     extern C:\Users\Manager\MPLABXProjects\TEMS-Integrated\TCP.c
           TCPPutROMArray   0x000b6e    program     extern C:\Users\Manager\MPLABXProjects\TEMS-Integrated\TCP.c
          TCPPutROMString   0x000e2a    program     extern C:\Users\Manager\MPLABXProjects\TEMS-Integrated\TCP.c
             TCPPutString   0x000da8    program     extern C:\Users\Manager\MPLABXProjects\TEMS-Integrated\TCP.c
               TCPRAMCopy   0x00531a    program     static C:\Users\Manager\MPLABXProjects\TEMS-Integrated\TCP.c
            TCPRAMCopyROM   0x005452    program     static C:\Users\Manager\MPLABXProjects\TEMS-Integrated\TCP.c
     TCPSocketInitializer   0x00c456    program     extern C:\Users\Manager\MPLABXProjects\TEMS-Integrated\TCPIPConfig.h
                  TCPTick   0x0021be    program     extern C:\Users\Manager\MPLABXProjects\TEMS-Integrated\TCP.c
              TCPWasReset   0x0005a6    program     extern C:\Users\Manager\MPLABXProjects\TEMS-Integrated\TCP.c
             TIMER1_100ms   0x00bfba    program     extern C:\Users\Manager\MPLABXProjects\TEMS-Integrated\fcts\OS\My_TIMERS.c
              TIMER1_10ms   0x00bf9c    program     extern C:\Users\Manager\MPLABXProjects\TEMS-Integrated\fcts\OS\My_TIMERS.c
               TIMER1_1ms   0x00bf7e    program     extern C:\Users\Manager\MPLABXProjects\TEMS-Integrated\fcts\OS\My_TIMERS.c
 TIOSEnregistrerCB_Button   0x00a09c    program     extern C:\Users\Manager\MPLABXProjects\TEMS-Integrated\TIOS.c
  TIOSEnregistrerCB_TIMER   0x009f4e    program     extern C:\Users\Manager\MPLABXProjects\TEMS-Integrated\TIOS.c
TIOSEnregistrerCB_USART1_RX   0x00a0c0    program     extern C:\Users\Manager\MPLABXProjects\TEMS-Integrated\TIOS.c
          TIOSInitialiser   0x009ef6    program     extern C:\Users\Manager\MPLABXProjects\TEMS-Integrated\TIOS.c
     TIOSRetirerCB_Button   0x00a0b8    program     extern C:\Users\Manager\MPLABXProjects\TEMS-Integrated\TIOS.c
      TIOSRetirerCB_TIMER   0x00a03c    program     extern C:\Users\Manager\MPLABXProjects\TEMS-Integrated\TIOS.c
  TIOSRetirerCB_USART1_RX   0x00a0dc    program     extern C:\Users\Manager\MPLABXProjects\TEMS-Integrated\TIOS.c
                TIOSStart   0x00a0e4    program     extern C:\Users\Manager\MPLABXProjects\TEMS-Integrated\TIOS.c
               TSIGN1616A   0x0096b8    program     static E:\3.46\pic18-lt\cxx-framework\src\traditional\math\fxm1616s.asm
         TemperatureProbe   0x008020    program     extern C:\Users\Manager\MPLABXProjects\TEMS-Integrated\Main.c
TickConvertToMilliseconds   0x00b66e    program     extern C:\Users\Manager\MPLABXProjects\TEMS-Integrated\Tick.c
                  TickGet   0x00b5c2    program     extern C:\Users\Manager\MPLABXProjects\TEMS-Integrated\Tick.c
            TickGetDiv256   0x00b5d6    program     extern C:\Users\Manager\MPLABXProjects\TEMS-Integrated\Tick.c
            TickGetDiv64K   0x00b622    program     extern C:\Users\Manager\MPLABXProjects\TEMS-Integrated\Tick.c
                 TickInit   0x00b58c    program     extern C:\Users\Manager\MPLABXProjects\TEMS-Integrated\Tick.c
               TickUpdate   0x00b6b0    program     extern C:\Users\Manager\MPLABXProjects\TEMS-Integrated\Tick.c
                USART1_RX   0x0084a0    program     extern C:\Users\Manager\MPLABXProjects\TEMS-Integrated\Main.c
                USART1_TX   0x00bc40    program     extern C:\Users\Manager\MPLABXProjects\TEMS-Integrated\fcts\USART\My_USART.c
        USART1_TX_RX_9600   0x00bc12    program     extern C:\Users\Manager\MPLABXProjects\TEMS-Integrated\fcts\USART\My_USART.c
         Usart1_TX_String   0x00bc5c    program     extern C:\Users\Manager\MPLABXProjects\TEMS-Integrated\fcts\USART\My_USART.c
             WriteCmdXLCD   0x00c112    program     extern C:\Users\Manager\MPLABXProjects\TEMS-Integrated\fcts\LCD\wcmdxlcd.c
            WriteDataXLCD   0x00c0c6    program     extern C:\Users\Manager\MPLABXProjects\TEMS-Integrated\fcts\LCD\writdata.c
                WriteI2C2   0x00be44    program     extern C:\Users\Manager\MPLABXProjects\TEMS-Integrated\fcts\i2c\i2c2writ.c
              WritePHYReg   0x006c78    program     extern C:\Users\Manager\MPLABXProjects\TEMS-Integrated\ENC28J60.c
                 WriteReg   0x006bc4    program     static C:\Users\Manager\MPLABXProjects\TEMS-Integrated\ENC28J60.c
              _2jContinue   0x00b4bc    program     static E:\3.46\pic18-lt\cxx-framework\src\traditional\stdclib\memset.asm
                   _2jEnd   0x00b54c    program     static E:\3.46\pic18-lt\cxx-framework\src\traditional\stdclib\slenpgm.asm
              _3jContinue   0x00b488    program     static E:\3.46\pic18-lt\cxx-framework\src\traditional\stdclib\mcpyp2r.asm
                   _3jEnd   0x00b4c6    program     static E:\3.46\pic18-lt\cxx-framework\src\traditional\stdclib\memset.asm
              _4jContinue   0x00b434    program     static E:\3.46\pic18-lt\cxx-framework\src\traditional\stdclib\memcpy.asm
                   _4jEnd   0x00b492    program     static E:\3.46\pic18-lt\cxx-framework\src\traditional\stdclib\mcpyp2r.asm
                   _5jEnd   0x00b43e    program     static E:\3.46\pic18-lt\cxx-framework\src\traditional\stdclib\memcpy.asm
       _D10KTCYXCODE_0010   0x00c346    program     static E:\3.46\pic18-lt\cxx-framework\src\traditional\delays\d10ktcyx.asm
       _D10KTCYXCODE_001C   0x00c352    program     static E:\3.46\pic18-lt\cxx-framework\src\traditional\delays\d10ktcyx.asm
        _D10TCYXCODE_000A   0x00c436    program     static E:\3.46\pic18-lt\cxx-framework\src\traditional\delays\d10tcyx.asm
        _D10TCYXCODE_000C   0x00c438    program     static E:\3.46\pic18-lt\cxx-framework\src\traditional\delays\d10tcyx.asm
        _D10TCYXCODE_000E   0x00c43a    program     static E:\3.46\pic18-lt\cxx-framework\src\traditional\delays\d10tcyx.asm
        _D1KTCYXCODE_0010   0x00c3c6    program     static E:\3.46\pic18-lt\cxx-framework\src\traditional\delays\d1ktcyx.asm
        _D1KTCYXCODE_0016   0x00c3cc    program     static E:\3.46\pic18-lt\cxx-framework\src\traditional\delays\d1ktcyx.asm
              __FpCompare   0x009792    program     extern E:\3.46\pic18-lt\cxx-framework\src\traditional\math\compFP.asm
                 __FpExit   0x009848    program     extern E:\3.46\pic18-lt\cxx-framework\src\traditional\math\packFP.asm
                 __FpPack   0x009874    program     extern E:\3.46\pic18-lt\cxx-framework\src\traditional\math\packFP.asm
            __FpReturnNaN   0x00983c    program     extern E:\3.46\pic18-lt\cxx-framework\src\traditional\math\packFP.asm
         __FpReturnNegInf   0x00984e    program     extern E:\3.46\pic18-lt\cxx-framework\src\traditional\math\packFP.asm
        __FpReturnNegZero   0x009866    program     extern E:\3.46\pic18-lt\cxx-framework\src\traditional\math\packFP.asm
         __FpReturnPosInf   0x009854    program     extern E:\3.46\pic18-lt\cxx-framework\src\traditional\math\packFP.asm
        __FpReturnPosZero   0x00986e    program     extern E:\3.46\pic18-lt\cxx-framework\src\traditional\math\packFP.asm
        __FpReturnSignInf   0x00984a    program     extern E:\3.46\pic18-lt\cxx-framework\src\traditional\math\packFP.asm
       __FpReturnSignZero   0x009862    program     extern E:\3.46\pic18-lt\cxx-framework\src\traditional\math\packFP.asm
              __FpReturnW   0x0098cc    program     extern E:\3.46\pic18-lt\cxx-framework\src\traditional\math\packFP.asm
              __FpUnPackA   0x0098ec    program     extern E:\3.46\pic18-lt\cxx-framework\src\traditional\math\UnpackFP.asm
              __FpUnPackB   0x00991c    program     extern E:\3.46\pic18-lt\cxx-framework\src\traditional\math\UnpackFP.asm
           ___do_lbl00002   0x00b5ba    program     static                          
           ___do_lbl00003   0x00b5be    program     static                          
           ___do_lbl00004   0x00b59c    program     static                          
          ___for_lbl00100   0x007abc    program     static                          
          ___for_lbl00101   0x007ac2    program     static                          
          ___for_lbl00102   0x007a9e    program     static                          
          ___for_lbl00103   0x007ad6    program     static                          
          ___for_lbl00104   0x007ada    program     static                          
          ___for_lbl00105   0x007ac2    program     static                          
           ___if_lbl00014   0x007050    program     static                          
           ___if_lbl00015   0x00706e    program     static                          
           ___if_lbl00016   0x007100    program     static                          
           ___if_lbl00017   0x007106    program     static                          
           ___if_lbl00019   0x005ac8    program     static                          
           ___if_lbl00020   0x005ad4    program     static                          
           ___if_lbl00026   0x005bb8    program     static                          
           ___if_lbl00029   0x005c30    program     static                          
       ___return_lbl00000   0x00c38e    program     static                          
       ___return_lbl00000   0x00c238    program     static                          
       ___return_lbl00000   0x00c2e6    program     static                          
       ___return_lbl00000   0x000004    program     static                          
       ___return_lbl00000   0x00001c    program     static                          
       ___return_lbl00001   0x00c410    program     static                          
       ___return_lbl00001   0x00b5c0    program     static                          
       ___return_lbl00001   0x00000c    program     static                          
       ___return_lbl00002   0x00bc10    program     static                          
       ___return_lbl00005   0x00ad68    program     static                          
       ___return_lbl00009   0x007150    program     static                          
       ___return_lbl00018   0x005c38    program     static                          
       ___return_lbl00099   0x007aec    program     static                          
        ___while_lbl00010   0x006faa    program     static                          
        ___while_lbl00011   0x007108    program     static                          
        ___while_lbl00012   0x006fb2    program     static                          
        ___while_lbl00013   0x006fb6    program     static                          
               __config_0   0x300001    program     static C:\Users\Manager\MPLABXProjects\TEMS-Integrated\Main.c
               __config_1   0x300002    program     static C:\Users\Manager\MPLABXProjects\TEMS-Integrated\Main.c
               __config_2   0x300003    program     static C:\Users\Manager\MPLABXProjects\TEMS-Integrated\Main.c
               __config_3   0x300006    program     static C:\Users\Manager\MPLABXProjects\TEMS-Integrated\Main.c
                   __init   0x000006    program     extern E:\3.46\pic18-lt\cxx-framework\src\traditional\stdclib\__init.c
               __string_0   0x00bab7    program     static C:\Users\Manager\MPLABXProjects\TEMS-Integrated\Main.c
               __string_1   0x00baa6    program     static C:\Users\Manager\MPLABXProjects\TEMS-Integrated\Main.c
              __string_11   0x00ba41    program     static C:\Users\Manager\MPLABXProjects\TEMS-Integrated\Main.c
              __string_12   0x00ba30    program     static C:\Users\Manager\MPLABXProjects\TEMS-Integrated\Main.c
              __string_13   0x00ba2c    program     static C:\Users\Manager\MPLABXProjects\TEMS-Integrated\Main.c
              __string_14   0x00ba28    program     static C:\Users\Manager\MPLABXProjects\TEMS-Integrated\Main.c
              __string_15   0x00ba23    program     static C:\Users\Manager\MPLABXProjects\TEMS-Integrated\Main.c
              __string_16   0x00ba21    program     static C:\Users\Manager\MPLABXProjects\TEMS-Integrated\Main.c
              __string_17   0x00ba18    program     static C:\Users\Manager\MPLABXProjects\TEMS-Integrated\Main.c
               __string_2   0x00ba95    program     static C:\Users\Manager\MPLABXProjects\TEMS-Integrated\Main.c
               __string_3   0x00ba88    program     static C:\Users\Manager\MPLABXProjects\TEMS-Integrated\Main.c
               __string_4   0x00ba77    program     static C:\Users\Manager\MPLABXProjects\TEMS-Integrated\Main.c
               __string_5   0x00ba6a    program     static C:\Users\Manager\MPLABXProjects\TEMS-Integrated\Main.c
               __string_6   0x00ba65    program     static C:\Users\Manager\MPLABXProjects\TEMS-Integrated\Main.c
               __string_7   0x00ba60    program     static C:\Users\Manager\MPLABXProjects\TEMS-Integrated\Main.c
               __string_8   0x00ba59    program     static C:\Users\Manager\MPLABXProjects\TEMS-Integrated\Main.c
               __string_9   0x00ba52    program     static C:\Users\Manager\MPLABXProjects\TEMS-Integrated\Main.c
               __tmplbl_0   0x007014    program     static                          
              __tmplbl_10   0x005c1e    program     static                          
              __tmplbl_11   0x005c10    program     static                          
              __tmplbl_12   0x005c16    program     static                          
             __tmplbl_151   0x00500a    program     static                          
             __tmplbl_153   0x0047cc    program     static                          
             __tmplbl_154   0x00500a    program     static                          
             __tmplbl_155   0x005020    program     static                          
             __tmplbl_161   0x005020    program     static                          
             __tmplbl_163   0x005020    program     static                          
             __tmplbl_164   0x005020    program     static                          
             __tmplbl_171   0x005020    program     static                          
             __tmplbl_172   0x005010    program     static                          
             __tmplbl_173   0x00500a    program     static                          
             __tmplbl_174   0x005020    program     static                          
             __tmplbl_177   0x005020    program     static                          
             __tmplbl_178   0x005014    program     static                          
             __tmplbl_191   0x00500a    program     static                          
             __tmplbl_192   0x005020    program     static                          
             __tmplbl_193   0x005020    program     static                          
             __tmplbl_194   0x005020    program     static                          
             __tmplbl_195   0x005020    program     static                          
             __tmplbl_196   0x005020    program     static                          
             __tmplbl_197   0x00500a    program     static                          
               __tmplbl_3   0x005bb6    program     static                          
               __tmplbl_4   0x005ba2    program     static                          
               __tmplbl_5   0x005b8c    program     static                          
               __tmplbl_6   0x005b78    program     static                          
               __tmplbl_7   0x005b62    program     static                          
               __tmplbl_8   0x005b54    program     static                          
               __tmplbl_9   0x005b52    program     static                          
            __zero_memory   0x00c3d6    program     extern E:\3.46\pic18-lt\cxx-framework\src\traditional\proc\p18f46k22.asm
                _do_cinit   0x00bb74    program     extern E:\3.46\pic18-lt\cxx-framework\src\traditional\startup\c018i.c
                   _entry   0x000000    program     extern E:\3.46\pic18-lt\cxx-framework\src\traditional\startup\c018i.c
                   _false   0x00c234    program     static                          
                 _startup   0x00c3f6    program     extern E:\3.46\pic18-lt\cxx-framework\src\traditional\startup\c018i.c
         atInterruptHight   0x000008    program     extern C:\Users\Manager\MPLABXProjects\TEMS-Integrated\TIOS.c
           atInterruptLow   0x000018    program     extern C:\Users\Manager\MPLABXProjects\TEMS-Integrated\TIOS.c
             btohexa_high   0x0076d6    program     extern C:\Users\Manager\MPLABXProjects\TEMS-Integrated\Helpers.c
              btohexa_low   0x00770a    program     extern C:\Users\Manager\MPLABXProjects\TEMS-Integrated\Helpers.c
                compare_l   0x00c3ec    program     static E:\3.46\pic18-lt\cxx-framework\src\traditional\proc\p18f46k22.asm
                copy_loop   0x00bbe6    program     static                          
            copy_one_byte   0x00bbec    program     static                          
                     done   0x00bc10    program     static                          
             done_copying   0x00bbfa    program     static                          
                  endloop   0x00c38a    program     static                          
                     ftoa   0x008976    program     extern C:\Users\Manager\MPLABXProjects\TEMS-Integrated\fcts\Temperature\ftoa.c
                 getsI2C2   0x00beb2    program     extern C:\Users\Manager\MPLABXProjects\TEMS-Integrated\fcts\i2c\i2c2gets.c
                  hexatob   0x007640    program     extern C:\Users\Manager\MPLABXProjects\TEMS-Integrated\Helpers.c
                 jANotInf   0x009564    program     static E:\3.46\pic18-lt\cxx-framework\src\traditional\math\mulFP.asm
                 jANotInf   0x0094be    program     static E:\3.46\pic18-lt\cxx-framework\src\traditional\math\divFP.asm
                 jANotInf   0x00939c    program     static E:\3.46\pic18-lt\cxx-framework\src\traditional\math\addFP.asm
                 jANotNeg   0x009430    program     static E:\3.46\pic18-lt\cxx-framework\src\traditional\math\addFP.asm
                jANotZero   0x0094d2    program     static E:\3.46\pic18-lt\cxx-framework\src\traditional\math\divFP.asm
              jAandWsetup   0x009400    program     static E:\3.46\pic18-lt\cxx-framework\src\traditional\math\addFP.asm
                  jAisNeg   0x00980e    program     static E:\3.46\pic18-lt\cxx-framework\src\traditional\math\compFP.asm
                 jAltBexp   0x0093ee    program     static E:\3.46\pic18-lt\cxx-framework\src\traditional\math\addFP.asm
                jBANotInf   0x009392    program     static E:\3.46\pic18-lt\cxx-framework\src\traditional\math\addFP.asm
                 jBNotInf   0x0093aa    program     static E:\3.46\pic18-lt\cxx-framework\src\traditional\math\addFP.asm
              jBothFinite   0x009572    program     static E:\3.46\pic18-lt\cxx-framework\src\traditional\math\mulFP.asm
             jBothNotZero   0x0097b0    program     static E:\3.46\pic18-lt\cxx-framework\src\traditional\math\compFP.asm
             jBothNotZero   0x00957e    program     static E:\3.46\pic18-lt\cxx-framework\src\traditional\math\mulFP.asm
            jDifOrPosSign   0x0093be    program     static E:\3.46\pic18-lt\cxx-framework\src\traditional\math\addFP.asm
                      jEQ   0x0097cc    program     static E:\3.46\pic18-lt\cxx-framework\src\traditional\math\compFP.asm
                     jEnd   0x00b444    program     static E:\3.46\pic18-lt\cxx-framework\src\traditional\stdclib\memcpy.asm
                     jEnd   0x00b49a    program     static E:\3.46\pic18-lt\cxx-framework\src\traditional\stdclib\mcpyp2r.asm
                     jEnd   0x00b4ce    program     static E:\3.46\pic18-lt\cxx-framework\src\traditional\stdclib\memset.asm
                     jEnd   0x00b4fa    program     static E:\3.46\pic18-lt\cxx-framework\src\traditional\stdclib\scmpp2r.asm
                     jEnd   0x00b516    program     static E:\3.46\pic18-lt\cxx-framework\src\traditional\stdclib\strlen.asm
                     jEnd   0x00b54e    program     static E:\3.46\pic18-lt\cxx-framework\src\traditional\stdclib\slenpgm.asm
                     jEnd   0x00b58a    program     static E:\3.46\pic18-lt\cxx-framework\src\traditional\stdclib\strupr.asm
                    jExch   0x0097d8    program     static E:\3.46\pic18-lt\cxx-framework\src\traditional\math\compFP.asm
                    jExit   0x00975e    program     static E:\3.46\pic18-lt\cxx-framework\src\traditional\math\castFP16.asm
                   jExpEQ   0x00981e    program     static E:\3.46\pic18-lt\cxx-framework\src\traditional\math\compFP.asm
                   jFinal   0x009802    program     static E:\3.46\pic18-lt\cxx-framework\src\traditional\math\compFP.asm
               jFinalSign   0x009498    program     static E:\3.46\pic18-lt\cxx-framework\src\traditional\math\addFP.asm
                jHaveZero   0x00957a    program     static E:\3.46\pic18-lt\cxx-framework\src\traditional\math\mulFP.asm
                jI2F16Beg   0x00935c    program     static E:\3.46\pic18-lt\cxx-framework\src\traditional\math\cast16FP.asm
                    jLoop   0x00b50c    program     static E:\3.46\pic18-lt\cxx-framework\src\traditional\stdclib\strlen.asm
                    jLoop   0x00b536    program     static E:\3.46\pic18-lt\cxx-framework\src\traditional\stdclib\slenpgm.asm
                    jLoop   0x00b4ee    program     static E:\3.46\pic18-lt\cxx-framework\src\traditional\stdclib\scmpp2r.asm
                    jLoop   0x00b576    program     static E:\3.46\pic18-lt\cxx-framework\src\traditional\stdclib\strupr.asm
                    jLoop   0x00b4b0    program     static E:\3.46\pic18-lt\cxx-framework\src\traditional\stdclib\memset.asm
                    jLoop   0x00973e    program     static E:\3.46\pic18-lt\cxx-framework\src\traditional\math\castFP16.asm
                    jLoop   0x0094fa    program     static E:\3.46\pic18-lt\cxx-framework\src\traditional\math\divFP.asm
                    jLoop   0x00b47c    program     static E:\3.46\pic18-lt\cxx-framework\src\traditional\stdclib\mcpyp2r.asm
                    jLoop   0x00b428    program     static E:\3.46\pic18-lt\cxx-framework\src\traditional\stdclib\memcpy.asm
                jLoopExit   0x00974e    program     static E:\3.46\pic18-lt\cxx-framework\src\traditional\math\castFP16.asm
                     jMax   0x009712    program     static E:\3.46\pic18-lt\cxx-framework\src\traditional\math\castFP16.asm
                  jMaxNeg   0x009720    program     static E:\3.46\pic18-lt\cxx-framework\src\traditional\math\castFP16.asm
                  jMaxPos   0x009716    program     static E:\3.46\pic18-lt\cxx-framework\src\traditional\math\castFP16.asm
                      jNE   0x0097d0    program     static E:\3.46\pic18-lt\cxx-framework\src\traditional\math\compFP.asm
                    jNext   0x009520    program     static E:\3.46\pic18-lt\cxx-framework\src\traditional\math\divFP.asm
                jNoAdjust   0x00951e    program     static E:\3.46\pic18-lt\cxx-framework\src\traditional\math\divFP.asm
                  jNoExch   0x0097f8    program     static E:\3.46\pic18-lt\cxx-framework\src\traditional\math\compFP.asm
             jNotBothZero   0x0093c2    program     static E:\3.46\pic18-lt\cxx-framework\src\traditional\math\addFP.asm
                  jNotInf   0x00972e    program     static E:\3.46\pic18-lt\cxx-framework\src\traditional\math\castFP16.asm
                  jPkLoop   0x009882    program     static E:\3.46\pic18-lt\cxx-framework\src\traditional\math\packFP.asm
             jPkRoundDone   0x0098cc    program     static E:\3.46\pic18-lt\cxx-framework\src\traditional\math\packFP.asm
               jPkRoundIt   0x0098b4    program     static E:\3.46\pic18-lt\cxx-framework\src\traditional\math\packFP.asm
             jPkShiftDone   0x00989e    program     static E:\3.46\pic18-lt\cxx-framework\src\traditional\math\packFP.asm
           jReturnPosInf0   0x009858    program     static E:\3.46\pic18-lt\cxx-framework\src\traditional\math\packFP.asm
                  jRotate   0x00982a    program     static E:\3.46\pic18-lt\cxx-framework\src\traditional\math\compFP.asm
                   jShift   0x009814    program     static E:\3.46\pic18-lt\cxx-framework\src\traditional\math\compFP.asm
               jShiftDone   0x009458    program     static E:\3.46\pic18-lt\cxx-framework\src\traditional\math\addFP.asm
               jShiftLoop   0x00944a    program     static E:\3.46\pic18-lt\cxx-framework\src\traditional\math\addFP.asm
                jSignDone   0x009488    program     static E:\3.46\pic18-lt\cxx-framework\src\traditional\math\addFP.asm
              jSignedZero   0x0094c8    program     static E:\3.46\pic18-lt\cxx-framework\src\traditional\math\divFP.asm
                 jSignsEQ   0x0097b4    program     static E:\3.46\pic18-lt\cxx-framework\src\traditional\math\compFP.asm
                    jSkip   0x00b586    program     static E:\3.46\pic18-lt\cxx-framework\src\traditional\stdclib\strupr.asm
                  jUnpkA1   0x0098f6    program     static E:\3.46\pic18-lt\cxx-framework\src\traditional\math\UnpackFP.asm
                  jUnpkA2   0x00990e    program     static E:\3.46\pic18-lt\cxx-framework\src\traditional\math\UnpackFP.asm
                 jUnpkANZ   0x009904    program     static E:\3.46\pic18-lt\cxx-framework\src\traditional\math\UnpackFP.asm
                  jUnpkB1   0x009926    program     static E:\3.46\pic18-lt\cxx-framework\src\traditional\math\UnpackFP.asm
                  jUnpkB2   0x00993e    program     static E:\3.46\pic18-lt\cxx-framework\src\traditional\math\UnpackFP.asm
                 jUnpkBNZ   0x009934    program     static E:\3.46\pic18-lt\cxx-framework\src\traditional\math\UnpackFP.asm
                 jUnpkNaN   0x009918    program     static E:\3.46\pic18-lt\cxx-framework\src\traditional\math\UnpackFP.asm
                 jWNotNeg   0x009444    program     static E:\3.46\pic18-lt\cxx-framework\src\traditional\math\addFP.asm
                    jZero   0x009728    program     static E:\3.46\pic18-lt\cxx-framework\src\traditional\math\castFP16.asm
               jZero1and2   0x00985c    program     static E:\3.46\pic18-lt\cxx-framework\src\traditional\math\packFP.asm
          leftRotateDWORD   0x007a74    program     extern C:\Users\Manager\MPLABXProjects\TEMS-Integrated\Helpers.c
                     loop   0x00c406    program     static                          
                     loop   0x00c200    program     static                          
                     loop   0x00c36e    program     static                          
                   loop_h   0x00c3e4    program     static E:\3.46\pic18-lt\cxx-framework\src\traditional\proc\p18f46k22.asm
                   loop_l   0x00c3ee    program     static E:\3.46\pic18-lt\cxx-framework\src\traditional\proc\p18f46k22.asm
                     main   0x007bfe    program     extern C:\Users\Manager\MPLABXProjects\TEMS-Integrated\Main.c
                   memcpy   0x00b400    program     extern E:\3.46\pic18-lt\cxx-framework\src\traditional\stdclib\memcpy.asm
            memcpypgm2ram   0x00b456    program     extern E:\3.46\pic18-lt\cxx-framework\src\traditional\stdclib\mcpyp2r.asm
                   memset   0x00b49c    program     extern E:\3.46\pic18-lt\cxx-framework\src\traditional\stdclib\memset.asm
               prepareLCD   0x00b228    program     extern C:\Users\Manager\MPLABXProjects\TEMS-Integrated\fcts\LCD\writeOnLCD.c
                putrsXLCD   0x00c078    program     extern C:\Users\Manager\MPLABXProjects\TEMS-Integrated\fcts\LCD\putrxlcd.c
                 putsI2C2   0x00bdc6    program     extern C:\Users\Manager\MPLABXProjects\TEMS-Integrated\fcts\i2c\i2c2puts.c
                 putsXLCD   0x00c15e    program     extern C:\Users\Manager\MPLABXProjects\TEMS-Integrated\fcts\LCD\putsxlcd.c
            strcmppgm2ram   0x00b4d0    program     extern E:\3.46\pic18-lt\cxx-framework\src\traditional\stdclib\scmpp2r.asm
           stricmppgm2ram   0x00773a    program     extern C:\Users\Manager\MPLABXProjects\TEMS-Integrated\Helpers.c
                   strlen   0x00b4fc    program     extern E:\3.46\pic18-lt\cxx-framework\src\traditional\stdclib\strlen.asm
                strlenpgm   0x00b518    program     extern E:\3.46\pic18-lt\cxx-framework\src\traditional\stdclib\slenpgm.asm
                  strnchr   0x007b90    program     extern C:\Users\Manager\MPLABXProjects\TEMS-Integrated\Helpers.c
                   strupr   0x00b562    program     extern E:\3.46\pic18-lt\cxx-framework\src\traditional\stdclib\strupr.asm
                    swapl   0x00785e    program     extern C:\Users\Manager\MPLABXProjects\TEMS-Integrated\Helpers.c
                    swaps   0x00780c    program     extern C:\Users\Manager\MPLABXProjects\TEMS-Integrated\Helpers.c
                     test   0x00bb8e    program     static                          
                    uitoa   0x0074f6    program     extern C:\Users\Manager\MPLABXProjects\TEMS-Integrated\Helpers.c
              writeOnLCDC   0x00b2d8    program     extern C:\Users\Manager\MPLABXProjects\TEMS-Integrated\fcts\LCD\writeOnLCD.c
              writeOnLCDF   0x00b36c    program     extern C:\Users\Manager\MPLABXProjects\TEMS-Integrated\fcts\LCD\writeOnLCD.c
              writeOnLCDS   0x00b28a    program     extern C:\Users\Manager\MPLABXProjects\TEMS-Integrated\fcts\LCD\writeOnLCD.c
              writeOnLCDV   0x00b31e    program     extern C:\Users\Manager\MPLABXProjects\TEMS-Integrated\fcts\LCD\writeOnLCD.c
               zero_block   0x00c3e4    program     static E:\3.46\pic18-lt\cxx-framework\src\traditional\proc\p18f46k22.asm
                   ADCON0   0x000fc2       data     extern E:\3.46\pic18-lt\cxx-framework\src\traditional\proc\p18f46k22.asm
               ADCON0bits   0x000fc2       data     extern E:\3.46\pic18-lt\cxx-framework\src\traditional\proc\p18f46k22.asm
                   ADCON1   0x000fc1       data     extern E:\3.46\pic18-lt\cxx-framework\src\traditional\proc\p18f46k22.asm
               ADCON1bits   0x000fc1       data     extern E:\3.46\pic18-lt\cxx-framework\src\traditional\proc\p18f46k22.asm
                   ADCON2   0x000fc0       data     extern E:\3.46\pic18-lt\cxx-framework\src\traditional\proc\p18f46k22.asm
               ADCON2bits   0x000fc0       data     extern E:\3.46\pic18-lt\cxx-framework\src\traditional\proc\p18f46k22.asm
                    ADRES   0x000fc3       data     extern E:\3.46\pic18-lt\cxx-framework\src\traditional\proc\p18f46k22.asm
                   ADRESH   0x000fc4       data     extern E:\3.46\pic18-lt\cxx-framework\src\traditional\proc\p18f46k22.asm
                   ADRESL   0x000fc3       data     extern E:\3.46\pic18-lt\cxx-framework\src\traditional\proc\p18f46k22.asm
                   ANSELA   0x000f38       data     extern E:\3.46\pic18-lt\cxx-framework\src\traditional\proc\p18f46k22.asm
               ANSELAbits   0x000f38       data     extern E:\3.46\pic18-lt\cxx-framework\src\traditional\proc\p18f46k22.asm
                   ANSELB   0x000f39       data     extern E:\3.46\pic18-lt\cxx-framework\src\traditional\proc\p18f46k22.asm
               ANSELBbits   0x000f39       data     extern E:\3.46\pic18-lt\cxx-framework\src\traditional\proc\p18f46k22.asm
                   ANSELC   0x000f3a       data     extern E:\3.46\pic18-lt\cxx-framework\src\traditional\proc\p18f46k22.asm
               ANSELCbits   0x000f3a       data     extern E:\3.46\pic18-lt\cxx-framework\src\traditional\proc\p18f46k22.asm
                   ANSELD   0x000f3b       data     extern E:\3.46\pic18-lt\cxx-framework\src\traditional\proc\p18f46k22.asm
               ANSELDbits   0x000f3b       data     extern E:\3.46\pic18-lt\cxx-framework\src\traditional\proc\p18f46k22.asm
                   ANSELE   0x000f3c       data     extern E:\3.46\pic18-lt\cxx-framework\src\traditional\proc\p18f46k22.asm
               ANSELEbits   0x000f3c       data     extern E:\3.46\pic18-lt\cxx-framework\src\traditional\proc\p18f46k22.asm
                AppConfig   0x00006a       data     extern C:\Users\Manager\MPLABXProjects\TEMS-Integrated\Main.c
                 BAUD1CON   0x000fb8       data     extern E:\3.46\pic18-lt\cxx-framework\src\traditional\proc\p18f46k22.asm
             BAUD1CONbits   0x000fb8       data     extern E:\3.46\pic18-lt\cxx-framework\src\traditional\proc\p18f46k22.asm
                 BAUD2CON   0x000f70       data     extern E:\3.46\pic18-lt\cxx-framework\src\traditional\proc\p18f46k22.asm
             BAUD2CONbits   0x000f70       data     extern E:\3.46\pic18-lt\cxx-framework\src\traditional\proc\p18f46k22.asm
                  BAUDCON   0x000fb8       data     extern E:\3.46\pic18-lt\cxx-framework\src\traditional\proc\p18f46k22.asm
                 BAUDCON1   0x000fb8       data     extern E:\3.46\pic18-lt\cxx-framework\src\traditional\proc\p18f46k22.asm
             BAUDCON1bits   0x000fb8       data     extern E:\3.46\pic18-lt\cxx-framework\src\traditional\proc\p18f46k22.asm
                 BAUDCON2   0x000f70       data     extern E:\3.46\pic18-lt\cxx-framework\src\traditional\proc\p18f46k22.asm
             BAUDCON2bits   0x000f70       data     extern E:\3.46\pic18-lt\cxx-framework\src\traditional\proc\p18f46k22.asm
              BAUDCONbits   0x000fb8       data     extern E:\3.46\pic18-lt\cxx-framework\src\traditional\proc\p18f46k22.asm
                  BAUDCTL   0x000fb8       data     extern E:\3.46\pic18-lt\cxx-framework\src\traditional\proc\p18f46k22.asm
              BAUDCTLbits   0x000fb8       data     extern E:\3.46\pic18-lt\cxx-framework\src\traditional\proc\p18f46k22.asm
            BP_read_state   0x00024b       data     extern C:\Users\Manager\MPLABXProjects\TEMS-Integrated\TIOS.c
                      BSR   0x000fe0       data     extern E:\3.46\pic18-lt\cxx-framework\src\traditional\proc\p18f46k22.asm
                   Button   0x00023e       data     extern C:\Users\Manager\MPLABXProjects\TEMS-Integrated\TIOS.c
                  CCP1CON   0x000fbd       data     extern E:\3.46\pic18-lt\cxx-framework\src\traditional\proc\p18f46k22.asm
              CCP1CONbits   0x000fbd       data     extern E:\3.46\pic18-lt\cxx-framework\src\traditional\proc\p18f46k22.asm
                   CCP2AS   0x000f64       data     extern E:\3.46\pic18-lt\cxx-framework\src\traditional\proc\p18f46k22.asm
               CCP2ASbits   0x000f64       data     extern E:\3.46\pic18-lt\cxx-framework\src\traditional\proc\p18f46k22.asm
                  CCP2CON   0x000f66       data     extern E:\3.46\pic18-lt\cxx-framework\src\traditional\proc\p18f46k22.asm
              CCP2CONbits   0x000f66       data     extern E:\3.46\pic18-lt\cxx-framework\src\traditional\proc\p18f46k22.asm
                   CCP3AS   0x000f5b       data     extern E:\3.46\pic18-lt\cxx-framework\src\traditional\proc\p18f46k22.asm
               CCP3ASbits   0x000f5b       data     extern E:\3.46\pic18-lt\cxx-framework\src\traditional\proc\p18f46k22.asm
                  CCP3CON   0x000f5d       data     extern E:\3.46\pic18-lt\cxx-framework\src\traditional\proc\p18f46k22.asm
              CCP3CONbits   0x000f5d       data     extern E:\3.46\pic18-lt\cxx-framework\src\traditional\proc\p18f46k22.asm
                  CCP4CON   0x000f57       data     extern E:\3.46\pic18-lt\cxx-framework\src\traditional\proc\p18f46k22.asm
              CCP4CONbits   0x000f57       data     extern E:\3.46\pic18-lt\cxx-framework\src\traditional\proc\p18f46k22.asm
                  CCP5CON   0x000f54       data     extern E:\3.46\pic18-lt\cxx-framework\src\traditional\proc\p18f46k22.asm
              CCP5CONbits   0x000f54       data     extern E:\3.46\pic18-lt\cxx-framework\src\traditional\proc\p18f46k22.asm
                    CCPR1   0x000fbe       data     extern E:\3.46\pic18-lt\cxx-framework\src\traditional\proc\p18f46k22.asm
                   CCPR1H   0x000fbf       data     extern E:\3.46\pic18-lt\cxx-framework\src\traditional\proc\p18f46k22.asm
                   CCPR1L   0x000fbe       data     extern E:\3.46\pic18-lt\cxx-framework\src\traditional\proc\p18f46k22.asm
                    CCPR2   0x000f67       data     extern E:\3.46\pic18-lt\cxx-framework\src\traditional\proc\p18f46k22.asm
                   CCPR2H   0x000f68       data     extern E:\3.46\pic18-lt\cxx-framework\src\traditional\proc\p18f46k22.asm
                   CCPR2L   0x000f67       data     extern E:\3.46\pic18-lt\cxx-framework\src\traditional\proc\p18f46k22.asm
                    CCPR3   0x000f5e       data     extern E:\3.46\pic18-lt\cxx-framework\src\traditional\proc\p18f46k22.asm
                   CCPR3H   0x000f5f       data     extern E:\3.46\pic18-lt\cxx-framework\src\traditional\proc\p18f46k22.asm
                   CCPR3L   0x000f5e       data     extern E:\3.46\pic18-lt\cxx-framework\src\traditional\proc\p18f46k22.asm
                    CCPR4   0x000f58       data     extern E:\3.46\pic18-lt\cxx-framework\src\traditional\proc\p18f46k22.asm
                   CCPR4H   0x000f59       data     extern E:\3.46\pic18-lt\cxx-framework\src\traditional\proc\p18f46k22.asm
                   CCPR4L   0x000f58       data     extern E:\3.46\pic18-lt\cxx-framework\src\traditional\proc\p18f46k22.asm
                    CCPR5   0x000f55       data     extern E:\3.46\pic18-lt\cxx-framework\src\traditional\proc\p18f46k22.asm
[...]
                   RC1REG   0x000fae       data     extern E:\3.46\pic18-lt\cxx-framework\src\traditional\proc\p18f46k22.asm
               RC1REGbits   0x000fae       data     extern E:\3.46\pic18-lt\cxx-framework\src\traditional\proc\p18f46k22.asm
                    RCREG   0x000fae       data     extern E:\3.46\pic18-lt\cxx-framework\src\traditional\proc\p18f46k22.asm
                SPBRGbits   0x000faf       data     extern E:\3.46\pic18-lt\cxx-framework\src\traditional\proc\p18f46k22.asm
               SPBRG1bits   0x000faf       data     extern E:\3.46\pic18-lt\cxx-framework\src\traditional\proc\p18f46k22.asm
                   SPBRG1   0x000faf       data     extern E:\3.46\pic18-lt\cxx-framework\src\traditional\proc\p18f46k22.asm
                    SPBRG   0x000faf       data     extern E:\3.46\pic18-lt\cxx-framework\src\traditional\proc\p18f46k22.asm
               SP1BRGbits   0x000faf       data     extern E:\3.46\pic18-lt\cxx-framework\src\traditional\proc\p18f46k22.asm
                   SP1BRG   0x000faf       data     extern E:\3.46\pic18-lt\cxx-framework\src\traditional\proc\p18f46k22.asm
               SPBRGHbits   0x000fb0       data     extern E:\3.46\pic18-lt\cxx-framework\src\traditional\proc\p18f46k22.asm
              SPBRGH1bits   0x000fb0       data     extern E:\3.46\pic18-lt\cxx-framework\src\traditional\proc\p18f46k22.asm
                  SPBRGH1   0x000fb0       data     extern E:\3.46\pic18-lt\cxx-framework\src\traditional\proc\p18f46k22.asm
                   SPBRGH   0x000fb0       data     extern E:\3.46\pic18-lt\cxx-framework\src\traditional\proc\p18f46k22.asm
                  SP1BRGH   0x000fb0       data     extern E:\3.46\pic18-lt\cxx-framework\src\traditional\proc\p18f46k22.asm
              SP1BRGHbits   0x000fb0       data     extern E:\3.46\pic18-lt\cxx-framework\src\traditional\proc\p18f46k22.asm
                    T3CON   0x000fb1       data     extern E:\3.46\pic18-lt\cxx-framework\src\traditional\proc\p18f46k22.asm
                T3CONbits   0x000fb1       data     extern E:\3.46\pic18-lt\cxx-framework\src\traditional\proc\p18f46k22.asm
                    TMR3L   0x000fb2       data     extern E:\3.46\pic18-lt\cxx-framework\src\traditional\proc\p18f46k22.asm
                    TMR3H   0x000fb3       data     extern E:\3.46\pic18-lt\cxx-framework\src\traditional\proc\p18f46k22.asm
                   T3GCON   0x000fb4       data     extern E:\3.46\pic18-lt\cxx-framework\src\traditional\proc\p18f46k22.asm
               T3GCONbits   0x000fb4       data     extern E:\3.46\pic18-lt\cxx-framework\src\traditional\proc\p18f46k22.asm
               ECCPASbits   0x000fb6       data     extern E:\3.46\pic18-lt\cxx-framework\src\traditional\proc\p18f46k22.asm
                   ECCPAS   0x000fb6       data     extern E:\3.46\pic18-lt\cxx-framework\src\traditional\proc\p18f46k22.asm
                  ECCP1AS   0x000fb6       data     extern E:\3.46\pic18-lt\cxx-framework\src\traditional\proc\p18f46k22.asm
              ECCP1ASbits   0x000fb6       data     extern E:\3.46\pic18-lt\cxx-framework\src\traditional\proc\p18f46k22.asm
               PWMCONbits   0x000fb7       data     extern E:\3.46\pic18-lt\cxx-framework\src\traditional\proc\p18f46k22.asm
                   PWMCON   0x000fb7       data     extern E:\3.46\pic18-lt\cxx-framework\src\traditional\proc\p18f46k22.asm
              PWM1CONbits   0x000fb7       data     extern E:\3.46\pic18-lt\cxx-framework\src\traditional\proc\p18f46k22.asm
                  PWM1CON   0x000fb7       data     extern E:\3.46\pic18-lt\cxx-framework\src\traditional\proc\p18f46k22.asm
                 BAUD1CON   0x000fb8       data     extern E:\3.46\pic18-lt\cxx-framework\src\traditional\proc\p18f46k22.asm
             BAUD1CONbits   0x000fb8       data     extern E:\3.46\pic18-lt\cxx-framework\src\traditional\proc\p18f46k22.asm
                  BAUDCON   0x000fb8       data     extern E:\3.46\pic18-lt\cxx-framework\src\traditional\proc\p18f46k22.asm
             BAUDCON1bits   0x000fb8       data     extern E:\3.46\pic18-lt\cxx-framework\src\traditional\proc\p18f46k22.asm
              BAUDCONbits   0x000fb8       data     extern E:\3.46\pic18-lt\cxx-framework\src\traditional\proc\p18f46k22.asm
                  BAUDCTL   0x000fb8       data     extern E:\3.46\pic18-lt\cxx-framework\src\traditional\proc\p18f46k22.asm
              BAUDCTLbits   0x000fb8       data     extern E:\3.46\pic18-lt\cxx-framework\src\traditional\proc\p18f46k22.asm
                 BAUDCON1   0x000fb8       data     extern E:\3.46\pic18-lt\cxx-framework\src\traditional\proc\p18f46k22.asm
                 PSTR1CON   0x000fb9       data     extern E:\3.46\pic18-lt\cxx-framework\src\traditional\proc\p18f46k22.asm
             PSTR1CONbits   0x000fb9       data     extern E:\3.46\pic18-lt\cxx-framework\src\traditional\proc\p18f46k22.asm
                  PSTRCON   0x000fb9       data     extern E:\3.46\pic18-lt\cxx-framework\src\traditional\proc\p18f46k22.asm
              PSTRCONbits   0x000fb9       data     extern E:\3.46\pic18-lt\cxx-framework\src\traditional\proc\p18f46k22.asm
                T2CONbits   0x000fba       data     extern E:\3.46\pic18-lt\cxx-framework\src\traditional\proc\p18f46k22.asm
                    T2CON   0x000fba       data     extern E:\3.46\pic18-lt\cxx-framework\src\traditional\proc\p18f46k22.asm
                      PR2   0x000fbb       data     extern E:\3.46\pic18-lt\cxx-framework\src\traditional\proc\p18f46k22.asm
                     TMR2   0x000fbc       data     extern E:\3.46\pic18-lt\cxx-framework\src\traditional\proc\p18f46k22.asm
              CCP1CONbits   0x000fbd       data     extern E:\3.46\pic18-lt\cxx-framework\src\traditional\proc\p18f46k22.asm
                  CCP1CON   0x000fbd       data     extern E:\3.46\pic18-lt\cxx-framework\src\traditional\proc\p18f46k22.asm
                    CCPR1   0x000fbe       data     extern E:\3.46\pic18-lt\cxx-framework\src\traditional\proc\p18f46k22.asm
                   CCPR1L   0x000fbe       data     extern E:\3.46\pic18-lt\cxx-framework\src\traditional\proc\p18f46k22.asm
                   CCPR1H   0x000fbf       data     extern E:\3.46\pic18-lt\cxx-framework\src\traditional\proc\p18f46k22.asm
               ADCON2bits   0x000fc0       data     extern E:\3.46\pic18-lt\cxx-framework\src\traditional\proc\p18f46k22.asm
                   ADCON2   0x000fc0       data     extern E:\3.46\pic18-lt\cxx-framework\src\traditional\proc\p18f46k22.asm
               ADCON1bits   0x000fc1       data     extern E:\3.46\pic18-lt\cxx-framework\src\traditional\proc\p18f46k22.asm
                   ADCON1   0x000fc1       data     extern E:\3.46\pic18-lt\cxx-framework\src\traditional\proc\p18f46k22.asm
               ADCON0bits   0x000fc2       data     extern E:\3.46\pic18-lt\cxx-framework\src\traditional\proc\p18f46k22.asm
                   ADCON0   0x000fc2       data     extern E:\3.46\pic18-lt\cxx-framework\src\traditional\proc\p18f46k22.asm
                    ADRES   0x000fc3       data     extern E:\3.46\pic18-lt\cxx-framework\src\traditional\proc\p18f46k22.asm
                   ADRESL   0x000fc3       data     extern E:\3.46\pic18-lt\cxx-framework\src\traditional\proc\p18f46k22.asm
                   ADRESH   0x000fc4       data     extern E:\3.46\pic18-lt\cxx-framework\src\traditional\proc\p18f46k22.asm
             SSP1CON2bits   0x000fc5       data     extern E:\3.46\pic18-lt\cxx-framework\src\traditional\proc\p18f46k22.asm
                 SSP1CON2   0x000fc5       data     extern E:\3.46\pic18-lt\cxx-framework\src\traditional\proc\p18f46k22.asm
              SSPCON2bits   0x000fc5       data     extern E:\3.46\pic18-lt\cxx-framework\src\traditional\proc\p18f46k22.asm
                  SSPCON2   0x000fc5       data     extern E:\3.46\pic18-lt\cxx-framework\src\traditional\proc\p18f46k22.asm
              SSPCON1bits   0x000fc6       data     extern E:\3.46\pic18-lt\cxx-framework\src\traditional\proc\p18f46k22.asm
                  SSPCON1   0x000fc6       data     extern E:\3.46\pic18-lt\cxx-framework\src\traditional\proc\p18f46k22.asm
             SSP1CON1bits   0x000fc6       data     extern E:\3.46\pic18-lt\cxx-framework\src\traditional\proc\p18f46k22.asm
                 SSP1CON1   0x000fc6       data     extern E:\3.46\pic18-lt\cxx-framework\src\traditional\proc\p18f46k22.asm
             SSP1STATbits   0x000fc7       data     extern E:\3.46\pic18-lt\cxx-framework\src\traditional\proc\p18f46k22.asm
                 SSP1STAT   0x000fc7       data     extern E:\3.46\pic18-lt\cxx-framework\src\traditional\proc\p18f46k22.asm
                  SSPSTAT   0x000fc7       data     extern E:\3.46\pic18-lt\cxx-framework\src\traditional\proc\p18f46k22.asm
              SSPSTATbits   0x000fc7       data     extern E:\3.46\pic18-lt\cxx-framework\src\traditional\proc\p18f46k22.asm
              SSP1ADDbits   0x000fc8       data     extern E:\3.46\pic18-lt\cxx-framework\src\traditional\proc\p18f46k22.asm
                  SSP1ADD   0x000fc8       data     extern E:\3.46\pic18-lt\cxx-framework\src\traditional\proc\p18f46k22.asm
               SSPADDbits   0x000fc8       data     extern E:\3.46\pic18-lt\cxx-framework\src\traditional\proc\p18f46k22.asm
                   SSPADD   0x000fc8       data     extern E:\3.46\pic18-lt\cxx-framework\src\traditional\proc\p18f46k22.asm
                  SSP1BUF   0x000fc9       data     extern E:\3.46\pic18-lt\cxx-framework\src\traditional\proc\p18f46k22.asm
              SSP1BUFbits   0x000fc9       data     extern E:\3.46\pic18-lt\cxx-framework\src\traditional\proc\p18f46k22.asm
               SSPBUFbits   0x000fc9       data     extern E:\3.46\pic18-lt\cxx-framework\src\traditional\proc\p18f46k22.asm
                   SSPBUF   0x000fc9       data     extern E:\3.46\pic18-lt\cxx-framework\src\traditional\proc\p18f46k22.asm
                   SSPMSK   0x000fca       data     extern E:\3.46\pic18-lt\cxx-framework\src\traditional\proc\p18f46k22.asm
               SSPMSKbits   0x000fca       data     extern E:\3.46\pic18-lt\cxx-framework\src\traditional\proc\p18f46k22.asm
              SSP1MSKbits   0x000fca       data     extern E:\3.46\pic18-lt\cxx-framework\src\traditional\proc\p18f46k22.asm
                  SSP1MSK   0x000fca       data     extern E:\3.46\pic18-lt\cxx-framework\src\traditional\proc\p18f46k22.asm
              SSPCON3bits   0x000fcb       data     extern E:\3.46\pic18-lt\cxx-framework\src\traditional\proc\p18f46k22.asm
                  SSPCON3   0x000fcb       data     extern E:\3.46\pic18-lt\cxx-framework\src\traditional\proc\p18f46k22.asm
             SSP1CON3bits   0x000fcb       data     extern E:\3.46\pic18-lt\cxx-framework\src\traditional\proc\p18f46k22.asm
                 SSP1CON3   0x000fcb       data     extern E:\3.46\pic18-lt\cxx-framework\src\traditional\proc\p18f46k22.asm
               T1GCONbits   0x000fcc       data     extern E:\3.46\pic18-lt\cxx-framework\src\traditional\proc\p18f46k22.asm
                   T1GCON   0x000fcc       data     extern E:\3.46\pic18-lt\cxx-framework\src\traditional\proc\p18f46k22.asm
                    T1CON   0x000fcd       data     extern E:\3.46\pic18-lt\cxx-framework\src\traditional\proc\p18f46k22.asm
                T1CONbits   0x000fcd       data     extern E:\3.46\pic18-lt\cxx-framework\src\traditional\proc\p18f46k22.asm
                    TMR1L   0x000fce       data     extern E:\3.46\pic18-lt\cxx-framework\src\traditional\proc\p18f46k22.asm
                    TMR1H   0x000fcf       data     extern E:\3.46\pic18-lt\cxx-framework\src\traditional\proc\p18f46k22.asm
                 RCONbits   0x000fd0       data     extern E:\3.46\pic18-lt\cxx-framework\src\traditional\proc\p18f46k22.asm
                     RCON   0x000fd0       data     extern E:\3.46\pic18-lt\cxx-framework\src\traditional\proc\p18f46k22.asm
               WDTCONbits   0x000fd1       data     extern E:\3.46\pic18-lt\cxx-framework\src\traditional\proc\p18f46k22.asm
                   WDTCON   0x000fd1       data     extern E:\3.46\pic18-lt\cxx-framework\src\traditional\proc\p18f46k22.asm
              OSCCON2bits   0x000fd2       data     extern E:\3.46\pic18-lt\cxx-framework\src\traditional\proc\p18f46k22.asm
                  OSCCON2   0x000fd2       data     extern E:\3.46\pic18-lt\cxx-framework\src\traditional\proc\p18f46k22.asm
               OSCCONbits   0x000fd3       data     extern E:\3.46\pic18-lt\cxx-framework\src\traditional\proc\p18f46k22.asm
                   OSCCON   0x000fd3       data     extern E:\3.46\pic18-lt\cxx-framework\src\traditional\proc\p18f46k22.asm
                T0CONbits   0x000fd5       data     extern E:\3.46\pic18-lt\cxx-framework\src\traditional\proc\p18f46k22.asm
                    T0CON   0x000fd5       data     extern E:\3.46\pic18-lt\cxx-framework\src\traditional\proc\p18f46k22.asm
                    TMR0L   0x000fd6       data     extern E:\3.46\pic18-lt\cxx-framework\src\traditional\proc\p18f46k22.asm
                    TMR0H   0x000fd7       data     extern E:\3.46\pic18-lt\cxx-framework\src\traditional\proc\p18f46k22.asm
                   STATUS   0x000fd8       data     extern E:\3.46\pic18-lt\cxx-framework\src\traditional\proc\p18f46k22.asm
               STATUSbits   0x000fd8       data     extern E:\3.46\pic18-lt\cxx-framework\src\traditional\proc\p18f46k22.asm
                    FSR2L   0x000fd9       data     extern E:\3.46\pic18-lt\cxx-framework\src\traditional\proc\p18f46k22.asm
                     FSR2   0x000fd9       data     extern E:\3.46\pic18-lt\cxx-framework\src\traditional\proc\p18f46k22.asm
                    FSR2H   0x000fda       data     extern E:\3.46\pic18-lt\cxx-framework\src\traditional\proc\p18f46k22.asm
                   PLUSW2   0x000fdb       data     extern E:\3.46\pic18-lt\cxx-framework\src\traditional\proc\p18f46k22.asm
                  PREINC2   0x000fdc       data     extern E:\3.46\pic18-lt\cxx-framework\src\traditional\proc\p18f46k22.asm
                 POSTDEC2   0x000fdd       data     extern E:\3.46\pic18-lt\cxx-framework\src\traditional\proc\p18f46k22.asm
                 POSTINC2   0x000fde       data     extern E:\3.46\pic18-lt\cxx-framework\src\traditional\proc\p18f46k22.asm
                    INDF2   0x000fdf       data     extern E:\3.46\pic18-lt\cxx-framework\src\traditional\proc\p18f46k22.asm
                      BSR   0x000fe0       data     extern E:\3.46\pic18-lt\cxx-framework\src\traditional\proc\p18f46k22.asm
                     FSR1   0x000fe1       data     extern E:\3.46\pic18-lt\cxx-framework\src\traditional\proc\p18f46k22.asm
                    FSR1L   0x000fe1       data     extern E:\3.46\pic18-lt\cxx-framework\src\traditional\proc\p18f46k22.asm
                    FSR1H   0x000fe2       data     extern E:\3.46\pic18-lt\cxx-framework\src\traditional\proc\p18f46k22.asm
                   PLUSW1   0x000fe3       data     extern E:\3.46\pic18-lt\cxx-framework\src\traditional\proc\p18f46k22.asm
                  PREINC1   0x000fe4       data     extern E:\3.46\pic18-lt\cxx-framework\src\traditional\proc\p18f46k22.asm
                 POSTDEC1   0x000fe5       data     extern E:\3.46\pic18-lt\cxx-framework\src\traditional\proc\p18f46k22.asm
                 POSTINC1   0x000fe6       data     extern E:\3.46\pic18-lt\cxx-framework\src\traditional\proc\p18f46k22.asm
                    INDF1   0x000fe7       data     extern E:\3.46\pic18-lt\cxx-framework\src\traditional\proc\p18f46k22.asm
                        W   0x000fe8       data     extern E:\3.46\pic18-lt\cxx-framework\src\traditional\proc\p18f46k22.asm
                     WREG   0x000fe8       data     extern E:\3.46\pic18-lt\cxx-framework\src\traditional\proc\p18f46k22.asm
                     FSR0   0x000fe9       data     extern E:\3.46\pic18-lt\cxx-framework\src\traditional\proc\p18f46k22.asm
                    FSR0L   0x000fe9       data     extern E:\3.46\pic18-lt\cxx-framework\src\traditional\proc\p18f46k22.asm
                    FSR0H   0x000fea       data     extern E:\3.46\pic18-lt\cxx-framework\src\traditional\proc\p18f46k22.asm
                   PLUSW0   0x000feb       data     extern E:\3.46\pic18-lt\cxx-framework\src\traditional\proc\p18f46k22.asm
                  PREINC0   0x000fec       data     extern E:\3.46\pic18-lt\cxx-framework\src\traditional\proc\p18f46k22.asm
                 POSTDEC0   0x000fed       data     extern E:\3.46\pic18-lt\cxx-framework\src\traditional\proc\p18f46k22.asm
                 POSTINC0   0x000fee       data     extern E:\3.46\pic18-lt\cxx-framework\src\traditional\proc\p18f46k22.asm
                    INDF0   0x000fef       data     extern E:\3.46\pic18-lt\cxx-framework\src\traditional\proc\p18f46k22.asm
                  INTCON3   0x000ff0       data     extern E:\3.46\pic18-lt\cxx-framework\src\traditional\proc\p18f46k22.asm
              INTCON3bits   0x000ff0       data     extern E:\3.46\pic18-lt\cxx-framework\src\traditional\proc\p18f46k22.asm
                  INTCON2   0x000ff1       data     extern E:\3.46\pic18-lt\cxx-framework\src\traditional\proc\p18f46k22.asm
              INTCON2bits   0x000ff1       data     extern E:\3.46\pic18-lt\cxx-framework\src\traditional\proc\p18f46k22.asm
                   INTCON   0x000ff2       data     extern E:\3.46\pic18-lt\cxx-framework\src\traditional\proc\p18f46k22.asm
               INTCONbits   0x000ff2       data     extern E:\3.46\pic18-lt\cxx-framework\src\traditional\proc\p18f46k22.asm
                     PROD   0x000ff3       data     extern E:\3.46\pic18-lt\cxx-framework\src\traditional\proc\p18f46k22.asm
                    PRODL   0x000ff3       data     extern E:\3.46\pic18-lt\cxx-framework\src\traditional\proc\p18f46k22.asm
                    PRODH   0x000ff4       data     extern E:\3.46\pic18-lt\cxx-framework\src\traditional\proc\p18f46k22.asm
                   TABLAT   0x000ff5       data     extern E:\3.46\pic18-lt\cxx-framework\src\traditional\proc\p18f46k22.asm
                  TBLPTRL   0x000ff6       data     extern E:\3.46\pic18-lt\cxx-framework\src\traditional\proc\p18f46k22.asm
                   TBLPTR   0x000ff6       data     extern E:\3.46\pic18-lt\cxx-framework\src\traditional\proc\p18f46k22.asm
                  TBLPTRH   0x000ff7       data     extern E:\3.46\pic18-lt\cxx-framework\src\traditional\proc\p18f46k22.asm
              TBLPTRUbits   0x000ff8       data     extern E:\3.46\pic18-lt\cxx-framework\src\traditional\proc\p18f46k22.asm
                  TBLPTRU   0x000ff8       data     extern E:\3.46\pic18-lt\cxx-framework\src\traditional\proc\p18f46k22.asm
                       PC   0x000ff9       data     extern E:\3.46\pic18-lt\cxx-framework\src\traditional\proc\p18f46k22.asm
                      PCL   0x000ff9       data     extern E:\3.46\pic18-lt\cxx-framework\src\traditional\proc\p18f46k22.asm
                   PCLATH   0x000ffa       data     extern E:\3.46\pic18-lt\cxx-framework\src\traditional\proc\p18f46k22.asm
                   PCLATU   0x000ffb       data     extern E:\3.46\pic18-lt\cxx-framework\src\traditional\proc\p18f46k22.asm
                   STKPTR   0x000ffc       data     extern E:\3.46\pic18-lt\cxx-framework\src\traditional\proc\p18f46k22.asm
               STKPTRbits   0x000ffc       data     extern E:\3.46\pic18-lt\cxx-framework\src\traditional\proc\p18f46k22.asm
                      TOS   0x000ffd       data     extern E:\3.46\pic18-lt\cxx-framework\src\traditional\proc\p18f46k22.asm
                     TOSL   0x000ffd       data     extern E:\3.46\pic18-lt\cxx-framework\src\traditional\proc\p18f46k22.asm
                     TOSH   0x000ffe       data     extern E:\3.46\pic18-lt\cxx-framework\src\traditional\proc\p18f46k22.asm
                     TOSU   0x000fff       data     extern E:\3.46\pic18-lt\cxx-framework\src\traditional\proc\p18f46k22.asm


